[2026-02-03T05:37:52.642Z] [START] ≡ƒÜÇ STARTING COMPREHENSIVE USER FLOW TEST
[2026-02-03T05:37:52.645Z] [INFO] Base URL: https://www.trevnoctilla.com
[2026-02-03T05:37:52.645Z] [INFO] Session ID: test_session_1770097072642
[2026-02-03T05:37:52.645Z] [STEP] 
ΓòÉΓòÉΓòÉΓòÉΓòÉΓòÉΓòÉΓòÉΓòÉΓòÉΓòÉΓòÉΓòÉΓòÉΓòÉΓòÉΓòÉΓòÉΓòÉΓòÉΓòÉΓòÉΓòÉΓòÉΓòÉΓòÉΓòÉΓòÉΓòÉΓòÉΓòÉΓòÉΓòÉΓòÉΓòÉΓòÉΓòÉΓòÉΓòÉΓòÉΓòÉΓòÉΓòÉΓòÉΓòÉΓòÉΓòÉΓòÉΓòÉΓòÉΓòÉΓòÉΓòÉΓòÉΓòÉΓòÉΓòÉΓòÉΓòÉΓòÉΓòÉΓòÉΓòÉΓòÉΓòÉΓòÉΓòÉΓòÉΓòÉΓòÉΓòÉΓòÉΓòÉΓòÉΓòÉΓòÉΓòÉΓòÉΓòÉΓòÉΓòÉΓòÉΓòÉΓòÉΓòÉΓòÉΓòÉΓòÉΓòÉΓòÉΓòÉΓòÉΓòÉΓòÉΓòÉΓòÉΓòÉΓòÉΓòÉΓòÉ
[2026-02-03T05:37:52.645Z] [STEP] STEP 1: Upload Spreadsheet
[2026-02-03T05:37:52.645Z] [STEP] ΓòÉΓòÉΓòÉΓòÉΓòÉΓòÉΓòÉΓòÉΓòÉΓòÉΓòÉΓòÉΓòÉΓòÉΓòÉΓòÉΓòÉΓòÉΓòÉΓòÉΓòÉΓòÉΓòÉΓòÉΓòÉΓòÉΓòÉΓòÉΓòÉΓòÉΓòÉΓòÉΓòÉΓòÉΓòÉΓòÉΓòÉΓòÉΓòÉΓòÉΓòÉΓòÉΓòÉΓòÉΓòÉΓòÉΓòÉΓòÉΓòÉΓòÉΓòÉΓòÉΓòÉΓòÉΓòÉΓòÉΓòÉΓòÉΓòÉΓòÉΓòÉΓòÉΓòÉΓòÉΓòÉΓòÉΓòÉΓòÉΓòÉΓòÉΓòÉΓòÉΓòÉΓòÉΓòÉΓòÉΓòÉΓòÉΓòÉΓòÉΓòÉΓòÉΓòÉΓòÉΓòÉΓòÉΓòÉΓòÉΓòÉΓòÉΓòÉΓòÉΓòÉΓòÉΓòÉΓòÉΓòÉΓòÉΓòÉΓòÉ
[2026-02-03T05:37:52.647Z] [HTTP] ≡ƒîÉ [API CALL] POST https://www.trevnoctilla.com/api/campaigns/upload
[2026-02-03T05:37:52.647Z] [HTTP]    [REQ HEADERS] {
  "Content-Type": "application/json",
  "content-type": "multipart/form-data; boundary=--------------------------779129963421683810645925"
}
[2026-02-03T05:37:52.647Z] [HTTP]    [REQ BODY] {
  "_overheadLength": 212,
  "_valueLength": 0,
  "_valuesToMeasure": [
    {
      "fd": null,
      "path": "C:\\Users\\GMNG\\Desktop\\Work\\Personal\\JUSTPDF\\test-leads.xlsx",
      "flags": "r",
      "mode": 438,
      "end": null,
      "bytesRead": 0,
      "_events": {},
      "_readableState": {
        "highWaterMark": 65536,
        "buffer": [],
        "bufferIndex": 0,
        "length": 0,
        "pipes": [],
        "awaitDrainWriters": null
      },
      "_eventsCount": 3
    }
  ],
  "writable": false,
  "readable": true,
  "dataSize": 0,
  "maxDataSize": 2097152,
  "pauseStreams": true,
  "_released": false,
  "_streams": [
    "----------------------------779129963421683810645925\r\nContent-Disposition: form-data; name=\"file\"; filename=\"test-leads.xlsx\"\r\nContent-Type: application/vnd.openxmlformats-officedocument.spreadsheetml.sheet\r\n\r\n",
    {
      "source": {
        "fd": null,
        "path": "C:\\Users\\GMNG\\Desktop\\Work\\Personal\\JUSTPDF\\test-leads.xlsx",
        "flags": "r",
        "mode": 438,
        "end": null,
        "bytesRead": 0,
        "_events": {},
        "_readableState": {
          "highWaterMark": 65536,
          "buffer": [],
          "bufferIndex": 0,
          "length": 0,
          "pipes": [],
          "awaitDrainWriters": null
        },
        "_eventsCount": 3
      },
      "dataSize": 0,
      "maxDataSize": null,
      "pauseStream": true,
      "_maxDataSizeExceeded": false,
      "_released": false,
      "_bufferedEvents": [
        {
          "0": "pause"
        }
      ],
      "_events": {},
      "_eventsCount": 1
    },
    null
  ],
  "_currentStream": null,
  "_insideLoop": false,
  "_pendingNext": false,
  "_boundary": "--------------------------779129963421683810645925"
}
[2026-02-03T05:37:55.943Z] [HTTP] ≡ƒôÑ [API RESPONSE] Status: 200 (2288ms)
[2026-02-03T05:37:55.945Z] [HTTP]    [RES BODY] {
  "success": true,
  "message": "File uploaded and validated successfully",
  "data": {
    "filename": "test-leads.xlsx",
    "size": 288927,
    "rows": [
      {
        "company_name": "Trevnoctilla",
        "website_url": "https://www.trevnoctilla.com/",
        "column_5": "josh.reeves@2020innovation.com",
        "phone": "",
        "column_7": "",
        "column_8": "http://www.linkedin.com/in/josh-reeves-b786aa6a",
        "column_11": "http://www.linkedin.com/company/2020-innovation",
        "column_12": "",
        "column_13": "",
        "column_27": "",
        "column_28": ""
      },
      {
        "company_name": "United Kingdom",
        "website_url": "https://www.trevnoctilla.com/",
        "column_5": "",
        "phone": "",
        "column_7": "",
        "column_8": "http://www.linkedin.com/in/clare-page-54a49a187",
        "column_11": "http://www.linkedin.com/company/3line-electrical-wholesale-ltd.",
        "column_12": "",
        "column_13": "",
        "column_27": "",
        "column_28": ""
      },
      {
        "company_name": "United Kingdom",
        "website_url": "https://www.trevnoctilla.com/",
        "column_5": "",
        "phone": "They are not online",
        "column_7": "",
        "column_8": "http://www.linkedin.com/in/samantha-avenell-9010a457",
        "column_11": "http://www.linkedin.com/company/3line-electrical-wholesale-ltd.",
        "column_12": "",
        "column_13": "",
        "column_27": "",
        "column_28": ""
      },
      {
        "company_name": "England",
        "website_url": "https://www.trevnoctilla.com/",
        "column_5": "andy@modelshop.co.uk",
        "phone": "2583000",
        "column_7": "",
        "column_8": "http://www.linkedin.com/in/andy-feron-a688673b",
        "column_11": "http://www.linkedin.com/company/4d-modelshop-ltd",
        "column_12": "https://www.facebook.com/4Dmodelshop/",
        "column_13": "https://twitter.com/4Dmodelshop",
        "column_27": "",
        "column_28": ""
      },
      {
        "company_name": "Trevnoctilla",
        "website_url": "https://www.trevnoctilla.com/",
        "column_5": "",
        "phone": "",
        "column_7": "",
        "column_8": "http://www.linkedin.com/in/yukari-ohno-483089aa",
        "column_11": "http://www.linkedin.com/company/7-core-electrical-wholesale-ltd",
        "column_12": "https://www.facebook.com/7coreelectrical/",
        "column_13": "",
        "column_27": "",
        "column_28": ""
      },
      {
        "company_name": "England",
        "website_url": "https://www.trevnoctilla.com/",
        "column_5": "darren@80scasualclassics.co.uk",
        "phone": "4954000",
        "column_7": "",
        "column_8": "http://www.linkedin.com/in/darren-powell-ba-hons-1a43246b",
        "column_11": "http://www.linkedin.com/company/80s-casual-classics-ltd",
        "column_12": "https://www.facebook.com/80scasualclassics",
        "column_13": "https://twitter.com/casualclassics",
        "column_27": "",
        "column_28": ""
      },
      {
        "company_name": "England",
        "website_url": "https://lymn.co.uk",
        "column_5": "emma.collins@lymn.co.uk",
        "phone": "13485000",
        "column_7": "",
        "column_8": "http://www.linkedin.com/in/emma-collins-4a444278",
        "column_11": "http://www.linkedin.com/company/a.w.lymn-the-family-funeral-service-limited",
        "column_12": "",
        "column_13": "",
        "column_27": "Deadline",
        "column_28": ""
      },
      {
        "company_name": "England",
        "website_url": "https://ubbspouches.com",
        "column_5": "benedict@ubbspouches.com",
        "phone": "",
        "column_7": "",
        "column_8": "http://www.linkedin.com/in/benedict-c-jones",
        "column_11": "http://www.linkedin.com/company/%c3%bcbbs-pouches",
        "column_12": "",
        "column_13": "",
        "column_27": "",
        "column_28": ""
      },
      {
        "company_name": "United Kingdom",
        "website_url": "https://a2zcreatorz.com",
        "column_5": "",
        "phone": "",
        "column_7": "",
        "column_8": "http://www.linkedin.com/in/angelique-elia-784215195",
        "column_11": "http://www.linkedin.com/company/a2z-creatorz",
        "column_12": "https://facebook.com/a2zcreatorz",
        "column_13": "https://twitter.com/A2ZCREATORZ",
        "column_27": "",
        "column_28": ""
      },
      {
        "company_name": "England",
        "website_url": "https://aabyss.uk",
        "column_5": "aaron.hayes@aabyss.uk",
        "phone": "",
        "column_7": "",
        "column_8": "http://www.linkedin.com/in/aaron-hayes-chartered-marketer",
        "column_11": "http://www.linkedin.com/company/aabysstech",
        "column_12": "https://www.facebook.com/aabysstech",
        "column_13": "https://twitter.com/aabysstech",
        "column_27": "",
        "column_28": ""
      },
      {
        "company_name": "England",
        "website_url": "https://abbeycolleges.co.uk",
        "column_5": "john.menzies@abbeydld.co.uk",
        "phone": "",
        "column_7": "",
        "column_8": "http://www.linkedin.com/in/johnmenzies1",
        "column_11": "http://www.linkedin.com/company/abbey-dld-colleges-group",
        "column_12": "",
        "column_13": "https://twitter.com/abbeycolleges",
        "column_27": "",
        "column_28": ""
      },
      {
        "company_name": "England",
        "website_url": "https://abbeymat.co.uk",
        "column_5": "amanda.snowdon@abbeytrust.org",
        "phone": "",
        "column_7": "",
        "column_8": "http://www.linkedin.com/in/amandasnowdon",
        "column_11": "http://www.linkedin.com/company/abbey-multi-academy-trust",
        "column_12": "https://www.facebook.com/AbbeyMulti/",
        "column_13": "",
        "column_27": "Not intrested",
        "column_28": ""
      },
      {
        "company_name": "England",
        "website_url": "https://able-training.co.uk",
        "column_5": "",
        "phone": "473000",
        "column_7": "",
        "column_8": "http://www.linkedin.com/in/paulina-patel",
        "column_11": "http://www.linkedin.com/company/able-training-ltd-",
        "column_12": "https://facebook.com/pages/ABLE-Training/8370433719",
        "column_13": "https://twitter.com/abletraining",
        "column_27": "",
        "column_28": ""
      },
      {
        "company_name": "England",
        "website_url": "https://abodusstudents.com",
        "column_5": "samsmith@aboduscm.com",
        "phone": "",
        "column_7": "",
        "column_8": "http://www.linkedin.com/in/sam-smith-7a528190",
        "column_11": "http://www.linkedin.com/company/abodusstudentliving",
        "column_12": "https://www.facebook.com/abodusstudents/",
        "column_13": "",
        "column_27": "",
        "column_28": ""
      },
      {
        "company_name": "England",
        "website_url": "https://abundanceinvestment.com",
        "column_5": "matt@abundanceinvestment.com",
        "phone": "10000000",
        "column_7": "",
        "column_8": "http://www.linkedin.com/in/matt-reeves-8a303b13",
        "column_11": "http://www.linkedin.com/company/abundance",
        "column_12": "https://www.facebook.com/AbundanceInvestment/",
        "column_13": "https://twitter.com/abundanceinv",
        "column_27": "VM",
        "column_28": ""
      },
      {
        "company_name": "United Kingdom",
        "website_url": "https://acaioutdoorwear.com",
        "column_5": "helena-m@acaioutdoorwear.com",
        "phone": "",
        "column_7": "",
        "column_8": "http://www.linkedin.com/in/helen-aye-maung-69693556",
        "column_11": "http://www.linkedin.com/company/acai-outdoorwear-ltd",
        "column_12": "https://facebook.com/ACAIOutdoorwear/",
        "column_13": "https://twitter.com/ACAIOutdoorwear",
        "column_27": "",
        "column_28": ""
      },
      {
        "company_name": "44 800 668 1350",
        "website_url": "https://acastaeurope.co.uk",
        "column_5": "ellie.bower@acastaeurope.co.uk",
        "phone": "",
        "column_7": "",
        "column_8": "http://www.linkedin.com/in/ellie-bower",
        "column_11": "http://www.linkedin.com/company/acastaeurope",
        "column_12": "",
        "column_13": "https://twitter.com/acastaeurope",
        "column_27": "",
        "column_28": ""
      },
      {
        "company_name": "England",
        "website_url": "https://accelerateme.co",
        "column_5": "deniz@accelerateme.co",
        "phone": "",
        "column_7": "",
        "column_8": "http://www.linkedin.com/in/deniz-sarli",
        "column_11": "http://www.linkedin.com/company/acceleratemecomcr",
        "column_12": "",
        "column_13": "https://twitter.com/m_entrepreneurs",
        "column_27": "",
        "column_28": ""
      },
      {
        "company_name": "England",
        "website_url": "https://accelercomm.com",
        "column_5": "barry.graham@accelercomm.com",
        "phone": "5500000",
        "column_7": "",
        "column_8": "http://www.linkedin.com/in/barrygrahamproductmanagement",
        "column_11": "http://www.linkedin.com/company/accelercomm-ltd",
        "column_12": "https://facebook.com/AccelerComm/?fref=mentions",
        "column_13": "https://twitter.com/AccelerComm",
        "column_27": "no answer",
        "column_28": ""
      },
      {
        "company_name": "44 844 740 2381",
        "website_url": "https://acg.co.uk",
        "column_5": "liamcowling@accidentcreditgroup.co.uk",
        "phone": "",
        "column_7": "",
        "column_8": "http://www.linkedin.com/in/liamcowling",
        "column_11": "http://www.linkedin.com/company/accident-credit-group-ltd",
        "column_12": "https://facebook.com/pages/ACG-Ltd/181989698520718",
        "column_13": "https://twitter.com/acgltd",
        "column_27": "",
        "column_28": ""
      },
      {
        "company_name": "England",
        "website_url": "https://accommodationforstudents.com",
        "column_5": "david.sweeney@accommodationforstudents.com",
        "phone": "7453000",
        "column_7": "",
        "column_8": "http://www.linkedin.com/in/david-sweeney-a26b2124",
        "column_11": "http://www.linkedin.com/company/accommodation-for-students-limited",
        "column_12": "https://facebook.com/accommodation4students",
        "column_13": "https://twitter.com/accomforstudent",
        "column_27": "",
        "column_28": ""
      },
      {
        "company_name": "United Kingdom",
        "website_url": "https://accountantsplus.net",
        "column_5": "david.charles@accountantsplus.net",
        "phone": "VM",
        "column_7": "",
        "column_8": "http://www.linkedin.com/in/davidcharlesconsultancy",
        "column_11": "http://www.linkedin.com/company/accountants-plus-hamilton",
        "column_12": "",
        "column_13": "",
        "column_27": "",
        "column_28": ""
      },
      {
        "company_name": "United Kingdom",
        "website_url": "https://acetraining.co.uk",
        "column_5": "gemma@acetraining.co.uk",
        "phone": "",
        "column_7": "",
        "column_8": "http://www.linkedin.com/in/gemma-scrivener-a18464132",
        "column_11": "http://www.linkedin.com/company/ace-training-consultancy-ltd",
        "column_12": "https://www.facebook.com/AceTrainingLtd",
        "column_13": "https://twitter.com/training_ace",
        "column_27": "",
        "column_28": ""
      },
      {
        "company_name": "England",
        "website_url": "https://actionfunder.org",
        "column_5": "bee@actionfunder.org",
        "phone": "",
        "column_7": "",
        "column_8": "http://www.linkedin.com/in/bee-kearns-339923107",
        "column_11": "http://www.linkedin.com/company/actionfunder",
        "column_12": "",
        "column_13": "",
        "column_27": "",
        "column_28": ""
      },
      {
        "company_name": "England",
        "website_url": "https://alet.org.uk",
        "column_5": "stacey.honnor@alet.org.uk",
        "phone": "",
        "column_7": "",
        "column_8": "http://www.linkedin.com/in/staceyhonnor",
        "column_11": "http://www.linkedin.com/company/activate-learning-education-trust",
        "column_12": "https://www.facebook.com/UTCHeathrow/",
        "column_13": "https://twitter.com/HeathrowUtc",
        "column_27": "",
        "column_28": ""
      },
      {
        "company_name": "Wales",
        "website_url": "https://acutetrainingsolutions.co.uk",
        "column_5": "neil@acutetrainingsolutions.co.uk",
        "phone": "",
        "column_7": "",
        "column_8": "http://www.linkedin.com/in/neil-osgood-95a04760",
        "column_11": "http://www.linkedin.com/company/atsltd",
        "column_12": "",
        "column_13": "",
        "column_27": "",
        "column_28": ""
      },
      {
        "company_name": "England",
        "website_url": "https://adapt-training.co.uk",
        "column_5": "mark@adapt-training.co.uk",
        "phone": "3800000",
        "column_7": "",
        "column_8": "http://www.linkedin.com/in/mark-voakes-afi",
        "column_11": "http://www.linkedin.com/company/adaptuk",
        "column_12": "https://facebook.com/pages/Adapt-UK-Training/600982939992464",
        "column_13": "https://twitter.com/adaptuktraining",
        "column_27": "",
        "column_28": ""
      },
      {
        "company_name": "Wales",
        "website_url": "https://adaptcommercialcleaning.com",
        "column_5": "joel.mullins@adaptcommercialcleaning.com",
        "phone": "",
        "column_7": "",
        "column_8": "http://www.linkedin.com/in/joel-mullins-501a7359",
        "column_11": "http://www.linkedin.com/company/adapt-commercial-cleaning",
        "column_12": "",
        "column_13": "",
        "column_27": "",
        "column_28": ""
      },
      {
        "company_name": "England",
        "website_url": "https://addcom-it.co.uk",
        "column_5": "",
        "phone": "",
        "column_7": "",
        "column_8": "http://www.linkedin.com/in/sarah-berger-9815a0147",
        "column_11": "http://www.linkedin.com/company/addcom-it",
        "column_12": "",
        "column_13": "",
        "column_27": "",
        "column_28": ""
      },
      {
        "company_name": "England",
        "website_url": "https://additionallengths.co.uk",
        "column_5": "",
        "phone": "4379000",
        "column_7": "",
        "column_8": "http://www.linkedin.com/in/laura-proctor-0137546b",
        "column_11": "http://www.linkedin.com/company/additional-lengths",
        "column_12": "https://www.facebook.com/additionallengthshairextensions/",
        "column_13": "https://www.twitter.com/addlengths",
        "column_27": "",
        "column_28": ""
      },
      {
        "company_name": "United Kingdom",
        "website_url": "https://adepteq.com",
        "column_5": "sahana.ramlugan@adepteq.com",
        "phone": "VM",
        "column_7": "",
        "column_8": "http://www.linkedin.com/in/sahanaramlugan",
        "column_11": "http://www.linkedin.com/company/adepteq-ltd",
        "column_12": "https://facebook.com/adepteq",
        "column_13": "https://twitter.com/adepteq",
        "column_27": "",
        "column_28": ""
      },
      {
        "company_name": "England",
        "website_url": "https://advancedcca.co.uk",
        "column_5": "connie@advancedcca.co.uk",
        "phone": "",
        "column_7": "",
        "column_8": "http://www.linkedin.com/in/connie-cowell",
        "column_11": "http://www.linkedin.com/company/advanced-cca",
        "column_12": "",
        "column_13": "https://twitter.com/Advanced_CCA",
        "column_27": "",
        "column_28": ""
      },
      {
        "company_name": "England",
        "website_url": "https://aeromark.co.uk",
        "column_5": "kayf@aeromark.co.uk",
        "phone": "102000",
        "column_7": "",
        "column_8": "http://www.linkedin.com/in/kay-fellows-02abb811",
        "column_11": "http://www.linkedin.com/company/aeromark-ltd",
        "column_12": "https://facebook.com/pages/Aeromark-Ltd/308352262533297",
        "column_13": "https://twitter.com/AeromarkLtd",
        "column_27": "",
        "column_28": ""
      },
      {
        "company_name": "Scotland",
        "website_url": "https://affordablegolf.co.uk",
        "column_5": "louise.blair@affordablegolf.co.uk",
        "phone": "250000",
        "column_7": "",
        "column_8": "http://www.linkedin.com/in/louise-blair-71a2a8196",
        "column_11": "http://www.linkedin.com/company/affordablegolf",
        "column_12": "https://facebook.com/affordablegolf",
        "column_13": "https://twitter.com/affordablegolf",
        "column_27": "",
        "column_28": ""
      },
      {
        "company_name": "United Kingdom",
        "website_url": "https://agentos.com",
        "column_5": "amy@agentos.com",
        "phone": "VM",
        "column_7": "",
        "column_8": "http://www.linkedin.com/in/amy-hansen-b47b502a",
        "column_11": "http://www.linkedin.com/company/agentos-com",
        "column_12": "",
        "column_13": "https://twitter.com/letmc",
        "column_27": "",
        "column_28": ""
      },
      {
        "company_name": "Ailsa",
        "website_url": "https://ailsa.io",
        "column_5": "",
        "phone": "",
        "column_7": "",
        "column_8": "http://www.linkedin.com/in/neil-bruce-84649711",
        "column_11": "http://www.linkedin.com/company/ailsatech",
        "column_12": "",
        "column_13": "",
        "column_27": "",
        "column_28": ""
      },
      {
        "company_name": "England",
        "website_url": "https://aimsmarter.co.uk",
        "column_5": "amy.johnson@aimsmarter.co.uk",
        "phone": "",
        "column_7": "",
        "column_8": "http://www.linkedin.com/in/amy-johnson-6b3a8864",
        "column_11": "http://www.linkedin.com/company/aimsmarter",
        "column_12": "https://www.facebook.com/draytongifts",
        "column_13": "https://twitter.com/draytongifts",
        "column_27": "",
        "column_28": ""
      },
      {
        "company_name": "England",
        "website_url": "https://airpowerproducts.co.uk",
        "column_5": "louise@airpowerproducts.co.uk",
        "phone": "10141000",
        "column_7": "",
        "column_8": "http://www.linkedin.com/in/louise-elizabeth-d-6a41b924",
        "column_11": "http://www.linkedin.com/company/air-power-products-ltd",
        "column_12": "https://facebook.com/airpowerproducts",
        "column_13": "https://twitter.com/airtoolrepair",
        "column_27": "",
        "column_28": ""
      },
      {
        "company_name": "England",
        "website_url": "https://air-sys.uk",
        "column_5": "madelyn.haycock@air-sys.uk",
        "phone": "",
        "column_7": "",
        "column_8": "http://www.linkedin.com/in/madelyn-haycock",
        "column_11": "http://www.linkedin.com/company/airsys-uk",
        "column_12": "https://facebook.com/airsysuk",
        "column_13": "",
        "column_27": "",
        "column_28": ""
      },
      {
        "company_name": "England",
        "website_url": "https://investcentre.co.uk",
        "column_5": "jemma.hook-leake@ajbell.co.uk",
        "phone": "",
        "column_7": "",
        "column_8": "http://www.linkedin.com/in/jemma-hook-leake-8971ab196",
        "column_11": "http://www.linkedin.com/company/aj-bell-investcentre",
        "column_12": "",
        "column_13": "https://twitter.com/Investcentre",
        "column_27": "",
        "column_28": ""
      },
      {
        "company_name": "England",
        "website_url": "https://akonitechnologies.co.uk",
        "column_5": "francesca.perryman@akonitechnologies.co.uk",
        "phone": "",
        "column_7": "",
        "column_8": "http://www.linkedin.com/in/francescaperryman",
        "column_11": "http://www.linkedin.com/company/akoni-technologies",
        "column_12": "",
        "column_13": "",
        "column_27": "",
        "column_28": ""
      },
      {
        "company_name": "England",
        "website_url": "https://albinandco.co.uk",
        "column_5": "karlasims@albinandco.co.uk",
        "phone": "",
        "column_7": "",
        "column_8": "http://www.linkedin.com/in/karla-sims-22a543205",
        "column_11": "http://www.linkedin.com/company/albin-&-co-ltd",
        "column_12": "",
        "column_13": "",
        "column_27": "",
        "column_28": ""
      },
      {
        "company_name": "Bicester",
        "website_url": "https://alces-flight.com",
        "column_5": "AI and HPC Communications",
        "phone": "44 186 924 9065",
        "column_7": "+44 785 231 6488",
        "column_8": "",
        "column_11": "information technology & services",
        "column_12": "http://www.linkedin.com/company/alces-flight",
        "column_13": "https://www.facebook.com/profile.php",
        "column_27": "1200000",
        "column_28": "VM"
      },
      {
        "company_name": "England",
        "website_url": "https://alectrofag.co.uk",
        "column_5": "",
        "phone": "",
        "column_7": "",
        "column_8": "http://www.linkedin.com/in/carolyn-harvey-7a665616a",
        "column_11": "http://www.linkedin.com/company/alectrofag-e-cig-shop",
        "column_12": "https://facebook.com/alectrofag.VapeUK/",
        "column_13": "https://twitter.com/Alectrofag",
        "column_27": "",
        "column_28": ""
      },
      {
        "company_name": "England",
        "website_url": "https://alison-law.co.uk",
        "column_5": "adnaank@alison-law.co.uk",
        "phone": "",
        "column_7": "",
        "column_8": "http://www.linkedin.com/in/adnaan-kazi-573398258",
        "column_11": "http://www.linkedin.com/company/alison-law-solicitors-llp",
        "column_12": "https://www.facebook.com/alisonlawsolicitors/",
        "column_13": "https://twitter.com/alisonlaw_sols",
        "column_27": "No long work there",
        "column_28": ""
      },
      {
        "company_name": "England",
        "website_url": "https://alison-law.co.uk",
        "column_5": "",
        "phone": "",
        "column_7": "",
        "column_8": "http://www.linkedin.com/in/bruna-marques-29230a328",
        "column_11": "http://www.linkedin.com/company/alison-law-solicitors-llp",
        "column_12": "https://www.facebook.com/alisonlawsolicitors/",
        "column_13": "https://twitter.com/alisonlaw_sols",
        "column_27": "",
        "column_28": ""
      },
      {
        "company_name": "Royal Leamington Spa",
        "website_url": "https://allcottassociates.co.uk",
        "column_5": "Marketing",
        "phone": "44 333 200 7198",
        "column_7": "+44 750 654 9367",
        "column_8": "",
        "column_11": "real estate",
        "column_12": "http://www.linkedin.com/company/allcott-associates-llp",
        "column_13": "https://facebook.com/AllcottAssociates",
        "column_27": "3079000",
        "column_28": ""
      },
      {
        "company_name": "Scotland",
        "website_url": "https://almisinternational.com",
        "column_5": "j.duncan@almis.co.uk",
        "phone": "",
        "column_7": "",
        "column_8": "http://www.linkedin.com/in/julie-duncan100",
        "column_11": "http://www.linkedin.com/company/almis-international-ltd",
        "column_12": "",
        "column_13": "https://twitter.com/almis_int",
        "column_27": "",
        "column_28": ""
      },
      {
        "company_name": "England",
        "website_url": "https://aluminiumfiresystems.com",
        "column_5": "",
        "phone": "",
        "column_7": "",
        "column_8": "http://www.linkedin.com/in/jack-hurley-6b5953387",
        "column_11": "http://www.linkedin.com/company/aluminiumfiresystems",
        "column_12": "",
        "column_13": "",
        "column_27": "",
        "column_28": ""
      },
      {
        "company_name": "44 20 3417 4265",
        "website_url": "https://amarti.io",
        "column_5": "mat@amarti.io",
        "phone": "",
        "column_7": "",
        "column_8": "http://www.linkedin.com/in/matmurray",
        "column_11": "http://www.linkedin.com/company/amarti",
        "column_12": "",
        "column_13": "",
        "column_27": "",
        "column_28": ""
      },
      {
        "company_name": "Scotland",
        "website_url": "https://ambassador-group.co.uk",
        "column_5": "viafrate@ambassador-group.co.uk",
        "phone": "",
        "column_7": "",
        "column_8": "http://www.linkedin.com/in/vivi-iafrate-491572119",
        "column_11": "http://www.linkedin.com/company/ambassador-group-uk",
        "column_12": "",
        "column_13": "",
        "column_27": "",
        "column_28": ""
      },
      {
        "company_name": "England",
        "website_url": "https://amdgholdings.co.uk",
        "column_5": "clare.macdonald@amdgholdings.co.uk",
        "phone": "",
        "column_7": "",
        "column_8": "http://www.linkedin.com/in/clare-macdonald-b3768669",
        "column_11": "http://www.linkedin.com/company/amdg-holdings",
        "column_12": "",
        "column_13": "",
        "column_27": "",
        "column_28": ""
      },
      {
        "company_name": "Wales",
        "website_url": "https://amplyfi.com",
        "column_5": "emma.russell@amplyfigroup.com",
        "phone": "3500000",
        "column_7": "",
        "column_8": "http://www.linkedin.com/in/emma-russell-67852510",
        "column_11": "http://www.linkedin.com/company/amplyfi",
        "column_12": "",
        "column_13": "",
        "column_27": "",
        "column_28": ""
      },
      {
        "company_name": "United Kingdom",
        "website_url": "https://ancientwisdom.biz",
        "column_5": "katka@ancientwisdom.biz",
        "phone": "",
        "column_7": "",
        "column_8": "http://www.linkedin.com/in/katka-buchy-b3377133",
        "column_11": "http://www.linkedin.com/company/ancient-wisdom-marketing-ltd",
        "column_12": "https://www.facebook.com/AncientWisdom.biz",
        "column_13": "https://twitter.com/awnews",
        "column_27": "",
        "column_28": ""
      },
      {
        "company_name": "United Kingdom",
        "website_url": "https://ancientwisdom.biz",
        "column_5": "rodrigo@ancientwisdom.biz",
        "phone": "",
        "column_7": "",
        "column_8": "http://www.linkedin.com/in/rodrigo-pereira-8451b498",
        "column_11": "http://www.linkedin.com/company/ancient-wisdom-marketing-ltd",
        "column_12": "https://www.facebook.com/AncientWisdom.biz",
        "column_13": "https://twitter.com/awnews",
        "column_27": "",
        "column_28": ""
      },
      {
        "company_name": "England",
        "website_url": "https://annington.co.uk",
        "column_5": "stacyw@annington.co.uk",
        "phone": "10000000",
        "column_7": "",
        "column_8": "http://www.linkedin.com/in/stacy-whitehead-14bb6920a",
        "column_11": "http://www.linkedin.com/company/annington",
        "column_12": "",
        "column_13": "https://twitter.com/anningtonhomes",
        "column_27": "",
        "column_28": ""
      },
      {
        "company_name": "44 161 494 1345",
        "website_url": "https://antala.uk",
        "column_5": "linzimaclaren@antala.com",
        "phone": "",
        "column_7": "",
        "column_8": "http://www.linkedin.com/in/linzi-maclaren-16b50b203",
        "column_11": "http://www.linkedin.com/company/antala-ltd-",
        "column_12": "",
        "column_13": "",
        "column_27": "",
        "column_28": ""
      },
      {
        "company_name": "England",
        "website_url": "https://apexcomputing.co.uk",
        "column_5": "rachael.mckenzie@apexcomputing.co.uk",
        "phone": "6000000",
        "column_7": "",
        "column_8": "http://www.linkedin.com/in/rachaelmckenzie",
        "column_11": "http://www.linkedin.com/company/apex-computing-services-ltd",
        "column_12": "https://facebook.com/ApexComputing",
        "column_13": "https://twitter.com/apexcompltd?lang=en",
        "column_27": "",
        "column_28": ""
      },
      {
        "company_name": "Scotland",
        "website_url": "https://appetite.business",
        "column_5": "pgreene@appetiteforbusiness.com",
        "phone": "",
        "column_7": "",
        "column_8": "http://www.linkedin.com/in/paul-greene-8b210541",
        "column_11": "http://www.linkedin.com/company/appetiteforbusiness",
        "column_12": "",
        "column_13": "",
        "column_27": "",
        "column_28": ""
      },
      {
        "company_name": "England",
        "website_url": "https://appliansys.com",
        "column_5": "inamari.neethling@appliansys.com",
        "phone": "13352000",
        "column_7": "",
        "column_8": "http://www.linkedin.com/in/inamari-neethling-917b28236",
        "column_11": "http://www.linkedin.com/company/appliansys",
        "column_12": "https://www.facebook.com/appliansys/",
        "column_13": "https://twitter.com/appliansys",
        "column_27": "",
        "column_28": ""
      },
      {
        "company_name": "England",
        "website_url": "https://appliansys.com",
        "column_5": "chris.newman@appliansys.com",
        "phone": "13352000",
        "column_7": "",
        "column_8": "http://www.linkedin.com/in/chris-newman-4059a239",
        "column_11": "http://www.linkedin.com/company/appliansys",
        "column_12": "https://www.facebook.com/appliansys/",
        "column_13": "https://twitter.com/appliansys",
        "column_27": "",
        "column_28": ""
      },
      {
        "company_name": "Scotland",
        "website_url": "https://appointedd.com",
        "column_5": "stewart@appointedd.com",
        "phone": "4420000",
        "column_7": "",
        "column_8": "http://www.linkedin.com/in/stewart-donaldson",
        "column_11": "http://www.linkedin.com/company/appointedd",
        "column_12": "https://www.facebook.com/appointedd/",
        "column_13": "https://twitter.com/appointedd",
        "column_27": "",
        "column_28": ""
      },
      {
        "company_name": "England",
        "website_url": "https://appsforgood.org",
        "column_5": "laura.andrews@appsforgood.org",
        "phone": "5288000",
        "column_7": "",
        "column_8": "http://www.linkedin.com/in/laura-madeleine-andrews-28406a4b",
        "column_11": "http://www.linkedin.com/company/cdi-apps-for-good",
        "column_12": "https://www.facebook.com/appsforgood/",
        "column_13": "https://twitter.com/appsforgoodcdi",
        "column_27": "",
        "column_28": ""
      },
      {
        "company_name": "Scotland",
        "website_url": "https://arbnco.co.uk",
        "column_5": "lmcquade@arbnco.com",
        "phone": "",
        "column_7": "",
        "column_8": "http://www.linkedin.com/in/laura-mcquade",
        "column_11": "http://www.linkedin.com/company/arbnco",
        "column_12": "https://facebook.com/arbnco",
        "column_13": "https://twitter.com/arbnco",
        "column_27": "",
        "column_28": ""
      },
      {
        "company_name": "England",
        "website_url": "https://theartclick.com",
        "column_5": "pepe@theartclick.com",
        "phone": "",
        "column_7": "",
        "column_8": "http://www.linkedin.com/in/pepe-al-273985258",
        "column_11": "http://www.linkedin.com/company/art-click",
        "column_12": "https://www.facebook.com/people/Art-Click/100083088984312/",
        "column_13": "",
        "column_27": "",
        "column_28": ""
      },
      {
        "company_name": "United Kingdom",
        "website_url": "https://zappaty.com",
        "column_5": "darrenc@zappaty.com",
        "phone": "",
        "column_7": "",
        "column_8": "http://www.linkedin.com/in/darrencairns",
        "column_11": "http://www.linkedin.com/company/zappaty",
        "column_12": "",
        "column_13": "",
        "column_27": "",
        "column_28": ""
      },
      {
        "company_name": "Scotland",
        "website_url": "https://asanti.com",
        "column_5": "emma.lauchlan@asanti.com",
        "phone": "",
        "column_7": "",
        "column_8": "http://www.linkedin.com/in/emmaeboyle",
        "column_11": "http://www.linkedin.com/company/asanti-datacentres-limited",
        "column_12": "",
        "column_13": "",
        "column_27": "",
        "column_28": ""
      },
      {
        "company_name": "Ascendx",
        "website_url": "https://ascendx.cloud",
        "column_5": "amy.grenham@ascendx.cloud",
        "phone": "",
        "column_7": "",
        "column_8": "http://www.linkedin.com/in/amygrenham",
        "column_11": "http://www.linkedin.com/company/ascendx-cloud",
        "column_12": "",
        "column_13": "",
        "column_27": "",
        "column_28": ""
      },
      {
        "company_name": "Scotland",
        "website_url": "https://asiascot.com",
        "column_5": "andrew@asiascot.com",
        "phone": "",
        "column_7": "",
        "column_8": "http://www.linkedin.com/in/andrew-brotherston-30233b123",
        "column_11": "http://www.linkedin.com/company/asia-scotland-institute",
        "column_12": "https://www.facebook.com/asiascotland",
        "column_13": "https://twitter.com/AsiaScotlandIns",
        "column_27": "",
        "column_28": ""
      },
      {
        "company_name": "England",
        "website_url": "https://askporter.com",
        "column_5": "elissavet.perperidou@askporter.com",
        "phone": "4000000",
        "column_7": "",
        "column_8": "http://www.linkedin.com/in/elisavet-perperidou9",
        "column_11": "http://www.linkedin.com/company/askporter",
        "column_12": "https://facebook.com/askporterai",
        "column_13": "https://twitter.com/justaskporter",
        "column_27": "",
        "column_28": ""
      },
      {
        "company_name": "England",
        "website_url": "https://aspenwoolf.co.uk",
        "column_5": "",
        "phone": "1444000",
        "column_7": "",
        "column_8": "http://www.linkedin.com/in/rachel-smithe-641356139",
        "column_11": "http://www.linkedin.com/company/aspen-woolf-europe",
        "column_12": "https://www.facebook.com/AspenWoolfEurope",
        "column_13": "https://twitter.com/aspenwoolf",
        "column_27": "",
        "column_28": ""
      },
      {
        "company_name": "England",
        "website_url": "https://assisi-vet-system.co.uk",
        "column_5": "caroline.wood@certustg.com",
        "phone": "",
        "column_7": "",
        "column_8": "http://www.linkedin.com/in/caroline-wood-b3b9759",
        "column_11": "http://www.linkedin.com/company/assisi-vet-system",
        "column_12": "https://facebook.com/pages/category/Software-Company/Assisi-Veterinary-System-103336477885715/",
        "column_13": "https://twitter.com/assisivetsystem?lang=en",
        "column_27": "",
        "column_28": ""
      },
      {
        "company_name": "England",
        "website_url": "https://assureddigitaltech.com",
        "column_5": "joshua.odisho@assureddigitaltech.com",
        "phone": "",
        "column_7": "",
        "column_8": "http://www.linkedin.com/in/jodisho",
        "column_11": "http://www.linkedin.com/company/assured-digital-tech",
        "column_12": "",
        "column_13": "https://twitter.com/assured_digital",
        "column_27": "",
        "column_28": ""
      },
      {
        "company_name": "England",
        "website_url": "https://atecgroup.co.uk",
        "column_5": "",
        "phone": "",
        "column_7": "",
        "column_8": "http://www.linkedin.com/in/stewart-barnett-mba-964172b",
        "column_11": "http://www.linkedin.com/company/atec-group-limited",
        "column_12": "",
        "column_13": "",
        "column_27": "",
        "column_28": ""
      },
      {
        "company_name": "United Kingdom",
        "website_url": "https://atlasdiagnostics.co.uk",
        "column_5": "terri.munro@atlasdiagnostics.co.uk",
        "phone": "",
        "column_7": "",
        "column_8": "http://www.linkedin.com/in/terri-munro-930b27124",
        "column_11": "http://www.linkedin.com/company/atlasdiagnosticsuk",
        "column_12": "",
        "column_13": "",
        "column_27": "",
        "column_28": ""
      },
      {
        "company_name": "United Kingdom",
        "website_url": "https://attacat.co.uk",
        "column_5": "kirsten.mcvey@attacat.co.uk",
        "phone": "",
        "column_7": "",
        "column_8": "http://www.linkedin.com/in/kirsten-mcvey-b6855883",
        "column_11": "http://www.linkedin.com/company/attacat",
        "column_12": "https://facebook.com/attacats",
        "column_13": "https://twitter.com/attacats",
        "column_27": "",
        "column_28": ""
      },
      {
        "company_name": "44 113 513 1222",
        "website_url": "https://attiscs.com",
        "column_5": "kelly.chowdhury@attiscs.com",
        "phone": "",
        "column_7": "",
        "column_8": "http://www.linkedin.com/in/kelly-chowdhury-b37343250",
        "column_11": "http://www.linkedin.com/company/attis-credit-solutions-ltd",
        "column_12": "",
        "column_13": "",
        "column_27": "",
        "column_28": ""
      },
      {
        "company_name": "United Kingdom",
        "website_url": "https://audental.co.uk",
        "column_5": "",
        "phone": "",
        "column_7": "",
        "column_8": "http://www.linkedin.com/in/sukanyamk",
        "column_11": "http://www.linkedin.com/company/audental",
        "column_12": "",
        "column_13": "https://twitter.com/AUDental1",
        "column_27": "",
        "column_28": ""
      },
      {
        "company_name": "United Kingdom",
        "website_url": "https://automotivateleasing.co.uk",
        "column_5": "",
        "phone": "",
        "column_7": "",
        "column_8": "http://www.linkedin.com/in/rahulpuntambekar",
        "column_11": "http://www.linkedin.com/company/automotivate-group",
        "column_12": "https://www.facebook.com/p/Automotivate-61557557909310/",
        "column_13": "",
        "column_27": "",
        "column_28": ""
      },
      {
        "company_name": "England",
        "website_url": "https://autonative.com",
        "column_5": "eva.scholz@autonative.com",
        "phone": "",
        "column_7": "",
        "column_8": "http://www.linkedin.com/in/eva-scholz",
        "column_11": "http://www.linkedin.com/company/autonative-limited",
        "column_12": "",
        "column_13": "",
        "column_27": "",
        "column_28": ""
      },
      {
        "company_name": "United Kingdom",
        "website_url": "https://autowebdesign.co.uk",
        "column_5": "david.levett@autoweb.co.uk",
        "phone": "",
        "column_7": "",
        "column_8": "http://www.linkedin.com/in/david-levett-b259267",
        "column_11": "http://www.linkedin.com/company/autoweb-design",
        "column_12": "https://www.facebook.com/autowebdesigners/",
        "column_13": "https://twitter.com/autowebuk",
        "column_27": "",
        "column_28": ""
      },
      {
        "company_name": "England",
        "website_url": "https://avant-skincare.com",
        "column_5": "andrew.cosh@avant-skincare.com",
        "phone": "2112000",
        "column_7": "",
        "column_8": "http://www.linkedin.com/in/andrewcosh",
        "column_11": "http://www.linkedin.com/company/avant-skincare",
        "column_12": "https://facebook.com/avantskincare/",
        "column_13": "https://twitter.com/avantskincare",
        "column_27": "",
        "column_28": ""
      },
      {
        "company_name": "England",
        "website_url": "https://avn.co.uk",
        "column_5": "susan.clegg@avn.co.uk",
        "phone": "8353000",
        "column_7": "",
        "column_8": "http://www.linkedin.com/in/susanclegg",
        "column_11": "http://www.linkedin.com/company/avn-inspiring-accountants",
        "column_12": "https://facebook.com/AVN.ChangingTheNumbers",
        "column_13": "https://twitter.com/avn_accountants",
        "column_27": "",
        "column_28": ""
      },
      {
        "company_name": "United Kingdom",
        "website_url": "https://awaredigital.co.uk",
        "column_5": "chris@awaredigital.co.uk",
        "phone": "",
        "column_7": "",
        "column_8": "http://www.linkedin.com/in/chrismunday",
        "column_11": "http://www.linkedin.com/company/awaredigital",
        "column_12": "https://facebook.com/awaredigitaluk",
        "column_13": "https://twitter.com/awaredigital_uk",
        "column_27": "",
        "column_28": ""
      },
      {
        "company_name": "England",
        "website_url": "https://awesomecaresolutions.co.uk",
        "column_5": "",
        "phone": "",
        "column_7": "",
        "column_8": "http://www.linkedin.com/in/phil-edwards-40803718a",
        "column_11": "http://www.linkedin.com/company/awesomehealthcaresolutions",
        "column_12": "",
        "column_13": "",
        "column_27": "No website",
        "column_28": ""
      },
      {
        "company_name": "England",
        "website_url": "https://axcessms.com",
        "column_5": "rebecca.robson@axcessms.com",
        "phone": "",
        "column_7": "",
        "column_8": "http://www.linkedin.com/in/rebecca263",
        "column_11": "http://www.linkedin.com/company/axcess-merchant-services",
        "column_12": "https://www.facebook.com/Axcessms",
        "column_13": "https://twitter.com/AxcessServices",
        "column_27": "No website",
        "column_28": ""
      },
      {
        "company_name": "United Kingdom",
        "website_url": "https://axess.systems",
        "column_5": "gwright@axesssystems.co.uk",
        "phone": "not interested",
        "column_7": "",
        "column_8": "http://www.linkedin.com/in/gabrielle-wright-aaa09976",
        "column_11": "http://www.linkedin.com/company/axess-systems-ltd",
        "column_12": "",
        "column_13": "https://twitter.com/axesssystems",
        "column_27": "",
        "column_28": ""
      },
      {
        "company_name": "Axparis",
        "website_url": "https://axparis.com",
        "column_5": "megan@axparis.com",
        "phone": "",
        "column_7": "",
        "column_8": "http://www.linkedin.com/in/meganmorris23",
        "column_11": "http://www.linkedin.com/company/axparis",
        "column_12": "https://facebook.com/axparis",
        "column_13": "https://twitter.com/AXParis",
        "column_27": "",
        "column_28": ""
      },
      {
        "company_name": "United Kingdom",
        "website_url": "https://azdio.net",
        "column_5": "",
        "phone": "",
        "column_7": "",
        "column_8": "http://www.linkedin.com/in/jilomax",
        "column_11": "http://www.linkedin.com/company/azdio",
        "column_12": "",
        "column_13": "https://twitter.com/azdio_news",
        "column_27": "",
        "column_28": ""
      },
      {
        "company_name": "London",
        "website_url": "https://getbabb.com",
        "column_5": "PR/Comms Manager",
        "phone": "44 20 7964 1000",
        "column_7": "+44 75 5576 8947",
        "column_8": "",
        "column_11": "financial services",
        "column_12": "http://www.linkedin.com/company/babb",
        "column_13": "https://facebook.com/getbabb/",
        "column_27": "",
        "column_28": ""
      },
      {
        "company_name": "England",
        "website_url": "https://babelquest.co.uk",
        "column_5": "",
        "phone": "265000",
        "column_7": "",
        "column_8": "http://www.linkedin.com/in/rich-l",
        "column_11": "http://www.linkedin.com/company/babelquest",
        "column_12": "https://www.facebook.com/babelquest/",
        "column_13": "https://twitter.com/babelquest",
        "column_27": "",
        "column_28": ""
      },
      {
        "company_name": "England",
        "website_url": "https://babelquest.co.uk",
        "column_5": "becky@babelquest.co.uk",
        "phone": "265000",
        "column_7": "",
        "column_8": "http://www.linkedin.com/in/becky-brown-marketing",
        "column_11": "http://www.linkedin.com/company/babelquest",
        "column_12": "https://www.facebook.com/babelquest/",
        "column_13": "https://twitter.com/babelquest",
        "column_27": "",
        "column_28": ""
      },
      {
        "company_name": "England",
        "website_url": "https://babelquest.co.uk",
        "column_5": "hollie@babelquest.co.uk",
        "phone": "265000",
        "column_7": "",
        "column_8": "http://www.linkedin.com/in/hollie-higa-13263154",
        "column_11": "http://www.linkedin.com/company/babelquest",
        "column_12": "https://www.facebook.com/babelquest/",
        "column_13": "https://twitter.com/babelquest",
        "column_27": "",
        "column_28": ""
      },
      {
        "company_name": "England",
        "website_url": "https://babyandco.com",
        "column_5": "jeff@babyandco.com",
        "phone": "13255000",
        "column_7": "+44 7775 610464",
        "column_8": "http://www.linkedin.com/in/jeff-mills-37163315",
        "column_11": "http://www.linkedin.com/company/baby-&-co",
        "column_12": "https://facebook.com/babyandcoUK",
        "column_13": "https://twitter.com/Babyandcoltd",
        "column_27": "",
        "column_28": ""
      },
      {
        "company_name": "44 20 3810 2345",
        "website_url": "https://balfourbeattyhomes.com",
        "column_5": "mandy.soames@balfourbeatty.com",
        "phone": "",
        "column_7": "",
        "column_8": "http://www.linkedin.com/in/mandy-soames-03b164214",
        "column_11": "http://www.linkedin.com/company/balfour-beatty-homes",
        "column_12": "https://www.facebook.com/balfourbeattyhomes",
        "column_13": "",
        "column_27": "",
        "column_28": ""
      },
      {
        "company_name": "United Kingdom",
        "website_url": "https://bankshomes.co.uk",
        "column_5": "aisling.ramshaw@banksgroup.co.uk",
        "phone": "",
        "column_7": "",
        "column_8": "http://www.linkedin.com/in/aisling-ramshaw-5101a111",
        "column_11": "http://www.linkedin.com/company/banks-homes",
        "column_12": "https://www.facebook.com/BanksHomesLtd",
        "column_13": "",
        "column_27": "",
        "column_28": ""
      },
      {
        "company_name": "44 12 7468 7555",
        "website_url": "https://barwick.co.uk",
        "column_5": "kathryn.thompson@barwick.co.uk",
        "phone": "",
        "column_7": "",
        "column_8": "http://www.linkedin.com/in/kathrynrachaelthompson",
        "column_11": "http://www.linkedin.com/company/barwick-bathroom-distribution-llp",
        "column_12": "https://facebook.com/pages/Barwick-Bathroom-Distribution-LLP/1347651282013140",
        "column_13": "https://twitter.com/barwickbathroom",
        "column_27": "",
        "column_28": ""
      },
      {
        "company_name": "England",
        "website_url": "https://bc4.com",
        "column_5": "adam.hughes@bc4.com",
        "phone": "",
        "column_7": "",
        "column_8": "http://www.linkedin.com/in/adam-hughes1993",
        "column_11": "http://www.linkedin.com/company/bc4",
        "column_12": "",
        "column_13": "",
        "column_27": "",
        "column_28": ""
      },
      {
        "company_name": "England",
        "website_url": "https://bcrs.org.uk",
        "column_5": "kiran.morar@bcrs.org.uk",
        "phone": "",
        "column_7": "",
        "column_8": "http://www.linkedin.com/in/kiran-morar-907bb337",
        "column_11": "http://www.linkedin.com/company/bcrs-small-business-loans",
        "column_12": "",
        "column_13": "https://twitter.com/b_c_r_s",
        "column_27": "",
        "column_28": ""
      },
      {
        "company_name": "England",
        "website_url": "https://beaconwm.co.uk",
        "column_5": "jproctor@beaconwealth.co.uk",
        "phone": "",
        "column_7": "",
        "column_8": "http://www.linkedin.com/in/james-proctor-981bb069",
        "column_11": "http://www.linkedin.com/company/beacon-wealth-management-ltd",
        "column_12": "https://www.facebook.com/BeaconWealthManagementLtd",
        "column_13": "https://twitter.com/BeaconWealthIFA",
        "column_27": "",
        "column_28": ""
      },
      {
        "company_name": "United Kingdom",
        "website_url": "https://beaconmedaes.com",
        "column_5": "andy.tudor@beaconmedaes.com",
        "phone": "",
        "column_7": "",
        "column_8": "http://www.linkedin.com/in/andy-tudor-2b654824",
        "column_11": "http://www.linkedin.com/company/beaconmedaesuk",
        "column_12": "",
        "column_13": "",
        "column_27": "",
        "column_28": ""
      },
      {
        "company_name": "England",
        "website_url": "https://beamgroup.co.uk",
        "column_5": "elena.tutunaru@beamgroup.co.uk",
        "phone": "29209000",
        "column_7": "",
        "column_8": "http://www.linkedin.com/in/elena-tutunaru-90379654",
        "column_11": "http://www.linkedin.com/company/beamgroup",
        "column_12": "https://facebook.com/beamgroup/",
        "column_13": "",
        "column_27": "",
        "column_28": ""
      },
      {
        "company_name": "England",
        "website_url": "https://beamgroup.co.uk",
        "column_5": "sam.meakins@beamgroup.co.uk",
        "phone": "29209000",
        "column_7": "",
        "column_8": "http://www.linkedin.com/in/sam-meakins-a2225723a",
        "column_11": "http://www.linkedin.com/company/beamgroup",
        "column_12": "https://facebook.com/beamgroup/",
        "column_13": "",
        "column_27": "",
        "column_28": ""
      },
      {
        "company_name": "England",
        "website_url": "https://bedelectrical.co.uk",
        "column_5": "lauren@bedelectrical.co.uk",
        "phone": "",
        "column_7": "",
        "column_8": "http://www.linkedin.com/in/lauren-evans-a21a951b8",
        "column_11": "http://www.linkedin.com/company/bedelectrical",
        "column_12": "https://www.facebook.com/BEDelectricaldistributors/",
        "column_13": "https://twitter.com/BEDelectricalUK",
        "column_27": "",
        "column_28": ""
      },
      {
        "company_name": "United Kingdom",
        "website_url": "https://bedroq.co.uk",
        "column_5": "craig.mundie@bedroq.co.uk",
        "phone": "",
        "column_7": "",
        "column_8": "http://www.linkedin.com/in/craig-mundie-874bba146",
        "column_11": "http://www.linkedin.com/company/bedroq",
        "column_12": "https://www.facebook.com/bedroq",
        "column_13": "https://twitter.com/bedroq_it",
        "column_27": "",
        "column_28": ""
      },
      {
        "company_name": "England",
        "website_url": "https://reneesclothing.co.uk",
        "column_5": "",
        "phone": "4148000",
        "column_7": "",
        "column_8": "http://www.linkedin.com/in/vickie-sheppard-was-silcock-a9118a48",
        "column_11": "http://www.linkedin.com/company/berties",
        "column_12": "https://www.facebook.com/reneesnorthampton",
        "column_13": "https://twitter.com/BertiesClothing",
        "column_27": "",
        "column_28": ""
      },
      {
        "company_name": "1 619-560-5013",
        "website_url": "https://beyondlaw.com",
        "column_5": "beth.cregan@beyondlawgroup.co.uk",
        "phone": "",
        "column_7": "",
        "column_8": "http://www.linkedin.com/in/beth-cregan-2077a6159",
        "column_11": "http://www.linkedin.com/company/beyond-grp",
        "column_12": "https://www.facebook.com/beyond.law.7",
        "column_13": "https://twitter.com/janicebeyondlaw",
        "column_27": "",
        "column_28": ""
      },
      {
        "company_name": "United Kingdom",
        "website_url": "https://bicestermotion.com",
        "column_5": "",
        "phone": "",
        "column_7": "",
        "column_8": "http://www.linkedin.com/in/rpgrace",
        "column_11": "http://www.linkedin.com/company/bicester-motion",
        "column_12": "",
        "column_13": "https://twitter.com/bicestermotion",
        "column_27": "",
        "column_28": ""
      },
      {
        "company_name": "England",
        "website_url": "https://bira.co.uk",
        "column_5": "joanne.beale@bira.co.uk",
        "phone": "",
        "column_7": "",
        "column_8": "http://www.linkedin.com/in/joannecbeale",
        "column_11": "http://www.linkedin.com/company/biraofficial",
        "column_12": "https://www.facebook.com/britishindependentretailersassociation/",
        "column_13": "https://twitter.com/biraofficial",
        "column_27": "",
        "column_28": ""
      },
      {
        "company_name": "England",
        "website_url": "https://birdiefortescue.co.uk",
        "column_5": "lauren@birdiefortescue.co.uk",
        "phone": "",
        "column_7": "",
        "column_8": "http://www.linkedin.com/in/laurenlaurent",
        "column_11": "http://www.linkedin.com/company/birdie-fortescue-ltd",
        "column_12": "",
        "column_13": "https://twitter.com/birdiefortescue",
        "column_27": "",
        "column_28": ""
      },
      {
        "company_name": "Bitesizelearning",
        "website_url": "https://bitesizelearning.co.uk",
        "column_5": "rhiannon@bitesizelearning.co.uk",
        "phone": "",
        "column_7": "",
        "column_8": "http://www.linkedin.com/in/contentdigitalmarketing",
        "column_11": "http://www.linkedin.com/company/bitesize-learning",
        "column_12": "",
        "column_13": "",
        "column_27": "",
        "column_28": ""
      },
      {
        "company_name": "Wolverhampton",
        "website_url": "https://blackcountrychamber.co.uk",
        "column_5": "Marketing and Communications",
        "phone": "44 330 024 0820",
        "column_7": "+44 190 291 2311",
        "column_8": "",
        "column_11": "professional training & coaching",
        "column_12": "http://www.linkedin.com/company/blackcountrychamber",
        "column_13": "https://facebook.com/blackcountrychamber",
        "column_27": "",
        "column_28": ""
      },
      {
        "company_name": "England",
        "website_url": "https://blackdotsolutions.com",
        "column_5": "rebecca.lindley@blackdotsolutions.com",
        "phone": "",
        "column_7": "",
        "column_8": "http://www.linkedin.com/in/rebecca-e-lindley",
        "column_11": "http://www.linkedin.com/company/blackdot-solutions-ltd",
        "column_12": "",
        "column_13": "",
        "column_27": "",
        "column_28": ""
      },
      {
        "company_name": "Scotland",
        "website_url": "https://blackwoodsmith.com",
        "column_5": "sarah@blackwoodsmith.com",
        "phone": "",
        "column_7": "",
        "column_8": "http://www.linkedin.com/in/sarahmillarharker",
        "column_11": "http://www.linkedin.com/company/blackwood-smith",
        "column_12": "",
        "column_13": "",
        "column_27": "",
        "column_28": ""
      },
      {
        "company_name": "Blox",
        "website_url": "https://blox.so",
        "column_5": "charlie@blox.so",
        "phone": "",
        "column_7": "",
        "column_8": "http://www.linkedin.com/in/charlie-bartfield-11a74733",
        "column_11": "http://www.linkedin.com/company/blox-plan",
        "column_12": "https://www.facebook.com/blox.for.planning",
        "column_13": "",
        "column_27": "",
        "column_28": ""
      },
      {
        "company_name": "44 11 8925 5615",
        "website_url": "https://bluecartechnologies.com",
        "column_5": "christian.song@bluecartechnologies.co.uk",
        "phone": "",
        "column_7": "",
        "column_8": "http://www.linkedin.com/in/christian-song-2499571",
        "column_11": "http://www.linkedin.com/company/blue-car-technologies",
        "column_12": "https://www.facebook.com/BlueCarTechnologies/",
        "column_13": "http://www.twitter.com/bluecartech",
        "column_27": "",
        "column_28": ""
      },
      {
        "company_name": "United Kingdom",
        "website_url": "https://bluesaffron.com",
        "column_5": "paul.smith@bluesaffron.com",
        "phone": "no answer",
        "column_7": "",
        "column_8": "http://www.linkedin.com/in/paulsmithgo2market",
        "column_11": "http://www.linkedin.com/company/blue-saffron-ltd",
        "column_12": "",
        "column_13": "https://twitter.com/bluesaffronltd",
        "column_27": "",
        "column_28": ""
      },
      {
        "company_name": "England",
        "website_url": "https://bluewhale.co.uk",
        "column_5": "robert.hargreaves@bluewhale.co.uk",
        "phone": "",
        "column_7": "",
        "column_8": "http://www.linkedin.com/in/robert-hargreaves-84a6b1113",
        "column_11": "http://www.linkedin.com/company/blue-whale-capital",
        "column_12": "https://facebook.com/bluewhalecapital",
        "column_13": "https://twitter.com/bluewhalecap",
        "column_27": "",
        "column_28": ""
      },
      {
        "company_name": "England",
        "website_url": "https://thebluecrowteam.com",
        "column_5": "",
        "phone": "",
        "column_7": "",
        "column_8": "http://www.linkedin.com/in/olivia-j-558509223",
        "column_11": "http://www.linkedin.com/company/bluecrow-team",
        "column_12": "",
        "column_13": "",
        "column_27": "",
        "column_28": ""
      },
      {
        "company_name": "England",
        "website_url": "https://bluestone.app",
        "column_5": "richard.tamlyn@bluestone.app",
        "phone": "",
        "column_7": "",
        "column_8": "http://www.linkedin.com/in/richardtamlyn",
        "column_11": "http://www.linkedin.com/company/bluestonefinance",
        "column_12": "https://www.facebook.com/bluestonefinanceuk/",
        "column_13": "",
        "column_27": "",
        "column_28": ""
      },
      {
        "company_name": "England",
        "website_url": "https://bluqube.co.uk",
        "column_5": "mark.hayward@symmetry.co.uk",
        "phone": "",
        "column_7": "",
        "column_8": "http://www.linkedin.com/in/markhaywarduk",
        "column_11": "http://www.linkedin.com/company/bluqube",
        "column_12": "https://www.facebook.com/bluQubeAccountingSoftware",
        "column_13": "https://twitter.com/bluQube",
        "column_27": "",
        "column_28": ""
      },
      {
        "company_name": "England",
        "website_url": "https://bluqube.co.uk",
        "column_5": "sophie.wilkins@symmetry.co.uk",
        "phone": "",
        "column_7": "+44 7980 647638",
        "column_8": "http://www.linkedin.com/in/sophie-wilkins-44297130",
        "column_11": "http://www.linkedin.com/company/bluqube",
        "column_12": "https://www.facebook.com/bluQubeAccountingSoftware",
        "column_13": "https://twitter.com/bluQube",
        "column_27": "",
        "column_28": ""
      },
      {
        "company_name": "England",
        "website_url": "https://bm-technical.co.uk",
        "column_5": "lauren@bm-technical.co.uk",
        "phone": "",
        "column_7": "",
        "column_8": "http://www.linkedin.com/in/lauren-saunders-2b69051a6",
        "column_11": "http://www.linkedin.com/company/bm-technical-ltd",
        "column_12": "",
        "column_13": "",
        "column_27": "",
        "column_28": ""
      },
      {
        "company_name": "England",
        "website_url": "https://boardwalkpropertyco.com",
        "column_5": "jess@boardwalkpropertyco.com",
        "phone": "",
        "column_7": "",
        "column_8": "http://www.linkedin.com/in/jessica-gibson-6645b7176",
        "column_11": "http://www.linkedin.com/company/boardwalk-property-company",
        "column_12": "https://www.facebook.com/boardwalkpropertyco",
        "column_13": "https://twitter.com/boardwalkprop",
        "column_27": "",
        "column_28": ""
      },
      {
        "company_name": "England",
        "website_url": "https://bom.org.uk",
        "column_5": "winnie@bom.org.uk",
        "phone": "",
        "column_7": "+44 7989 395619",
        "column_8": "http://www.linkedin.com/in/winnietn",
        "column_11": "http://www.linkedin.com/company/birminghamopenmedia",
        "column_12": "https://www.facebook.com/birminghamopenmedia/",
        "column_13": "https://twitter.com/bomlab",
        "column_27": "",
        "column_28": ""
      },
      {
        "company_name": "England",
        "website_url": "https://bondwolfe.com",
        "column_5": "cupton@bondwolfe.com",
        "phone": "",
        "column_7": "",
        "column_8": "http://www.linkedin.com/in/craigaupton",
        "column_11": "http://www.linkedin.com/company/bondwolfe",
        "column_12": "https://www.facebook.com/BondWolfe",
        "column_13": "https://twitter.com/BondWolfe",
        "column_27": "",
        "column_28": ""
      },
      {
        "company_name": "England",
        "website_url": "https://boobydoo.co.uk",
        "column_5": "jess@boobydoo.co.uk",
        "phone": "2013000",
        "column_7": "",
        "column_8": "http://www.linkedin.com/in/jessica-grace-18941b145",
        "column_11": "http://www.linkedin.com/company/boobydoo-limited",
        "column_12": "https://www.facebook.com/boobydoo.sports.bras/",
        "column_13": "https://twitter.com/BoobydooBras",
        "column_27": "",
        "column_28": ""
      },
      {
        "company_name": "Scotland",
        "website_url": "https://bookspeed.com",
        "column_5": "claires@bookspeed.com",
        "phone": "",
        "column_7": "",
        "column_8": "http://www.linkedin.com/in/claire-simpson-b1a9b03",
        "column_11": "http://www.linkedin.com/company/bookspeed",
        "column_12": "https://www.facebook.com/SpeedMyBook",
        "column_13": "https://twitter.com/Bookspeed",
        "column_27": "",
        "column_28": ""
      },
      {
        "company_name": "Bournehealth",
        "website_url": "https://bournehealth.co.uk",
        "column_5": "",
        "phone": "",
        "column_7": "",
        "column_8": "http://www.linkedin.com/in/sulaiman-aslam-69b8a1155",
        "column_11": "http://www.linkedin.com/company/bourne-health",
        "column_12": "",
        "column_13": "",
        "column_27": "",
        "column_28": ""
      },
      {
        "company_name": "United Kingdom",
        "website_url": "https://bowercollective.com",
        "column_5": "",
        "phone": "",
        "column_7": "",
        "column_8": "http://www.linkedin.com/in/tobywinch",
        "column_11": "http://www.linkedin.com/company/bower-collective",
        "column_12": "https://www.facebook.com/bowercollective",
        "column_13": "https://twitter.com/CollectiveBower",
        "column_27": "",
        "column_28": ""
      },
      {
        "company_name": "Wales",
        "website_url": "https://bpsfacilities.com",
        "column_5": "alan@bpsfacilities.com",
        "phone": "",
        "column_7": "",
        "column_8": "http://www.linkedin.com/in/alan-robertson-5b815064",
        "column_11": "http://www.linkedin.com/company/bps-facilities-limited",
        "column_12": "",
        "column_13": "",
        "column_27": "",
        "column_28": ""
      },
      {
        "company_name": "England",
        "website_url": "https://brackenwood.com",
        "column_5": "helenm@brackenwood.com",
        "phone": "10031000",
        "column_7": "",
        "column_8": "http://www.linkedin.com/in/helen-marsh-381b9ab2",
        "column_11": "http://www.linkedin.com/company/brackenwood-windows",
        "column_12": "https://www.facebook.com/brackenwoodwindows/",
        "column_13": "https://twitter.com/brackenwoodwind",
        "column_27": "",
        "column_28": ""
      },
      {
        "company_name": "England",
        "website_url": "https://brandand.co.uk",
        "column_5": "rperkins@prodrive.com",
        "phone": "",
        "column_7": "",
        "column_8": "http://www.linkedin.com/in/richard-perkins-13189127",
        "column_11": "http://www.linkedin.com/company/brandandltd",
        "column_12": "https://www.facebook.com/profile.php",
        "column_13": "",
        "column_27": "",
        "column_28": ""
      },
      {
        "company_name": "England",
        "website_url": "https://wearebreakthrough.co.uk",
        "column_5": "",
        "phone": "",
        "column_7": "",
        "column_8": "http://www.linkedin.com/in/jasmine-hasmatali",
        "column_11": "http://www.linkedin.com/company/breakthrough-social-enterprise",
        "column_12": "",
        "column_13": "",
        "column_27": "",
        "column_28": ""
      },
      {
        "company_name": "S64 8AP",
        "website_url": "https://brearleyandco.co.uk",
        "column_5": "Project Management",
        "phone": "United Kingdom",
        "column_7": "",
        "column_8": "",
        "column_11": "32",
        "column_12": "accounting",
        "column_13": "http://www.linkedin.com/company/brearley-&-co-accountants",
        "column_27": "44 17 0947 4667",
        "column_28": ""
      },
      {
        "company_name": "England",
        "website_url": "https://brigroup.co.uk",
        "column_5": "",
        "phone": "35699000",
        "column_7": "",
        "column_8": "http://www.linkedin.com/in/harriet-troth-2195449a",
        "column_11": "http://www.linkedin.com/company/bri-wealth-management",
        "column_12": "",
        "column_13": "https://twitter.com/BRIMouthpiece",
        "column_27": "",
        "column_28": ""
      },
      {
        "company_name": "Scotland",
        "website_url": "https://bridgeall.com",
        "column_5": "ryan.chatham@bridgeall.com",
        "phone": "",
        "column_7": "",
        "column_8": "http://www.linkedin.com/in/ryanchatham",
        "column_11": "http://www.linkedin.com/company/bridgeall",
        "column_12": "https://facebook.com/bridgeall.ltd",
        "column_13": "https://twitter.com/bridgeall",
        "column_27": "",
        "column_28": ""
      },
      {
        "company_name": "Scotland",
        "website_url": "https://bridgeall.com",
        "column_5": "zopaash.iqbal@bridgeall.com",
        "phone": "",
        "column_7": "",
        "column_8": "http://www.linkedin.com/in/zopaashiqbal",
        "column_11": "http://www.linkedin.com/company/bridgeall",
        "column_12": "https://facebook.com/bridgeall.ltd",
        "column_13": "https://twitter.com/bridgeall",
        "column_27": "",
        "column_28": ""
      },
      {
        "company_name": "United Kingdom",
        "website_url": "https://brillband.com",
        "column_5": "",
        "phone": "",
        "column_7": "",
        "column_8": "http://www.linkedin.com/in/finn-mckay-9351b5a8",
        "column_11": "http://www.linkedin.com/company/brillband",
        "column_12": "https://facebook.com/brillband",
        "column_13": "https://twitter.com/brillbandapp",
        "column_27": "",
        "column_28": ""
      },
      {
        "company_name": "England",
        "website_url": "https://bwhospitalscharity.org.uk",
        "column_5": "sarah.pryer@bwhospitalscharity.org.uk",
        "phone": "",
        "column_7": "",
        "column_8": "http://www.linkedin.com/in/sarah-pryer-6851951b",
        "column_11": "http://www.linkedin.com/company/bwhospitalscharity",
        "column_12": "https://facebook.com/aboveandbeyond1",
        "column_13": "",
        "column_27": "",
        "column_28": ""
      },
      {
        "company_name": "England",
        "website_url": "https://bwhospitalscharity.org.uk",
        "column_5": "sarah.moore@bwhospitalscharity.org.uk",
        "phone": "",
        "column_7": "",
        "column_8": "http://www.linkedin.com/in/sarah-mb553775b",
        "column_11": "http://www.linkedin.com/company/bwhospitalscharity",
        "column_12": "https://facebook.com/aboveandbeyond1",
        "column_13": "",
        "column_27": "",
        "column_28": ""
      },
      {
        "company_name": "England",
        "website_url": "https://bristolroverscommunity.org.uk",
        "column_5": "marclewis@bristolroverscommunity.org.uk",
        "phone": "",
        "column_7": "",
        "column_8": "http://www.linkedin.com/in/marc-lewis-b5ba03153",
        "column_11": "http://www.linkedin.com/company/bristol-rovers-community-trust",
        "column_12": "http://www.facebook.com/bristolroverscommunity",
        "column_13": "https://twitter.com/BristolRoversCT",
        "column_27": "",
        "column_28": ""
      },
      {
        "company_name": "England",
        "website_url": "https://britanniawindows.co.uk",
        "column_5": "sb@britanniawindows.co.uk",
        "phone": "6656000",
        "column_7": "",
        "column_8": "http://www.linkedin.com/in/shane-binding-7287a913",
        "column_11": "http://www.linkedin.com/company/britanniawindows",
        "column_12": "https://www.facebook.com/BritanniaWindows",
        "column_13": "https://twitter.com/britwindows",
        "column_27": "Deadline",
        "column_28": ""
      },
      {
        "company_name": "England",
        "website_url": "https://broadbandbuyer.com",
        "column_5": "denise@broadbandbuyer.com",
        "phone": "7070000",
        "column_7": "",
        "column_8": "http://www.linkedin.com/in/denise-pentecost-80163a249",
        "column_11": "http://www.linkedin.com/company/broadbandbuyer",
        "column_12": "https://facebook.com/broadbandbuyer",
        "column_13": "https://twitter.com/broadbandbuyer",
        "column_27": "",
        "column_28": ""
      },
      {
        "company_name": "England",
        "website_url": "https://brodiecashmere.com",
        "column_5": "hollie.stothard@brodiecashmere.com",
        "phone": "484000",
        "column_7": "",
        "column_8": "http://www.linkedin.com/in/hollie-stothard-a6721796",
        "column_11": "http://www.linkedin.com/company/brodie-cashmere-ltd",
        "column_12": "https://www.facebook.com/BrodieCashmereOfficial/",
        "column_13": "https://twitter.com/BrodieCashmere1",
        "column_27": "VM",
        "column_28": ""
      },
      {
        "company_name": "England",
        "website_url": "https://pch.uk.com",
        "column_5": "gilladams@pch.uk.com",
        "phone": "",
        "column_7": "+44 7903 854486",
        "column_8": "http://www.linkedin.com/in/gill-adams-a-c-i-i-b8b92331",
        "column_11": "http://www.linkedin.com/company/brown-and-brown-health-and-employee-benefits",
        "column_12": "https://facebook.com/brownbrowninc",
        "column_13": "",
        "column_27": "",
        "column_28": ""
      },
      {
        "company_name": "England",
        "website_url": "https://buildempire.co.uk",
        "column_5": "laura.caveney@buildempire.co.uk",
        "phone": "7000000",
        "column_7": "",
        "column_8": "http://www.linkedin.com/in/laura-caveney",
        "column_11": "http://www.linkedin.com/company/buildempire-ltd",
        "column_12": "https://facebook.com/buildempireltd/",
        "column_13": "https://twitter.com/buildempire",
        "column_27": "",
        "column_28": ""
      },
      {
        "company_name": "Scotland",
        "website_url": "https://buildloan.co.uk",
        "column_5": "gillian.hope@buildloan.co.uk",
        "phone": "",
        "column_7": "",
        "column_8": "http://www.linkedin.com/in/gillian-hope",
        "column_11": "http://www.linkedin.com/company/buildloan-limited",
        "column_12": "",
        "column_13": "https://twitter.com/buildloan",
        "column_27": "",
        "column_28": ""
      },
      {
        "company_name": "Scotland",
        "website_url": "https://burghproperty.co.uk",
        "column_5": "",
        "phone": "4000000",
        "column_7": "",
        "column_8": "http://www.linkedin.com/in/nicolebale",
        "column_11": "http://www.linkedin.com/company/burgh-property",
        "column_12": "https://www.facebook.com/BurghProperty",
        "column_13": "https://twitter.com/BurghProperty",
        "column_27": "",
        "column_28": ""
      },
      {
        "company_name": "England",
        "website_url": "https://business-safety.com",
        "column_5": "helen.powell@business-safety.com",
        "phone": "436000",
        "column_7": "",
        "column_8": "http://www.linkedin.com/in/helen-powell-6bb4a1177",
        "column_11": "http://www.linkedin.com/company/businesssafety",
        "column_12": "https://facebook.com/bssystemsltd",
        "column_13": "https://twitter.com/businesssafety",
        "column_27": "",
        "column_28": ""
      },
      {
        "company_name": "Wales",
        "website_url": "https://butterflydata.co.uk",
        "column_5": "emma@butterflydata.co.uk",
        "phone": "",
        "column_7": "",
        "column_8": "http://www.linkedin.com/in/emilytaylor-marketing-manager",
        "column_11": "http://www.linkedin.com/company/butterflydata",
        "column_12": "",
        "column_13": "",
        "column_27": "",
        "column_28": ""
      },
      {
        "company_name": "England",
        "website_url": "https://buyassociationgroup.com",
        "column_5": "imogen.taylor@bamarketplace.com",
        "phone": "4658000",
        "column_7": "",
        "column_8": "http://www.linkedin.com/in/imogen-taylor-5870b5236",
        "column_11": "http://www.linkedin.com/company/buyassociation",
        "column_12": "https://www.facebook.com/BuyAssociation/",
        "column_13": "https://twitter.com/BuyAssociation",
        "column_27": "",
        "column_28": ""
      },
      {
        "company_name": "England",
        "website_url": "https://bxta.com",
        "column_5": "land.ketsawang@bxta.com",
        "phone": "",
        "column_7": "",
        "column_8": "http://www.linkedin.com/in/landketsawang",
        "column_11": "http://www.linkedin.com/company/bxtaccelyon",
        "column_12": "",
        "column_13": "",
        "column_27": "",
        "column_28": ""
      },
      {
        "company_name": "United Kingdom",
        "website_url": "https://cabot.co.uk",
        "column_5": "",
        "phone": "",
        "column_7": "",
        "column_8": "http://www.linkedin.com/in/sharon-porton-68436512",
        "column_11": "http://www.linkedin.com/company/cabot-communications",
        "column_12": "",
        "column_13": "",
        "column_27": "",
        "column_28": ""
      },
      {
        "company_name": "England",
        "website_url": "https://calira.co",
        "column_5": "will@calira.co",
        "phone": "2000000",
        "column_7": "",
        "column_8": "http://www.linkedin.com/in/will-patrick-706b081a2",
        "column_11": "http://www.linkedin.com/company/calira",
        "column_12": "https://www.facebook.com/clustermarket/",
        "column_13": "https://twitter.com/clustermarket",
        "column_27": "",
        "column_28": ""
      },
      {
        "company_name": "England",
        "website_url": "https://cambashi.com",
        "column_5": "",
        "phone": "2333000",
        "column_7": "",
        "column_8": "http://www.linkedin.com/in/barry-challinor-81209278",
        "column_11": "http://www.linkedin.com/company/cambashi",
        "column_12": "https://facebook.com/pages/Cambashi/451253054935181",
        "column_13": "https://twitter.com/cambashi",
        "column_27": "",
        "column_28": ""
      },
      {
        "company_name": "England",
        "website_url": "https://cambashi.com",
        "column_5": "dan.roberts@cambashi.com",
        "phone": "2333000",
        "column_7": "",
        "column_8": "http://www.linkedin.com/in/dan-roberts-8aba183",
        "column_11": "http://www.linkedin.com/company/cambashi",
        "column_12": "https://facebook.com/pages/Cambashi/451253054935181",
        "column_13": "https://twitter.com/cambashi",
        "column_27": "",
        "column_28": ""
      },
      {
        "company_name": "England",
        "website_url": "https://cambashi.com",
        "column_5": "anastasia.prokhorova@cambashi.com",
        "phone": "2333000",
        "column_7": "",
        "column_8": "http://www.linkedin.com/in/anastasia-prokhorova-66988595",
        "column_11": "http://www.linkedin.com/company/cambashi",
        "column_12": "https://facebook.com/pages/Cambashi/451253054935181",
        "column_13": "https://twitter.com/cambashi",
        "column_27": "",
        "column_28": ""
      },
      {
        "company_name": "44 122 362 6262",
        "website_url": "https://cambridgekinetics.com",
        "column_5": "millie.martin@cambridgekinetics.com",
        "phone": "",
        "column_7": "",
        "column_8": "http://www.linkedin.com/in/millie-mar",
        "column_11": "http://www.linkedin.com/company/cambridge-kinetics",
        "column_12": "",
        "column_13": "https://twitter.com/CamKinetics",
        "column_27": "",
        "column_28": ""
      },
      {
        "company_name": "Cambridge",
        "website_url": "https://cambridgesciencepark.co.uk",
        "column_5": "Communications & Community",
        "phone": "",
        "column_7": "+44 20 7773 1893",
        "column_8": "",
        "column_11": "real estate",
        "column_12": "http://www.linkedin.com/company/cambridge-science-park",
        "column_13": "https://www.facebook.com/cambridgesciencepark/",
        "column_27": "4702000",
        "column_28": "no answer"
      },
      {
        "company_name": "England",
        "website_url": "https://cambridgesupport.com",
        "column_5": "glen.ewing@cambridgesupport.com",
        "phone": "",
        "column_7": "",
        "column_8": "http://www.linkedin.com/in/glen-kingsley-ewing-a533951b",
        "column_11": "http://www.linkedin.com/company/cambridge-support-ltd",
        "column_12": "",
        "column_13": "https://twitter.com/cambsupport",
        "column_27": "",
        "column_28": ""
      },
      {
        "company_name": "England",
        "website_url": "https://cambrionix.com",
        "column_5": "emma.price@cambrionix.com",
        "phone": "3800000",
        "column_7": "",
        "column_8": "http://www.linkedin.com/in/emmapriceuk",
        "column_11": "http://www.linkedin.com/company/cambrionix",
        "column_12": "https://facebook.com/Cambrionix",
        "column_13": "https://twitter.com/cambrionix",
        "column_27": "",
        "column_28": ""
      },
      {
        "company_name": "England",
        "website_url": "https://cjfinance.co.uk",
        "column_5": "alexander.hurdle@cjfinance.co.uk",
        "phone": "",
        "column_7": "",
        "column_8": "http://www.linkedin.com/in/alexandersebastian",
        "column_11": "http://www.linkedin.com/company/cameronjamespensiontransfer",
        "column_12": "",
        "column_13": "",
        "column_27": "Deadline",
        "column_28": ""
      },
      {
        "company_name": "England",
        "website_url": "https://camgenium.com",
        "column_5": "lucy.turner@camgenium.com",
        "phone": "",
        "column_7": "",
        "column_8": "http://www.linkedin.com/in/lucymcintosh",
        "column_11": "http://www.linkedin.com/company/camgenium",
        "column_12": "https://facebook.com/l2s2cambridge",
        "column_13": "",
        "column_27": "",
        "column_28": ""
      },
      {
        "company_name": "44 20 3966 3850",
        "website_url": "https://canopy.rent",
        "column_5": "vina.mistry@canopy.rent",
        "phone": "",
        "column_7": "",
        "column_8": "http://www.linkedin.com/in/vina-mistry-5642031",
        "column_11": "http://www.linkedin.com/company/canopyrent",
        "column_12": "https://www.facebook.com/findyourcanopy",
        "column_13": "https://twitter.com/findyourcanopy",
        "column_27": "",
        "column_28": ""
      },
      {
        "company_name": "Scotland",
        "website_url": "https://capitalcreditunion.com",
        "column_5": "cthomson@capitalcreditunion.com",
        "phone": "10000000",
        "column_7": "",
        "column_8": "http://www.linkedin.com/in/thomson1",
        "column_11": "http://www.linkedin.com/company/capital-credit-union",
        "column_12": "https://facebook.com/capitalcreditunion.uk",
        "column_13": "https://twitter.com/CapitalCreditU2",
        "column_27": "",
        "column_28": ""
      },
      {
        "company_name": "England",
        "website_url": "https://capitalandcentric.com",
        "column_5": "",
        "phone": "",
        "column_7": "",
        "column_8": "http://www.linkedin.com/in/mirela-dedic-486600172",
        "column_11": "http://www.linkedin.com/company/capital-&-centric",
        "column_12": "https://facebook.com/capitalandcentric",
        "column_13": "https://twitter.com/capitalcentric",
        "column_27": "",
        "column_28": ""
      },
      {
        "company_name": "England",
        "website_url": "https://careshop.co.uk",
        "column_5": "phil.holmes@careshop.co.uk",
        "phone": "",
        "column_7": "",
        "column_8": "http://www.linkedin.com/in/phil-holmes-4938993b",
        "column_11": "http://www.linkedin.com/company/care-shop-uk",
        "column_12": "",
        "column_13": "https://twitter.com/DhsSol",
        "column_27": "",
        "column_28": ""
      },
      {
        "company_name": "United Kingdom",
        "website_url": "https://caredocs.co.uk",
        "column_5": "sophie@caredocs.co.uk",
        "phone": "",
        "column_7": "",
        "column_8": "http://www.linkedin.com/in/sophie-muscat-7b433611a",
        "column_11": "http://www.linkedin.com/company/caredocs",
        "column_12": "https://facebook.com/caredocs/",
        "column_13": "https://twitter.com/caredocsuk",
        "column_27": "",
        "column_28": ""
      },
      {
        "company_name": "United Kingdom",
        "website_url": "https://caredocs.co.uk",
        "column_5": "",
        "phone": "wrong number",
        "column_7": "",
        "column_8": "http://www.linkedin.com/in/jon-hosgood-26365a47",
        "column_11": "http://www.linkedin.com/company/caredocs",
        "column_12": "https://facebook.com/caredocs/",
        "column_13": "https://twitter.com/caredocsuk",
        "column_27": "",
        "column_28": ""
      },
      {
        "company_name": "United Kingdom",
        "website_url": "https://caredocs.co.uk",
        "column_5": "james.leyland@caredocs.co.uk",
        "phone": "",
        "column_7": "",
        "column_8": "http://www.linkedin.com/in/jamesleyland",
        "column_11": "http://www.linkedin.com/company/caredocs",
        "column_12": "https://facebook.com/caredocs/",
        "column_13": "https://twitter.com/caredocsuk",
        "column_27": "",
        "column_28": ""
      },
      {
        "company_name": "England",
        "website_url": "https://carescribe.io",
        "column_5": "cam.davidson@carescribe.io",
        "phone": "",
        "column_7": "",
        "column_8": "http://www.linkedin.com/in/cameron-d-8a7771a4",
        "column_11": "http://www.linkedin.com/company/carescribeltd",
        "column_12": "",
        "column_13": "",
        "column_27": "",
        "column_28": ""
      },
      {
        "company_name": "England",
        "website_url": "https://carescribe.io",
        "column_5": "will.morrison@carescribe.io",
        "phone": "",
        "column_7": "",
        "column_8": "http://www.linkedin.com/in/willrmorrison",
        "column_11": "http://www.linkedin.com/company/carescribeltd",
        "column_12": "",
        "column_13": "",
        "column_27": "",
        "column_28": ""
      },
      {
        "company_name": "England",
        "website_url": "https://carescribe.io",
        "column_5": "",
        "phone": "",
        "column_7": "",
        "column_8": "http://www.linkedin.com/in/louisa-james-91970937",
        "column_11": "http://www.linkedin.com/company/carescribeltd",
        "column_12": "",
        "column_13": "",
        "column_27": "",
        "column_28": ""
      },
      {
        "company_name": "Carrieelizabeth",
        "website_url": "https://carrieelizabeth.co.uk",
        "column_5": "",
        "phone": "",
        "column_7": "",
        "column_8": "http://www.linkedin.com/in/alison-sands-48165693",
        "column_11": "http://www.linkedin.com/company/carrie-elizabeth-jewellery",
        "column_12": "https://www.facebook.com/carrieelizabethjewellery",
        "column_13": "https://twitter.com/ce_jewels",
        "column_27": "",
        "column_28": ""
      },
      {
        "company_name": "Scotland",
        "website_url": "https://castlebrae.com",
        "column_5": "marisa.chisholm@castlebrae.com",
        "phone": "",
        "column_7": "",
        "column_8": "http://www.linkedin.com/in/marisa-chisholm-5646a91b8",
        "column_11": "http://www.linkedin.com/company/castlebrae-sales-and-letting-limited",
        "column_12": "",
        "column_13": "",
        "column_27": "",
        "column_28": ""
      },
      {
        "company_name": "Northern Ireland",
        "website_url": "https://causeway-securities.com",
        "column_5": "m.connikie-bowen@causeway-securities.com",
        "phone": "",
        "column_7": "",
        "column_8": "http://www.linkedin.com/in/miranda-connikie-bowen-3301a914",
        "column_11": "http://www.linkedin.com/company/causeway-securities",
        "column_12": "",
        "column_13": "",
        "column_27": "On leave",
        "column_28": ""
      },
      {
        "company_name": "44 113 201 2240",
        "website_url": "https://cdukltd.co.uk",
        "column_5": "vicki.richmond@cdukltd.co.uk",
        "phone": "",
        "column_7": "",
        "column_8": "http://www.linkedin.com/in/vicki-richmond-b8b9b124",
        "column_11": "http://www.linkedin.com/company/cd-uk-ltd",
        "column_12": "https://facebook.com/cdukltd",
        "column_13": "https://twitter.com/cdukltd",
        "column_27": "",
        "column_28": ""
      },
      {
        "company_name": "44 333 305 2778",
        "website_url": "https://cefar.co.uk",
        "column_5": "hannah@cefar.co.uk",
        "phone": "",
        "column_7": "",
        "column_8": "http://www.linkedin.com/in/hannah-harrison-b4147b206",
        "column_11": "http://www.linkedin.com/company/cefar-design",
        "column_12": "https://facebook.com/cefardesign",
        "column_13": "https://twitter.com/CefarDesign",
        "column_27": "",
        "column_28": ""
      },
      {
        "company_name": "United Kingdom",
        "website_url": "https://wsp.com",
        "column_5": "craig.chapman@wsp.com",
        "phone": "",
        "column_7": "",
        "column_8": "http://www.linkedin.com/in/craig-chapman-095a4610",
        "column_11": "http://www.linkedin.com/company/cel-international-ltd",
        "column_12": "",
        "column_13": "",
        "column_27": "",
        "column_28": ""
      },
      {
        "company_name": "England",
        "website_url": "https://centremk.com",
        "column_5": "danniella.solazzo@thecentremk.com",
        "phone": "",
        "column_7": "",
        "column_8": "http://www.linkedin.com/in/danniella-solazzo-0889ba151",
        "column_11": "http://www.linkedin.com/company/centre-mk",
        "column_12": "https://facebook.com/thecentremk",
        "column_13": "https://twitter.com/thecentremk",
        "column_27": "",
        "column_28": ""
      },
      {
        "company_name": "Manchester",
        "website_url": "https://starts here.",
        "column_5": "Community Marketing Engagement Manager",
        "phone": "44 161 806 0015",
        "column_7": "+44 745 332 8176",
        "column_8": "",
        "column_11": "real estate",
        "column_12": "http://www.linkedin.com/company/cert-property-limited",
        "column_13": "https://www.facebook.com/CERTpropertygroup/",
        "column_27": "4800000",
        "column_28": ""
      },
      {
        "company_name": "England",
        "website_url": "https://cgpmep.com",
        "column_5": "louise.taylor@cgpmep.com",
        "phone": "",
        "column_7": "+44 7593 515300",
        "column_8": "http://www.linkedin.com/in/louise-taylor-acim-5a208835",
        "column_11": "http://www.linkedin.com/company/cgpmep",
        "column_12": "",
        "column_13": "https://twitter.com/cgpmep",
        "column_27": "",
        "column_28": ""
      },
      {
        "company_name": "England",
        "website_url": "https://changingsocial.com",
        "column_5": "sam.cooper@changingsocial.co.uk",
        "phone": "",
        "column_7": "",
        "column_8": "http://www.linkedin.com/in/sam-cooper-b41a9212a",
        "column_11": "http://www.linkedin.com/company/changing-social",
        "column_12": "https://www.facebook.com/changingsocial",
        "column_13": "https://twitter.com/ChangingSocial",
        "column_27": "",
        "column_28": ""
      },
      {
        "company_name": "England",
        "website_url": "https://chatter-bug.com",
        "column_5": "ronnie.wainwright@chatter-bug.com",
        "phone": "",
        "column_7": "+44 161 438 6815",
        "column_8": "http://www.linkedin.com/in/ronniewainwright",
        "column_11": "http://www.linkedin.com/company/chatterbugslt",
        "column_12": "https://facebook.com/ChatterBugSLT",
        "column_13": "https://twitter.com/ChatterbugSLT",
        "column_27": "",
        "column_28": ""
      },
      {
        "company_name": "United Kingdom",
        "website_url": "https://chauncey.co.uk",
        "column_5": "clare@chauncey.co.uk",
        "phone": "",
        "column_7": "+44 1275 793500",
        "column_8": "http://www.linkedin.com/in/claretrigg",
        "column_11": "http://www.linkedin.com/company/chaunceys-timber-flooring",
        "column_12": "https://facebook.com/OakFlooring",
        "column_13": "https://twitter.com/chaunceysoak",
        "column_27": "",
        "column_28": ""
      },
      {
        "company_name": "United Kingdom",
        "website_url": "https://CIC",
        "column_5": "Head of Marketing and Communications (mat Cover)",
        "phone": "",
        "column_7": "",
        "column_8": "",
        "column_11": "hospital & health care",
        "column_12": "http://www.linkedin.com/company/cherwellcollective",
        "column_13": "",
        "column_27": "",
        "column_28": ""
      },
      {
        "company_name": "Oxford",
        "website_url": "https://Oxford",
        "column_5": "Marketing",
        "phone": "44 18 6524 2561",
        "column_7": "",
        "column_8": "",
        "column_11": "primary/secondary education",
        "column_12": "http://www.linkedin.com/school/christ-church-cathedral-school-oxford",
        "column_13": "https://www.facebook.com/people/Christ-Church-Cathedral-School-Oxford/100082909583618/",
        "column_27": "",
        "column_28": ""
      },
      {
        "company_name": "Oxford",
        "website_url": "https://Oxford",
        "column_5": "Marketing",
        "phone": "44 18 6524 2561",
        "column_7": "",
        "column_8": "",
        "column_11": "primary/secondary education",
        "column_12": "http://www.linkedin.com/school/christ-church-cathedral-school-oxford",
        "column_13": "https://www.facebook.com/people/Christ-Church-Cathedral-School-Oxford/100082909583618/",
        "column_27": "",
        "column_28": ""
      },
      {
        "company_name": "44 333 188 9474",
        "website_url": "https://cinesync.io",
        "column_5": "yesitha@cinesync.io",
        "phone": "",
        "column_7": "",
        "column_8": "http://www.linkedin.com/in/yesitha92",
        "column_11": "http://www.linkedin.com/company/cinesync-io",
        "column_12": "https://www.facebook.com/cinesync.io/",
        "column_13": "",
        "column_27": "",
        "column_28": ""
      },
      {
        "company_name": "England",
        "website_url": "https://ciptex.com",
        "column_5": "rosie.jones@ciptex.com",
        "phone": "20000000",
        "column_7": "",
        "column_8": "http://www.linkedin.com/in/rosie-llewellyn-jones-b79088179",
        "column_11": "http://www.linkedin.com/company/ciptex",
        "column_12": "https://www.facebook.com/ciptex",
        "column_13": "https://twitter.com/ciptex",
        "column_27": "",
        "column_28": ""
      },
      {
        "company_name": "United Kingdom",
        "website_url": "https://circomedia.com",
        "column_5": "lizzyh@circomedia.com",
        "phone": "",
        "column_7": "",
        "column_8": "http://www.linkedin.com/in/lizzyhayes",
        "column_11": "http://www.linkedin.com/company/circomedia",
        "column_12": "https://www.facebook.com/circomediabristol/",
        "column_13": "",
        "column_27": "",
        "column_28": ""
      },
      {
        "company_name": "England",
        "website_url": "https://circyl.co.uk",
        "column_5": "richard.asquith@circyl.co.uk",
        "phone": "",
        "column_7": "",
        "column_8": "http://www.linkedin.com/in/richard-asquith-10790b2",
        "column_11": "http://www.linkedin.com/company/circyl",
        "column_12": "https://www.facebook.com/people/Circyl-Limited/100069285162229/",
        "column_13": "",
        "column_27": "spam",
        "column_28": ""
      },
      {
        "company_name": "Scotland",
        "website_url": "https://cirrushq.com",
        "column_5": "carrie.halliday@cirrushq.com",
        "phone": "",
        "column_7": "+44 7921 211092",
        "column_8": "http://www.linkedin.com/in/carriepairman",
        "column_11": "http://www.linkedin.com/company/cirrushq",
        "column_12": "https://www.facebook.com/CirrusHQ/",
        "column_13": "https://twitter.com/cirrushq",
        "column_27": "",
        "column_28": ""
      },
      {
        "company_name": "Wales",
        "website_url": "https://cityhospice.org.uk",
        "column_5": "amanda.fenton@cityhospice.org.uk",
        "phone": "",
        "column_7": "",
        "column_8": "http://www.linkedin.com/in/amanda-fenton-89415a1a0",
        "column_11": "http://www.linkedin.com/company/cityhospice",
        "column_12": "https://www.facebook.com/CityHospice/",
        "column_13": "https://twitter.com/CityHospice",
        "column_27": "",
        "column_28": ""
      },
      {
        "company_name": "England",
        "website_url": "https://clafabrications.co.uk",
        "column_5": "peyman@clafabrications.co.uk",
        "phone": "",
        "column_7": "",
        "column_8": "http://www.linkedin.com/in/peyman-b-22524b194",
        "column_11": "http://www.linkedin.com/company/securityfencingsystems",
        "column_12": "https://www.facebook.com/CLAFencing",
        "column_13": "",
        "column_27": "",
        "column_28": ""
      },
      {
        "company_name": "England",
        "website_url": "https://clarilis.com",
        "column_5": "pauldansey@clarilis.com",
        "phone": "5500000",
        "column_7": "",
        "column_8": "http://www.linkedin.com/in/pauldansey",
        "column_11": "http://www.linkedin.com/company/clarilis",
        "column_12": "",
        "column_13": "https://twitter.com/clarilis_uk",
        "column_27": "",
        "column_28": ""
      },
      {
        "company_name": "England",
        "website_url": "https://clarkebell.com",
        "column_5": "timslater@clarkebell.com",
        "phone": "17948000",
        "column_7": "",
        "column_8": "http://www.linkedin.com/in/tim-slater-9b562a11",
        "column_11": "http://www.linkedin.com/company/clarke-bell",
        "column_12": "https://facebook.com/tr",
        "column_13": "https://twitter.com/ClarkeBellip",
        "column_27": "",
        "column_28": ""
      },
      {
        "company_name": "England",
        "website_url": "https://claromentis.com",
        "column_5": "paul.morton@claromentis.com",
        "phone": "2000000",
        "column_7": "",
        "column_8": "http://www.linkedin.com/in/paul-morton-51a1a113a",
        "column_11": "http://www.linkedin.com/company/claromentis-ltd",
        "column_12": "https://www.facebook.com/Claromentis",
        "column_13": "https://twitter.com/claromentis",
        "column_27": "",
        "column_28": ""
      },
      {
        "company_name": "Scotland",
        "website_url": "https://classforkids.io",
        "column_5": "lee-ann@class4kids.co.uk",
        "phone": "",
        "column_7": "",
        "column_8": "http://www.linkedin.com/in/leeannmasterson",
        "column_11": "http://www.linkedin.com/company/classforkids",
        "column_12": "https://www.facebook.com/class4kids/",
        "column_13": "",
        "column_27": "",
        "column_28": ""
      },
      {
        "company_name": "England",
        "website_url": "https://clearcutaccounting.co.uk",
        "column_5": "ellie@clearcutaccounting.co.uk",
        "phone": "",
        "column_7": "",
        "column_8": "http://www.linkedin.com/in/ellie-r-b81389280",
        "column_11": "http://www.linkedin.com/company/clearcut-accounting-tax-advisors",
        "column_12": "",
        "column_13": "",
        "column_27": "",
        "column_28": ""
      },
      {
        "company_name": "United Kingdom",
        "website_url": "https://c-link.com",
        "column_5": "allison@c-link.com",
        "phone": "",
        "column_7": "",
        "column_8": "http://www.linkedin.com/in/allieturner",
        "column_11": "http://www.linkedin.com/company/construction-link-limited",
        "column_12": "https://facebook.com/constructionlink1",
        "column_13": "",
        "column_27": "",
        "column_28": ""
      },
      {
        "company_name": "England",
        "website_url": "https://cloudtamers.com",
        "column_5": "e.stewart@cloudtamers.com",
        "phone": "",
        "column_7": "",
        "column_8": "http://www.linkedin.com/in/emmaatcloudtamers",
        "column_11": "http://www.linkedin.com/company/cloudtamers",
        "column_12": "",
        "column_13": "https://twitter.com/cloudtamers",
        "column_27": "",
        "column_28": ""
      },
      {
        "company_name": "England",
        "website_url": "https://clubhousegolf.co.uk",
        "column_5": "nick.oram@clubhousegolf.co.uk",
        "phone": "31195000",
        "column_7": "",
        "column_8": "http://www.linkedin.com/in/nick-oram-b6326255",
        "column_11": "http://www.linkedin.com/company/clubhousegolf",
        "column_12": "https://www.facebook.com/ClubhouseGolfUK/",
        "column_13": "https://twitter.com/chgstoreuk",
        "column_27": "",
        "column_28": ""
      },
      {
        "company_name": "Scotland",
        "website_url": "https://coastr.com",
        "column_5": "natasha@coastr.com",
        "phone": "",
        "column_7": "",
        "column_8": "http://www.linkedin.com/in/natasha-sonawane-berry",
        "column_11": "http://www.linkedin.com/company/coastrofficial",
        "column_12": "https://www.facebook.com/CoastrOfficial",
        "column_13": "https://twitter.com/CoastrOfficial",
        "column_27": "Callback tomorrow morning",
        "column_28": ""
      },
      {
        "company_name": "Cocentric",
        "website_url": "https://cocentric.com",
        "column_5": "gemma.arnett@cocentric.com",
        "phone": "",
        "column_7": "",
        "column_8": "http://www.linkedin.com/in/gemma-arnett",
        "column_11": "http://www.linkedin.com/company/cocentric-group",
        "column_12": "https://facebook.com/people/Cocentric-Group/100087082357600/",
        "column_13": "https://twitter.com/cocentricgroup",
        "column_27": "",
        "column_28": ""
      },
      {
        "company_name": "England",
        "website_url": "https://codestudents.co.uk",
        "column_5": "sharon@codestudents.co.uk",
        "phone": "5430000",
        "column_7": "",
        "column_8": "http://www.linkedin.com/in/smartsharon",
        "column_11": "http://www.linkedin.com/company/code-student-accommodation",
        "column_12": "https://facebook.com/codestudents",
        "column_13": "https://twitter.com/codestudents",
        "column_27": "Spam",
        "column_28": ""
      },
      {
        "company_name": "England",
        "website_url": "https://codegate.co.uk",
        "column_5": "ian.quint@codegate.co.uk",
        "phone": "",
        "column_7": "",
        "column_8": "http://www.linkedin.com/in/ian-quint-327b2812",
        "column_11": "http://www.linkedin.com/company/codegate-ltd",
        "column_12": "https://www.facebook.com/CodegateLtd",
        "column_13": "https://twitter.com/CodegateLtd",
        "column_27": "",
        "column_28": ""
      },
      {
        "company_name": "United Kingdom",
        "website_url": "https://codelocks.com",
        "column_5": "ros.bayliss@codelocks.com",
        "phone": "",
        "column_7": "",
        "column_8": "http://www.linkedin.com/in/ros-bayliss-87679030",
        "column_11": "http://www.linkedin.com/company/codelocks",
        "column_12": "https://facebook.com/codelocks/",
        "column_13": "https://twitter.com/Codelocks",
        "column_27": "",
        "column_28": ""
      },
      {
        "company_name": "Scotland",
        "website_url": "https://codeplay.com",
        "column_5": "",
        "phone": "3131000",
        "column_7": "",
        "column_8": "http://www.linkedin.com/in/max-brunton-6b32621a4",
        "column_11": "http://www.linkedin.com/company/codeplay-software",
        "column_12": "https://www.facebook.com/codeplaysoft",
        "column_13": "https://twitter.com/codeplaysoft",
        "column_27": "",
        "column_28": ""
      },
      {
        "company_name": "Cognassist",
        "website_url": "https://cognassist.com",
        "column_5": "jamesstone@cognassist.com",
        "phone": "",
        "column_7": "",
        "column_8": "http://www.linkedin.com/in/jmstone27",
        "column_11": "http://www.linkedin.com/company/cognassist",
        "column_12": "",
        "column_13": "https://twitter.com/cognassist",
        "column_27": "",
        "column_28": ""
      },
      {
        "company_name": "England",
        "website_url": "https://cognitivemediagroup.com",
        "column_5": "royc@cognitivepublishing.com",
        "phone": "17634000",
        "column_7": "",
        "column_8": "http://www.linkedin.com/in/royrowlands",
        "column_11": "http://www.linkedin.com/company/cognitivemediagroupltd",
        "column_12": "",
        "column_13": "",
        "column_27": "",
        "column_28": ""
      },
      {
        "company_name": "United Kingdom",
        "website_url": "https://colinappleyard.com",
        "column_5": "",
        "phone": "",
        "column_7": "",
        "column_8": "http://www.linkedin.com/in/tracey-butterfield-941b0562",
        "column_11": "http://www.linkedin.com/company/colin-appleyard-limited",
        "column_12": "https://facebook.com/colinappleyardltd",
        "column_13": "https://twitter.com/appleyardcars",
        "column_27": "",
        "column_28": ""
      },
      {
        "company_name": "Scotland",
        "website_url": "https://collinson-ceramics.co.uk",
        "column_5": "nicole.henderson@collinson-ceramics.co.uk",
        "phone": "437000",
        "column_7": "",
        "column_8": "http://www.linkedin.com/in/nicole-henderson-95246614b",
        "column_11": "http://www.linkedin.com/company/collinson-ceramics-limited",
        "column_12": "https://facebook.com/pages/Collinson-Ceramics-Scotland-Ltd/147742701939233",
        "column_13": "https://twitter.com/Collinson_ltd",
        "column_27": "",
        "column_28": ""
      },
      {
        "company_name": "England",
        "website_url": "https://coluxrecruitment.com",
        "column_5": "",
        "phone": "",
        "column_7": "",
        "column_8": "http://www.linkedin.com/in/bradley-lightfoot-11615b242",
        "column_11": "http://www.linkedin.com/company/coluxtech",
        "column_12": "",
        "column_13": "",
        "column_27": "",
        "column_28": ""
      },
      {
        "company_name": "England",
        "website_url": "https://comfortestates.co.uk",
        "column_5": "hus@comfortlettings.co.uk",
        "phone": "",
        "column_7": "",
        "column_8": "http://www.linkedin.com/in/husnain-mahfooz-186b2a182",
        "column_11": "http://www.linkedin.com/company/comfort-estates",
        "column_12": "https://www.facebook.com/comfortestateagents",
        "column_13": "https://twitter.com/TatterTweet",
        "column_27": "",
        "column_28": ""
      },
      {
        "company_name": "44 117 325 0103",
        "website_url": "https://commercialpropertyadvisors.co.uk",
        "column_5": "peter.w@commercialpropertyadvisors.co.uk",
        "phone": "",
        "column_7": "",
        "column_8": "http://www.linkedin.com/in/peter-woodland-61995422",
        "column_11": "http://www.linkedin.com/company/commercial-property-advisors-ltd",
        "column_12": "",
        "column_13": "",
        "column_27": "",
        "column_28": ""
      },
      {
        "company_name": "Website",
        "website_url": "https://Website",
        "column_5": "Email",
        "phone": "",
        "column_7": "Direct Phone 2",
        "column_8": "Person Linkedin Url",
        "column_11": "Company Linkedin Url",
        "column_12": "Facebook Url",
        "column_13": "Twitter Url",
        "column_27": "",
        "column_28": ""
      },
      {
        "company_name": "England",
        "website_url": "https://cwsolutionsltd.com",
        "column_5": "libby@cwsolutionsltd.com",
        "phone": "",
        "column_7": "",
        "column_8": "http://www.linkedin.com/in/libby-banks-4b09a6301",
        "column_11": "http://www.linkedin.com/company/completewallsolutions-limited",
        "column_12": "",
        "column_13": "",
        "column_27": "",
        "column_28": ""
      },
      {
        "company_name": "England",
        "website_url": "https://computimeuk.com",
        "column_5": "",
        "phone": "8500000",
        "column_7": "",
        "column_8": "http://www.linkedin.com/in/henryshuee",
        "column_11": "http://www.linkedin.com/company/computime-systems",
        "column_12": "https://www.facebook.com/Computime.Systems",
        "column_13": "https://twitter.com/computimeuk",
        "column_27": "",
        "column_28": ""
      },
      {
        "company_name": "Manchester",
        "website_url": "https://concerva.co.uk",
        "column_5": "Marketing & Finance",
        "phone": "44 161 819 3636",
        "column_7": "+44 77 1771 2484",
        "column_8": "",
        "column_11": "financial services",
        "column_12": "http://www.linkedin.com/company/concerva-limited",
        "column_13": "",
        "column_27": "",
        "column_28": ""
      },
      {
        "company_name": "44 333 888 4044",
        "website_url": "https://conduce.net",
        "column_5": "",
        "phone": "",
        "column_7": "",
        "column_8": "http://www.linkedin.com/in/tippi-q-2b9a96327",
        "column_11": "http://www.linkedin.com/company/conduce-group",
        "column_12": "https://facebook.com/conducegroup",
        "column_13": "https://twitter.com/conduce",
        "column_27": "",
        "column_28": ""
      },
      {
        "company_name": "England",
        "website_url": "https://connectinternetsolutions.com",
        "column_5": "",
        "phone": "4519000",
        "column_7": "",
        "column_8": "http://www.linkedin.com/in/christina-batey-98253827",
        "column_11": "http://www.linkedin.com/company/connect-internet-solutions-ltd",
        "column_12": "https://www.facebook.com/pages/Connect-Internet-Solutions-Ltd/168738283180063",
        "column_13": "https://twitter.com/WeAreConnect",
        "column_27": "",
        "column_28": ""
      },
      {
        "company_name": "Scotland",
        "website_url": "https://connectthree.co.uk",
        "column_5": "jordan@connectthree.co.uk",
        "phone": "",
        "column_7": "",
        "column_8": "http://www.linkedin.com/in/jordandkay23",
        "column_11": "http://www.linkedin.com/company/connect-three-solutions",
        "column_12": "",
        "column_13": "",
        "column_27": "",
        "column_28": ""
      },
      {
        "company_name": "Scotland",
        "website_url": "https://considerit.com",
        "column_5": "lauren.pyle@considerit.co.uk",
        "phone": "",
        "column_7": "",
        "column_8": "http://www.linkedin.com/in/laurenpyle",
        "column_11": "http://www.linkedin.com/company/considerit",
        "column_12": "https://www.facebook.com/ConsiderITLimited/",
        "column_13": "https://twitter.com/consider_it",
        "column_27": "",
        "column_28": ""
      },
      {
        "company_name": "England",
        "website_url": "https://consultantconnect.org.uk",
        "column_5": "carole.hall@consultantconnect.org.uk",
        "phone": "",
        "column_7": "",
        "column_8": "http://www.linkedin.com/in/carole-hall-a2291618",
        "column_11": "http://www.linkedin.com/company/consultant-connect-uk",
        "column_12": "",
        "column_13": "https://twitter.com/consultantconn",
        "column_27": "",
        "column_28": ""
      },
      {
        "company_name": "England",
        "website_url": "https://consumerintelligence.com",
        "column_5": "demi.mostert@consumerintelligence.com",
        "phone": "8000000",
        "column_7": "",
        "column_8": "http://www.linkedin.com/in/demimostert",
        "column_11": "http://www.linkedin.com/company/consumer-intelligence",
        "column_12": "https://facebook.com/consumerintelligence/",
        "column_13": "https://twitter.com/consumerintel",
        "column_27": "",
        "column_28": ""
      },
      {
        "company_name": "England",
        "website_url": "https://consumerintelligence.com",
        "column_5": "tim.stout@consumerintelligence.com",
        "phone": "8000000",
        "column_7": "",
        "column_8": "http://www.linkedin.com/in/tim-stout-945a8874",
        "column_11": "http://www.linkedin.com/company/consumer-intelligence",
        "column_12": "https://facebook.com/consumerintelligence/",
        "column_13": "https://twitter.com/consumerintel",
        "column_27": "Deadline",
        "column_28": ""
      },
      {
        "company_name": "United Kingdom",
        "website_url": "https://contentcatalyst.com",
        "column_5": "gabriella.jeakins@contentcatalyst.com",
        "phone": "",
        "column_7": "",
        "column_8": "http://www.linkedin.com/in/gabriella-jeakins-63497b65",
        "column_11": "http://www.linkedin.com/company/content-catalyst",
        "column_12": "https://www.facebook.com/ContCatalyst/",
        "column_13": "https://twitter.com/ContCatalyst",
        "column_27": "",
        "column_28": ""
      },
      {
        "company_name": "England",
        "website_url": "https://contentformula.com",
        "column_5": "ssubramaniam@contentformula.com",
        "phone": "5957000",
        "column_7": "",
        "column_8": "http://www.linkedin.com/in/sree-subramaniam",
        "column_11": "http://www.linkedin.com/company/content-formula",
        "column_12": "https://facebook.com/ContentFormula/",
        "column_13": "https://twitter.com/contentformula",
        "column_27": "Request email",
        "column_28": ""
      },
      {
        "company_name": "England",
        "website_url": "https://coolservices.co.uk",
        "column_5": "elaine@coolservices.co.uk",
        "phone": "",
        "column_7": "+44 7947 140557",
        "column_8": "http://www.linkedin.com/in/elaineliversidge",
        "column_11": "http://www.linkedin.com/company/cool-services-ltd",
        "column_12": "https://www.facebook.com/CoolServicesShrewsbury",
        "column_13": "",
        "column_27": "",
        "column_28": ""
      },
      {
        "company_name": "44 845 071 0985",
        "website_url": "https://corerfid.com",
        "column_5": "c.mccartney@corerfid.com",
        "phone": "",
        "column_7": "",
        "column_8": "http://www.linkedin.com/in/chris-mccartney",
        "column_11": "http://www.linkedin.com/company/corerfid-ltd-",
        "column_12": "https://facebook.com/CoreRFID/",
        "column_13": "https://twitter.com/corerfid",
        "column_27": "",
        "column_28": ""
      },
      {
        "company_name": "Birmingham",
        "website_url": "https://part of The Antser Group",
        "column_5": "Marketing Manager",
        "phone": "",
        "column_7": "+44 751 919 1875",
        "column_8": "",
        "column_11": "professional training & coaching",
        "column_12": "http://www.linkedin.com/company/cornerstonevr",
        "column_13": "https://www.facebook.com/CornerstoneVR/",
        "column_27": "",
        "column_28": ""
      },
      {
        "company_name": "England",
        "website_url": "https://cosyfeet.com",
        "column_5": "becky.howells@cosyfeet.com",
        "phone": "239000",
        "column_7": "+44 7818 062571",
        "column_8": "http://www.linkedin.com/in/becky-howells-466056282",
        "column_11": "http://www.linkedin.com/company/cosyfeet",
        "column_12": "https://facebook.com/cosyfeet",
        "column_13": "https://twitter.com/Cosyfeet",
        "column_27": "No website",
        "column_28": ""
      },
      {
        "company_name": "England",
        "website_url": "https://cotswoldhomes.co.uk",
        "column_5": "",
        "phone": "",
        "column_7": "",
        "column_8": "http://www.linkedin.com/in/keelin-mcleman-85900522",
        "column_11": "http://www.linkedin.com/company/cotswold-homes-ltd",
        "column_12": "",
        "column_13": "",
        "column_27": "",
        "column_28": ""
      },
      {
        "company_name": "44 131 603 7333",
        "website_url": "https://coultersproperty.co.uk",
        "column_5": "",
        "phone": "",
        "column_7": "",
        "column_8": "http://www.linkedin.com/in/raina-d-520209122",
        "column_11": "http://www.linkedin.com/company/coulters",
        "column_12": "https://facebook.com/EstateAgentsEdinburgh",
        "column_13": "",
        "column_27": "",
        "column_28": ""
      },
      {
        "company_name": "England",
        "website_url": "https://counter.partners",
        "column_5": "emma.macgregor@counter.partners",
        "phone": "",
        "column_7": "",
        "column_8": "http://www.linkedin.com/in/emma-macgregor-1a345855",
        "column_11": "http://www.linkedin.com/company/counter-partners",
        "column_12": "",
        "column_13": "",
        "column_27": "On leave",
        "column_28": ""
      },
      {
        "company_name": "England",
        "website_url": "https://thecrt.co.uk",
        "column_5": "j.robbins@thecrt.co.uk",
        "phone": "2030000",
        "column_7": "+44 7743 540722",
        "column_8": "http://www.linkedin.com/in/juliestigwood",
        "column_11": "http://www.linkedin.com/company/the-countryside-regeneration-trust",
        "column_12": "https://www.facebook.com/CRTWildlife",
        "column_13": "https://twitter.com/CRTbarton",
        "column_27": "",
        "column_28": ""
      },
      {
        "company_name": "England",
        "website_url": "https://covermeapp.co",
        "column_5": "",
        "phone": "",
        "column_7": "",
        "column_8": "http://www.linkedin.com/in/shey-shehovich-980964289",
        "column_11": "http://www.linkedin.com/company/coverme-app",
        "column_12": "",
        "column_13": "",
        "column_27": "",
        "column_28": ""
      },
      {
        "company_name": "Wales",
        "website_url": "https://cpshomes.co.uk",
        "column_5": "nathan.walker@cpshomes.co.uk",
        "phone": "305000",
        "column_7": "",
        "column_8": "http://www.linkedin.com/in/nathan-walker-773bb5141",
        "column_11": "http://www.linkedin.com/company/cps-homes",
        "column_12": "https://www.facebook.com/CPSHomes",
        "column_13": "https://twitter.com/CPSHomes",
        "column_27": "",
        "column_28": ""
      },
      {
        "company_name": "England",
        "website_url": "https://cqmltd.co.uk",
        "column_5": "cameron.hobson@cqmltd.co.uk",
        "phone": "",
        "column_7": "",
        "column_8": "http://www.linkedin.com/in/cameron-hobson-b96b30111",
        "column_11": "http://www.linkedin.com/company/cqm-training-and-consultancy-ltd",
        "column_12": "https://www.facebook.com/CQMTrainingandConsultancy",
        "column_13": "https://twitter.com/CQMtc",
        "column_27": "VM",
        "column_28": ""
      },
      {
        "company_name": "England",
        "website_url": "https://cquel.io",
        "column_5": "deborah@cquel.io",
        "phone": "",
        "column_7": "",
        "column_8": "http://www.linkedin.com/in/deborah-chu-6b13376b",
        "column_11": "http://www.linkedin.com/company/cquel",
        "column_12": "",
        "column_13": "",
        "column_27": "",
        "column_28": ""
      },
      {
        "company_name": "United Kingdom",
        "website_url": "https://creativealliance.org.uk",
        "column_5": "gustavo@creativealliance.org.uk",
        "phone": "",
        "column_7": "",
        "column_8": "http://www.linkedin.com/in/g-tovar",
        "column_11": "http://www.linkedin.com/company/west-midlands-creative-alliance",
        "column_12": "https://www.facebook.com/CreativeAllianceUK",
        "column_13": "https://twitter.com/create_alliance",
        "column_27": "",
        "column_28": ""
      },
      {
        "company_name": "United Kingdom",
        "website_url": "https://credas.com",
        "column_5": "jonathan.bennett@credas.com",
        "phone": "",
        "column_7": "",
        "column_8": "http://www.linkedin.com/in/jonathan-bennett-uk",
        "column_11": "http://www.linkedin.com/company/credas",
        "column_12": "https://www.facebook.com/MyCredas/",
        "column_13": "https://twitter.com/mycredas",
        "column_27": "",
        "column_28": ""
      },
      {
        "company_name": "Oxford",
        "website_url": "https://creditnature.com",
        "column_5": "Communications & Content Lead",
        "phone": "",
        "column_7": "+1 954-740-4884",
        "column_8": "",
        "column_11": "information technology & services",
        "column_12": "http://www.linkedin.com/company/creditnature",
        "column_13": "",
        "column_27": "",
        "column_28": ""
      },
      {
        "company_name": "England",
        "website_url": "https://mallcribbs.com",
        "column_5": "claire.murrell@mallcribbs.com",
        "phone": "4065000",
        "column_7": "",
        "column_8": "http://www.linkedin.com/in/claire-murrell-ba55364b",
        "column_11": "http://www.linkedin.com/company/the-mall-at-cribbs-causeway",
        "column_12": "https://www.facebook.com/pages/The-Mall-at-Cribbs-Causeway/183334465049500",
        "column_13": "https://twitter.com/mallcribbs",
        "column_27": "",
        "column_28": ""
      },
      {
        "company_name": "Scotland",
        "website_url": "https://criterion.org.uk",
        "column_5": "",
        "phone": "",
        "column_7": "",
        "column_8": "http://www.linkedin.com/in/justinepattullo-b2b-fintech-marketing",
        "column_11": "http://www.linkedin.com/company/wearecriterion",
        "column_12": "",
        "column_13": "https://twitter.com/CriterionTec",
        "column_27": "",
        "column_28": ""
      },
      {
        "company_name": "England",
        "website_url": "https://crofton-eng.co.uk",
        "column_5": "zoe@crofton-eng.co.uk",
        "phone": "",
        "column_7": "",
        "column_8": "http://www.linkedin.com/in/zoe-godfrey-n%c3%a9e-halliday-b0065926",
        "column_11": "http://www.linkedin.com/company/crofton-engineering-ltd",
        "column_12": "",
        "column_13": "https://twitter.com/croftoneng",
        "column_27": "",
        "column_28": ""
      },
      {
        "company_name": "England",
        "website_url": "https://crowninteriors.com",
        "column_5": "",
        "phone": "11424000",
        "column_7": "",
        "column_8": "http://www.linkedin.com/in/marketing-communications-73a9a1108",
        "column_11": "http://www.linkedin.com/company/crown-interiors-ltd",
        "column_12": "",
        "column_13": "https://twitter.com/CrownInteriors1",
        "column_27": "",
        "column_28": ""
      },
      {
        "company_name": "England",
        "website_url": "https://cubed3.com",
        "column_5": "",
        "phone": "824000",
        "column_7": "",
        "column_8": "http://www.linkedin.com/in/marissa-chu-41859624a",
        "column_11": "http://www.linkedin.com/company/cubed3",
        "column_12": "https://www.facebook.com/Cubed3/",
        "column_13": "https://twitter.com/cubed3",
        "column_27": "",
        "column_28": ""
      },
      {
        "company_name": "England",
        "website_url": "https://culture-shift.co.uk",
        "column_5": "hannah@culture-shift.co.uk",
        "phone": "",
        "column_7": "",
        "column_8": "http://www.linkedin.com/in/hannahwhitby",
        "column_11": "http://www.linkedin.com/company/culture-shift-communications-ltd",
        "column_12": "https://www.facebook.com/UKCultureShift/",
        "column_13": "https://twitter.com/ukcultureshift",
        "column_27": "",
        "column_28": ""
      },
      {
        "company_name": "United Kingdom",
        "website_url": "https://cytal.co.uk",
        "column_5": "darren.beare@cytal.co.uk",
        "phone": "",
        "column_7": "",
        "column_8": "http://www.linkedin.com/in/darrenbeare",
        "column_11": "http://www.linkedin.com/company/cytal-uk-ltd",
        "column_12": "",
        "column_13": "https://twitter.com/CyTAL_UK",
        "column_27": "",
        "column_28": ""
      },
      {
        "company_name": "England",
        "website_url": "https://d55.co.uk",
        "column_5": "umer.ejaz@d55.co.uk",
        "phone": "",
        "column_7": "",
        "column_8": "http://www.linkedin.com/in/umar-ejaz-a15aa2189",
        "column_11": "http://www.linkedin.com/company/d55-limited",
        "column_12": "",
        "column_13": "",
        "column_27": "",
        "column_28": ""
      },
      {
        "company_name": "England",
        "website_url": "https://data-cubed.com",
        "column_5": "alex@data-cubed.co.uk",
        "phone": "",
        "column_7": "",
        "column_8": "http://www.linkedin.com/in/smith-alexander10",
        "column_11": "http://www.linkedin.com/company/data-cubed-limited",
        "column_12": "",
        "column_13": "",
        "column_27": "",
        "column_28": ""
      },
      {
        "company_name": "England",
        "website_url": "https://datrixtraining.com",
        "column_5": "",
        "phone": "",
        "column_7": "",
        "column_8": "http://www.linkedin.com/in/nick-smith-391774169",
        "column_11": "http://www.linkedin.com/company/datrix-training",
        "column_12": "https://www.facebook.com/DatrixTraining/",
        "column_13": "https://www.twitter.com/datrixtraining",
        "column_27": "",
        "column_28": ""
      },
      {
        "company_name": "England",
        "website_url": "https://davidsonsltd.co.uk",
        "column_5": "",
        "phone": "",
        "column_7": "",
        "column_8": "http://www.linkedin.com/in/adele-holmes-9b68031b6",
        "column_11": "http://www.linkedin.com/company/davidsons-plumbing-heating-ltd",
        "column_12": "",
        "column_13": "",
        "column_27": "",
        "column_28": ""
      },
      {
        "company_name": "England",
        "website_url": "https://virtualdcs.co.uk",
        "column_5": "nikki.towler@virtualdcs.co.uk",
        "phone": "314000",
        "column_7": "",
        "column_8": "http://www.linkedin.com/in/nicolatowler",
        "column_11": "http://www.linkedin.com/company/virtualdcs",
        "column_12": "https://facebook.com/virtualdcs",
        "column_13": "https://twitter.com/virtualdcs",
        "column_27": "",
        "column_28": ""
      },
      {
        "company_name": "England",
        "website_url": "https://ddqinvest.com",
        "column_5": "sanjay@ddqinvest.com",
        "phone": "",
        "column_7": "",
        "column_8": "http://www.linkedin.com/in/sanjay-nair-45185b13",
        "column_11": "http://www.linkedin.com/company/ddqinvest",
        "column_12": "https://www.facebook.com/DDQINVEST",
        "column_13": "https://twitter.com/DDQINVEST",
        "column_27": "",
        "column_28": ""
      },
      {
        "company_name": "England",
        "website_url": "https://deansplc.co.uk",
        "column_5": "",
        "phone": "",
        "column_7": "",
        "column_8": "http://www.linkedin.com/in/suzie-cowling-0b67369",
        "column_11": "http://www.linkedin.com/company/deans-computer-services-ltd",
        "column_12": "https://www.facebook.com/DeansComputerServices",
        "column_13": "https://twitter.com/DeansComputers",
        "column_27": "Retired 4 years ago",
        "column_28": ""
      },
      {
        "company_name": "Scotland",
        "website_url": "https://deansproperties.co.uk",
        "column_5": "christina.marini-aitken@deansproperties.co.uk",
        "phone": "",
        "column_7": "",
        "column_8": "http://www.linkedin.com/in/christina-marini-aitken-0a56981a1",
        "column_11": "http://www.linkedin.com/company/deans-solicitors-and-estate-agents-llp",
        "column_12": "https://www.facebook.com/deansproperties",
        "column_13": "https://twitter.com/DeansProperties",
        "column_27": "",
        "column_28": ""
      },
      {
        "company_name": "England",
        "website_url": "https://delbosque.group",
        "column_5": "cat.day@delbosque.group",
        "phone": "",
        "column_7": "",
        "column_8": "http://www.linkedin.com/in/cat-day-548b9042",
        "column_11": "http://www.linkedin.com/company/del-bosque-ltd",
        "column_12": "",
        "column_13": "",
        "column_27": "No longer works there",
        "column_28": ""
      },
      {
        "company_name": "Chesterfield",
        "website_url": "https://denkauk.com",
        "column_5": "john@denkauk.com",
        "phone": "44 80 0707 6212",
        "column_7": "",
        "column_8": "http://www.linkedin.com/in/john-elliss-a8388a68",
        "column_11": "wellness & fitness",
        "column_12": "http://www.linkedin.com/company/denka-uk",
        "column_13": "",
        "column_27": "",
        "column_28": "No longer works there"
      },
      {
        "company_name": "Scotland",
        "website_url": "https://denovobi.com",
        "column_5": "grant@denovobi.com",
        "phone": "",
        "column_7": "",
        "column_8": "http://www.linkedin.com/in/grant-yuill-3ba42792",
        "column_11": "http://www.linkedin.com/company/denovo-business-intelligence-limited",
        "column_12": "",
        "column_13": "https://twitter.com/DenovoBI",
        "column_27": "",
        "column_28": ""
      },
      {
        "company_name": "England",
        "website_url": "https://depositprotection.com",
        "column_5": "david.sowerby@depositprotection.com",
        "phone": "",
        "column_7": "",
        "column_8": "http://www.linkedin.com/in/davidjsowerby",
        "column_11": "http://www.linkedin.com/company/deposit-protection-service",
        "column_12": "",
        "column_13": "",
        "column_27": "",
        "column_28": ""
      },
      {
        "company_name": "United Kingdom",
        "website_url": "https://depotnet.co.uk",
        "column_5": "reece.baggott@depotnet.co.uk",
        "phone": "",
        "column_7": "",
        "column_8": "http://www.linkedin.com/in/reece-baggott-5ba575144",
        "column_11": "http://www.linkedin.com/company/depotnetltd",
        "column_12": "https://facebook.com/pages/DepotNET/209573425378",
        "column_13": "https://twitter.com/depotnet",
        "column_27": "",
        "column_28": ""
      },
      {
        "company_name": "United Kingdom",
        "website_url": "https://designandsupply.co.uk",
        "column_5": "ellie@designandsupply.co.uk",
        "phone": "",
        "column_7": "",
        "column_8": "http://www.linkedin.com/in/ellie-jones-786896223",
        "column_11": "http://www.linkedin.com/company/design-and-supply-ltd",
        "column_12": "",
        "column_13": "",
        "column_27": "",
        "column_28": ""
      },
      {
        "company_name": "England",
        "website_url": "https://devonshirehousedental.co.uk",
        "column_5": "sally.nicholas@dh-dental.co.uk",
        "phone": "7281000",
        "column_7": "",
        "column_8": "http://www.linkedin.com/in/sally-nicholas-87451597",
        "column_11": "http://www.linkedin.com/company/devonshire-house-dental-practice",
        "column_12": "https://www.facebook.com/DevonshireHouseDental",
        "column_13": "https://twitter.com/DevHouseDental",
        "column_27": "",
        "column_28": ""
      },
      {
        "company_name": "England",
        "website_url": "https://diaquip.co.uk",
        "column_5": "shelley@diaquip.co.uk",
        "phone": "8000000",
        "column_7": "",
        "column_8": "http://www.linkedin.com/in/shelley-harrison-2bb1a714",
        "column_11": "http://www.linkedin.com/company/diaquip",
        "column_12": "https://facebook.com/diamonddrillingproducts/",
        "column_13": "https://twitter.com/dq_diaquip",
        "column_27": "",
        "column_28": ""
      },
      {
        "company_name": "England",
        "website_url": "https://didac.co.uk",
        "column_5": "",
        "phone": "2850000",
        "column_7": "",
        "column_8": "http://www.linkedin.com/in/chris-james-50976b39",
        "column_11": "http://www.linkedin.com/company/didac-limited",
        "column_12": "https://www.facebook.com/DidacLtd",
        "column_13": "https://twitter.com/didacltd",
        "column_27": "",
        "column_28": ""
      },
      {
        "company_name": "England",
        "website_url": "https://diggecard.com",
        "column_5": "suzanne.dalmedo@diggecard.com",
        "phone": "",
        "column_7": "",
        "column_8": "http://www.linkedin.com/in/suzannedalmedo",
        "column_11": "http://www.linkedin.com/company/diggecard",
        "column_12": "https://www.facebook.com/DiggecardUK",
        "column_13": "https://twitter.com/Diggecard1",
        "column_27": "",
        "column_28": ""
      },
      {
        "company_name": "England",
        "website_url": "https://digital-origin.co.uk",
        "column_5": "ashleigh.gibson@digital-origin.co.uk",
        "phone": "",
        "column_7": "",
        "column_8": "http://www.linkedin.com/in/ashleighgibson",
        "column_11": "http://www.linkedin.com/company/digital-origin",
        "column_12": "",
        "column_13": "",
        "column_27": "",
        "column_28": ""
      },
      {
        "company_name": "44 794 743 0685",
        "website_url": "https://digitilizeweb.com",
        "column_5": "",
        "phone": "",
        "column_7": "",
        "column_8": "http://www.linkedin.com/in/dnoori",
        "column_11": "http://www.linkedin.com/company/digitilizeweb",
        "column_12": "https://www.facebook.com/DigitilizeWeb",
        "column_13": "https://twitter.com/digitilizeweb",
        "column_27": "",
        "column_28": ""
      },
      {
        "company_name": "England",
        "website_url": "https://diversido.io",
        "column_5": "maryna.plotnykova@diversido.io",
        "phone": "",
        "column_7": "",
        "column_8": "http://www.linkedin.com/in/marynaplotnykova",
        "column_11": "http://www.linkedin.com/company/diversido",
        "column_12": "https://www.facebook.com/diversido",
        "column_13": "https://twitter.com/diversido",
        "column_27": "",
        "column_28": ""
      },
      {
        "company_name": "United Kingdom",
        "website_url": "https://dmcranes.co.uk",
        "column_5": "",
        "phone": "",
        "column_7": "",
        "column_8": "http://www.linkedin.com/in/karl-dickey-35353937",
        "column_11": "http://www.linkedin.com/company/dm-cranes-ltd",
        "column_12": "https://www.facebook.com/DMCranes",
        "column_13": "",
        "column_27": "",
        "column_28": ""
      },
      {
        "company_name": "United Kingdom",
        "website_url": "https://dock.co.uk",
        "column_5": "laura@igoo.co.uk",
        "phone": "",
        "column_7": "",
        "column_8": "http://www.linkedin.com/in/laucheetham",
        "column_11": "http://www.linkedin.com/company/wearedock",
        "column_12": "https://facebook.com/igoowebsitedesign",
        "column_13": "https://twitter.com/igoouk",
        "column_27": "",
        "column_28": ""
      },
      {
        "company_name": "United Kingdom",
        "website_url": "https://documentdatagroup.com",
        "column_5": "lynneboyd@documentdatagroup.com",
        "phone": "",
        "column_7": "",
        "column_8": "http://www.linkedin.com/in/lynne-boyd-55734993",
        "column_11": "http://www.linkedin.com/company/document-data-group",
        "column_12": "",
        "column_13": "",
        "column_27": "",
        "column_28": ""
      },
      {
        "company_name": "England",
        "website_url": "https://dorplan.co.uk",
        "column_5": "darren.smith@dorplan.co.uk",
        "phone": "",
        "column_7": "",
        "column_8": "http://www.linkedin.com/in/darrenroysmith",
        "column_11": "http://www.linkedin.com/company/dorplan",
        "column_12": "",
        "column_13": "",
        "column_27": "",
        "column_28": ""
      },
      {
        "company_name": "44 113 819 9985",
        "website_url": "https://dowsingandreynolds.com",
        "column_5": "ally@dowsingandreynolds.com",
        "phone": "",
        "column_7": "",
        "column_8": "http://www.linkedin.com/in/allydowsingreynolds",
        "column_11": "http://www.linkedin.com/company/dowsing-&-reynolds",
        "column_12": "https://www.facebook.com/DowsingandReynolds/",
        "column_13": "https://twitter.com/DowsingReynolds",
        "column_27": "",
        "column_28": ""
      },
      {
        "company_name": "England",
        "website_url": "https://drpinsurance.com",
        "column_5": "edreisenstock@drpinsurance.com",
        "phone": "7111000",
        "column_7": "",
        "column_8": "http://www.linkedin.com/in/ellie-dreisenstock-828495b",
        "column_11": "http://www.linkedin.com/company/david-roberts-partners-group",
        "column_12": "",
        "column_13": "",
        "column_27": "",
        "column_28": ""
      },
      {
        "company_name": "United Kingdom",
        "website_url": "https://drams-software.com",
        "column_5": "michael.dalgleish@drams-software.com",
        "phone": "",
        "column_7": "",
        "column_8": "http://www.linkedin.com/in/mjdalgleish",
        "column_11": "http://www.linkedin.com/company/drams",
        "column_12": "",
        "column_13": "https://twitter.com/drams",
        "column_27": "",
        "column_28": ""
      },
      {
        "company_name": "England",
        "website_url": "https://dryadeducation.com",
        "column_5": "chrissyc@dryadeducation.co.uk",
        "phone": "",
        "column_7": "",
        "column_8": "http://www.linkedin.com/in/chrissy-cottrell-cmktr-73684826",
        "column_11": "http://www.linkedin.com/company/dryad-education",
        "column_12": "",
        "column_13": "",
        "column_27": "",
        "column_28": ""
      },
      {
        "company_name": "United Kingdom",
        "website_url": "https://dtguk.co.uk",
        "column_5": "lee.evans@dovetailgroupuk.co.uk",
        "phone": "",
        "column_7": "",
        "column_8": "http://www.linkedin.com/in/lee-evans-17177724a",
        "column_11": "http://www.linkedin.com/company/dtg-group",
        "column_12": "",
        "column_13": "",
        "column_27": "",
        "column_28": ""
      },
      {
        "company_name": "Scotland",
        "website_url": "https://ductform.co.uk",
        "column_5": "nspence@ductform.com",
        "phone": "",
        "column_7": "",
        "column_8": "http://www.linkedin.com/in/neisha-spence-0b23bb190",
        "column_11": "http://www.linkedin.com/company/ductform-hfe",
        "column_12": "https://facebook.com/ductformhfe",
        "column_13": "https://twitter.com/ductform",
        "column_27": "",
        "column_28": ""
      },
      {
        "company_name": "England",
        "website_url": "https://duro-diamonds.com",
        "column_5": "s.devonshire@duro-yokota.co.uk",
        "phone": "",
        "column_7": "+44 7949 109047",
        "column_8": "http://www.linkedin.com/in/scott-devonshire-8109114",
        "column_11": "http://www.linkedin.com/company/duro-yokota",
        "column_12": "http://www.facebook.com/DuroDiamonds/",
        "column_13": "",
        "column_27": "",
        "column_28": ""
      },
      {
        "company_name": "United Kingdom",
        "website_url": "https://dyad.net",
        "column_5": "sarah.khalid@dyad.net",
        "phone": "",
        "column_7": "",
        "column_8": "http://www.linkedin.com/in/sarah-khalid-media",
        "column_11": "http://www.linkedin.com/company/dyad-ai",
        "column_12": "",
        "column_13": "",
        "column_27": "",
        "column_28": ""
      },
      {
        "company_name": "United Kingdom",
        "website_url": "https://dynarisk.com",
        "column_5": "charley@dynarisk.com",
        "phone": "",
        "column_7": "",
        "column_8": "http://www.linkedin.com/in/charley-d-a56173a3",
        "column_11": "http://www.linkedin.com/company/dynarisk",
        "column_12": "https://www.facebook.com/dynarisk",
        "column_13": "https://twitter.com/dynarisk",
        "column_27": "",
        "column_28": ""
      },
      {
        "company_name": "Easyspace",
        "website_url": "https://easyspace.com",
        "column_5": "easyspacemarketing@easyspace.com",
        "phone": "",
        "column_7": "",
        "column_8": "http://www.linkedin.com/in/easyspacemarketing",
        "column_11": "http://www.linkedin.com/company/easyspace",
        "column_12": "https://facebook.com/easyspaceltd",
        "column_13": "https://twitter.com/easyspace",
        "column_27": "",
        "column_28": ""
      },
      {
        "company_name": "England",
        "website_url": "https://ebdesignsgroup.com",
        "column_5": "oscar@ebdesigns.co.uk",
        "phone": "4617000",
        "column_7": "+44 1604 860909",
        "column_8": "http://www.linkedin.com/in/oscar-buizza-73458697",
        "column_11": "http://www.linkedin.com/company/eb-designs-group",
        "column_12": "https://facebook.com/ebdesignsInternational",
        "column_13": "https://twitter.com/ebdiGlobal",
        "column_27": "",
        "column_28": ""
      },
      {
        "company_name": "England",
        "website_url": "https://ecghealthcare.co.uk",
        "column_5": "recruitment@ecgtraining.co.uk",
        "phone": "",
        "column_7": "",
        "column_8": "http://www.linkedin.com/in/recruitment-ecg-a0780522a",
        "column_11": "http://www.linkedin.com/company/ecg-healthcare-group",
        "column_12": "",
        "column_13": "",
        "column_27": "",
        "column_28": ""
      },
      {
        "company_name": "England",
        "website_url": "https://echofireandmedical.com",
        "column_5": "paula@echofireandmedical.com",
        "phone": "",
        "column_7": "",
        "column_8": "http://www.linkedin.com/in/paula-lee-694b4646",
        "column_11": "http://www.linkedin.com/company/echofireandmedical",
        "column_12": "",
        "column_13": "",
        "column_27": "",
        "column_28": ""
      },
      {
        "company_name": "England",
        "website_url": "https://ecomplete.com",
        "column_5": "austin.bland@ecomplete.com",
        "phone": "",
        "column_7": "",
        "column_8": "http://www.linkedin.com/in/austinbland",
        "column_11": "http://www.linkedin.com/company/ecomplete-group",
        "column_12": "",
        "column_13": "",
        "column_27": "",
        "column_28": ""
      },
      {
        "company_name": "England",
        "website_url": "https://e-days.com",
        "column_5": "georgina.mackintosh@e-days.com",
        "phone": "",
        "column_7": "",
        "column_8": "http://www.linkedin.com/in/georginamackintosh",
        "column_11": "http://www.linkedin.com/company/e-days",
        "column_12": "https://www.facebook.com/edaysabsencemanager/",
        "column_13": "https://twitter.com/edayssoftware",
        "column_27": "",
        "column_28": ""
      },
      {
        "company_name": "44 13 1557 2479",
        "website_url": "https://edinburghprintmakers.co.uk",
        "column_5": "roseanne.tye@edinburghprintmakers.co.uk",
        "phone": "",
        "column_7": "+44 7881 209407",
        "column_8": "http://www.linkedin.com/in/roseanne-tye-28922215b",
        "column_11": "http://www.linkedin.com/company/edinburghprintmakers",
        "column_12": "https://facebook.com/EdinburghPrintmakers",
        "column_13": "https://twitter.com/EdinburghPrints",
        "column_27": "",
        "column_28": ""
      },
      {
        "company_name": "44 131 609 5327",
        "website_url": "https://edinburghwhiskyacademy.com",
        "column_5": "heather@edinburghwhiskyacademy.com",
        "phone": "",
        "column_7": "",
        "column_8": "http://www.linkedin.com/in/heather-smith-080319198",
        "column_11": "http://www.linkedin.com/school/edinburgh-whisky-academy",
        "column_12": "",
        "column_13": "https://twitter.com/edinwhiskyacad",
        "column_27": "",
        "column_28": ""
      },
      {
        "company_name": "Scotland",
        "website_url": "https://ediston.com",
        "column_5": "hayley.kirkland@ediston.com",
        "phone": "",
        "column_7": "",
        "column_8": "http://www.linkedin.com/in/hayley-kirkland-9378aa143",
        "column_11": "http://www.linkedin.com/company/ediston-properties-limited",
        "column_12": "https://facebook.com/edistonhomesuk",
        "column_13": "",
        "column_27": "",
        "column_28": ""
      },
      {
        "company_name": "Scotland",
        "website_url": "https://ediston.com",
        "column_5": "anna.munro@ediston.com",
        "phone": "",
        "column_7": "",
        "column_8": "http://www.linkedin.com/in/anna-munro-aa55371a3",
        "column_11": "http://www.linkedin.com/company/ediston-properties-limited",
        "column_12": "https://facebook.com/edistonhomesuk",
        "column_13": "",
        "column_27": "",
        "column_28": ""
      },
      {
        "company_name": "44 162 328 7840",
        "website_url": "https://educationmutual.co.uk",
        "column_5": "ellierischer@educationmutual.co.uk",
        "phone": "",
        "column_7": "",
        "column_8": "http://www.linkedin.com/in/ellie-rischer-4135b4173",
        "column_11": "http://www.linkedin.com/company/education-mutual",
        "column_12": "https://www.facebook.com/EducationMutual",
        "column_13": "https://twitter.com/EducationMutual",
        "column_27": "",
        "column_28": ""
      },
      {
        "company_name": "44 117 379 0450",
        "website_url": "https://educationwisegroup.co.uk",
        "column_5": "gtaylor@education-wise.org",
        "phone": "",
        "column_7": "",
        "column_8": "http://www.linkedin.com/in/george-t-94a5a2193",
        "column_11": "http://www.linkedin.com/company/educationwise-group-ltd",
        "column_12": "https://www.facebook.com/educationwiseacademyuk/",
        "column_13": "",
        "column_27": "",
        "column_28": ""
      },
      {
        "company_name": "England",
        "website_url": "https://edwinjagger.com",
        "column_5": "mattbowyer@edwinjagger.com",
        "phone": "15270000",
        "column_7": "",
        "column_8": "http://www.linkedin.com/in/matt-bowyer-a609433a",
        "column_11": "http://www.linkedin.com/company/edwin-jagger",
        "column_12": "https://www.facebook.com/edwinjagger/",
        "column_13": "https://twitter.com/edwinjagger",
        "column_27": "",
        "column_28": ""
      },
      {
        "company_name": "England",
        "website_url": "https://ehe.ai",
        "column_5": "simon@ehe.ai",
        "phone": "",
        "column_7": "",
        "column_8": "http://www.linkedin.com/in/simonlandi",
        "column_11": "http://www.linkedin.com/company/ehe-ventures",
        "column_12": "",
        "column_13": "",
        "column_27": "",
        "column_28": ""
      },
      {
        "company_name": "Eip",
        "website_url": "https://eip.tech",
        "column_5": "adamg@eip.tech",
        "phone": "",
        "column_7": "",
        "column_8": "http://www.linkedin.com/in/glen-a-a71799",
        "column_11": "http://www.linkedin.com/company/eip-limited",
        "column_12": "",
        "column_13": "",
        "column_27": "",
        "column_28": ""
      },
      {
        "company_name": "England",
        "website_url": "https://ekwgroup.co.uk",
        "column_5": "emma.martin@ekwgroup.co.uk",
        "phone": "",
        "column_7": "",
        "column_8": "http://www.linkedin.com/in/emma-martin-a2a40649",
        "column_11": "http://www.linkedin.com/company/ekw-group",
        "column_12": "https://www.facebook.com/AncoraThemes/",
        "column_13": "",
        "column_27": "",
        "column_28": ""
      },
      {
        "company_name": "England",
        "website_url": "https://electiva.co.uk",
        "column_5": "corrado.pisanu@electiva.co.uk",
        "phone": "",
        "column_7": "",
        "column_8": "http://www.linkedin.com/in/corrado-pisanu-920abb24",
        "column_11": "http://www.linkedin.com/company/electiva-healthcare",
        "column_12": "https://www.facebook.com/electivahealthcare",
        "column_13": "https://twitter.com/ElectivaHealth",
        "column_27": "",
        "column_28": ""
      },
      {
        "company_name": "England",
        "website_url": "https://electriccircus.co.uk",
        "column_5": "ellie@electriccircus.co.uk",
        "phone": "",
        "column_7": "",
        "column_8": "http://www.linkedin.com/in/eleanor-edge-891430257",
        "column_11": "http://www.linkedin.com/company/electric-circus-digital",
        "column_12": "",
        "column_13": "https://twitter.com/electr1ccircus",
        "column_27": "",
        "column_28": ""
      },
      {
        "company_name": "England",
        "website_url": "https://electronicfrontier.co.uk",
        "column_5": "luciana.gorostidi@elecfron.com",
        "phone": "36199000",
        "column_7": "",
        "column_8": "http://www.linkedin.com/in/luciana-andrea-gorostidi",
        "column_11": "http://www.linkedin.com/company/electronic-frontier-ltd",
        "column_12": "https://facebook.com/electronicfrontierlimited",
        "column_13": "http://TWITter.com/elecfron",
        "column_27": "",
        "column_28": ""
      },
      {
        "company_name": "England",
        "website_url": "https://ers-online.co.uk",
        "column_5": "ldunn@ersltd.co.uk",
        "phone": "111000",
        "column_7": "",
        "column_8": "http://www.linkedin.com/in/laura-dunn-17150b136",
        "column_11": "http://www.linkedin.com/company/ersltduk",
        "column_12": "https://www.facebook.com/ersltduk/",
        "column_13": "https://www.twitter.com/ersltduk/",
        "column_27": "",
        "column_28": ""
      },
      {
        "company_name": "United Kingdom",
        "website_url": "https://elementaryuk.com",
        "column_5": "a.futers@elementaryuk.com",
        "phone": "",
        "column_7": "",
        "column_8": "http://www.linkedin.com/in/alan-futers-095999155",
        "column_11": "http://www.linkedin.com/company/elementary-technology",
        "column_12": "https://www.facebook.com/ElementaryTechnology/",
        "column_13": "https://twitter.com/elementaryAV",
        "column_27": "",
        "column_28": ""
      },
      {
        "company_name": "United Kingdom",
        "website_url": "https://elementaryuk.com",
        "column_5": "a.marshall@elementaryuk.com",
        "phone": "",
        "column_7": "",
        "column_8": "http://www.linkedin.com/in/alastair-marshall-71677762",
        "column_11": "http://www.linkedin.com/company/elementary-technology",
        "column_12": "https://www.facebook.com/ElementaryTechnology/",
        "column_13": "https://twitter.com/elementaryAV",
        "column_27": "",
        "column_28": ""
      },
      {
        "company_name": "England",
        "website_url": "https://elephantlovesbristol.co.uk",
        "column_5": "emilylamborn@elephantlovesbristol.co.uk",
        "phone": "",
        "column_7": "",
        "column_8": "http://www.linkedin.com/in/emilylamborn",
        "column_11": "http://www.linkedin.com/company/elephant-estate-agents",
        "column_12": "",
        "column_13": "",
        "column_27": "",
        "column_28": ""
      },
      {
        "company_name": "Stockport",
        "website_url": "https://elevatedknowledge.co.uk",
        "column_5": "Marketing and Sales",
        "phone": "44 33 3305 7641",
        "column_7": "",
        "column_8": "",
        "column_11": "professional training & coaching",
        "column_12": "http://www.linkedin.com/company/elevated-knowledge-ltd",
        "column_13": "",
        "column_27": "",
        "column_28": ""
      },
      {
        "company_name": "England",
        "website_url": "https://elm-online.co.uk",
        "column_5": "nathan.hobbs@elm-online.co.uk",
        "phone": "",
        "column_7": "",
        "column_8": "http://www.linkedin.com/in/nathan-hobbs-89394944",
        "column_11": "http://www.linkedin.com/company/elm-legal-services-ltd",
        "column_12": "",
        "column_13": "",
        "column_27": "",
        "column_28": ""
      },
      {
        "company_name": "England",
        "website_url": "https://enbros.co.uk",
        "column_5": "",
        "phone": "",
        "column_7": "",
        "column_8": "http://www.linkedin.com/in/keironmiller",
        "column_11": "http://www.linkedin.com/company/enbros-technologies-ltd",
        "column_12": "",
        "column_13": "",
        "column_27": "",
        "column_28": ""
      },
      {
        "company_name": "England",
        "website_url": "https://encompass-engineering.com",
        "column_5": "faye.duckett@encompass-engineering.com",
        "phone": "",
        "column_7": "",
        "column_8": "http://www.linkedin.com/in/faye-duckett-60529812",
        "column_11": "http://www.linkedin.com/company/encompass-engineering",
        "column_12": "",
        "column_13": "",
        "column_27": "",
        "column_28": ""
      },
      {
        "company_name": "England",
        "website_url": "https://enhancemedicalgroup.com",
        "column_5": "lbarnes@enhancemed.co.uk",
        "phone": "",
        "column_7": "",
        "column_8": "http://www.linkedin.com/in/liberty-barnes-529344131",
        "column_11": "http://www.linkedin.com/company/enhance-medical-group",
        "column_12": "",
        "column_13": "",
        "column_27": "no answer",
        "column_28": ""
      },
      {
        "company_name": "England",
        "website_url": "https://espprojects.co.uk",
        "column_5": "donna.aplin@espprojects.co.uk",
        "phone": "",
        "column_7": "",
        "column_8": "http://www.linkedin.com/in/donna-aplin",
        "column_11": "http://www.linkedin.com/company/esp-projects-ltd",
        "column_12": "https://facebook.com/espprojects",
        "column_13": "https://twitter.com/espprojects",
        "column_27": "",
        "column_28": ""
      },
      {
        "company_name": "England",
        "website_url": "https://essentialinsurance.co.uk",
        "column_5": "lewis.howe@essentialinsurance.co.uk",
        "phone": "",
        "column_7": "",
        "column_8": "http://www.linkedin.com/in/lewis-howe-127867112",
        "column_11": "http://www.linkedin.com/company/essential-insurance-services-uk-",
        "column_12": "https://www.facebook.com/essentialinsurance",
        "column_13": "https://twitter.com/essentialinsure",
        "column_27": "",
        "column_28": ""
      },
      {
        "company_name": "Scotland",
        "website_url": "https://estendio.com",
        "column_5": "cara@estendio.co.uk",
        "phone": "",
        "column_7": "",
        "column_8": "http://www.linkedin.com/in/cara-bielecki-b72a0a93",
        "column_11": "http://www.linkedin.com/company/estendio",
        "column_12": "",
        "column_13": "",
        "column_27": "",
        "column_28": ""
      },
      {
        "company_name": "Scotland",
        "website_url": "https://estendio.com",
        "column_5": "ben@presentpal.co.uk",
        "phone": "",
        "column_7": "",
        "column_8": "http://www.linkedin.com/in/benjrscott",
        "column_11": "http://www.linkedin.com/company/estendio",
        "column_12": "",
        "column_13": "",
        "column_27": "",
        "column_28": ""
      },
      {
        "company_name": "England",
        "website_url": "https://ethostec.net",
        "column_5": "natasha.white@ethostec.net",
        "phone": "",
        "column_7": "",
        "column_8": "http://www.linkedin.com/in/tashwallace",
        "column_11": "http://www.linkedin.com/company/ethos-technology-limited",
        "column_12": "",
        "column_13": "https://twitter.com/ethostechno",
        "column_27": "",
        "column_28": ""
      },
      {
        "company_name": "United Kingdom",
        "website_url": "https://everythingthatis.cloud",
        "column_5": "adele.mercer@everythingthatis.cloud",
        "phone": "",
        "column_7": "",
        "column_8": "http://www.linkedin.com/in/adele-mercer-79207278",
        "column_11": "http://www.linkedin.com/company/eticloud",
        "column_12": "",
        "column_13": "",
        "column_27": "",
        "column_28": ""
      },
      {
        "company_name": "England",
        "website_url": "https://eukhost.com",
        "column_5": "",
        "phone": "6400000",
        "column_7": "",
        "column_8": "http://www.linkedin.com/in/stanley-jones-4030181b",
        "column_11": "http://www.linkedin.com/company/eukhost-ltd",
        "column_12": "https://facebook.com/eUKhost/",
        "column_13": "https://twitter.com/eukhostltd",
        "column_27": "",
        "column_28": ""
      },
      {
        "company_name": "United Kingdom",
        "website_url": "https://euro-systems.co.uk",
        "column_5": "pferrie@euro-systems.co.uk",
        "phone": "",
        "column_7": "",
        "column_8": "http://www.linkedin.com/in/paul-ferrie-9506a2175",
        "column_11": "http://www.linkedin.com/company/euro-systems-it",
        "column_12": "",
        "column_13": "https://twitter.com/euro_systems",
        "column_27": "",
        "column_28": ""
      },
      {
        "company_name": "44 84 5649 2997",
        "website_url": "https://evalu-8.com",
        "column_5": "josh.mcnicholas@evalu-8.com",
        "phone": "",
        "column_7": "",
        "column_8": "http://www.linkedin.com/in/josh-mcnicholas",
        "column_11": "http://www.linkedin.com/company/evalu-8",
        "column_12": "",
        "column_13": "",
        "column_27": "",
        "column_28": ""
      },
      {
        "company_name": "United Kingdom",
        "website_url": "https://evanseasyspace.com",
        "column_5": "",
        "phone": "No website",
        "column_7": "",
        "column_8": "http://www.linkedin.com/in/maxinenathan",
        "column_11": "http://www.linkedin.com/company/evans-easyspace-ltd",
        "column_12": "https://facebook.com/pages/Evans-Easyspace/75413893511",
        "column_13": "https://twitter.com/evanseasyspace",
        "column_27": "",
        "column_28": ""
      },
      {
        "company_name": "England",
        "website_url": "https://evergive.com",
        "column_5": "b.wylie@evergive.com",
        "phone": "9873000",
        "column_7": "",
        "column_8": "http://www.linkedin.com/in/ben-wylie-774907b3",
        "column_11": "http://www.linkedin.com/company/evergive-app",
        "column_12": "https://facebook.com/evergive",
        "column_13": "https://twitter.com/evergiveapp",
        "column_27": "",
        "column_28": ""
      },
      {
        "company_name": "England",
        "website_url": "https://evotech.co.uk",
        "column_5": "",
        "phone": "",
        "column_7": "",
        "column_8": "http://www.linkedin.com/in/johartigan",
        "column_11": "http://www.linkedin.com/company/we-are-evotech",
        "column_12": "",
        "column_13": "https://twitter.com/WeAreEvotech",
        "column_27": "",
        "column_28": ""
      },
      {
        "company_name": "United Kingdom",
        "website_url": "https://evouchers.com",
        "column_5": "",
        "phone": "",
        "column_7": "",
        "column_8": "http://www.linkedin.com/in/hana-white-1a1128283",
        "column_11": "http://www.linkedin.com/company/evouchers",
        "column_12": "",
        "column_13": "",
        "column_27": "",
        "column_28": ""
      },
      {
        "company_name": "United Kingdom",
        "website_url": "https://exactatech.com",
        "column_5": "ellens@exactatech.com",
        "phone": "",
        "column_7": "",
        "column_8": "http://www.linkedin.com/in/ellen-sanders-2a733a213",
        "column_11": "http://www.linkedin.com/company/exacta-technologies-ltd",
        "column_12": "https://www.facebook.com/exactatech",
        "column_13": "https://twitter.com/ExactaTechGroup",
        "column_27": "",
        "column_28": ""
      },
      {
        "company_name": "Wales",
        "website_url": "https://excelerate-group.com",
        "column_5": "nicolas@excelerate.info",
        "phone": "10000000",
        "column_7": "",
        "column_8": "http://www.linkedin.com/in/nicola-savage-b893a879",
        "column_11": "http://www.linkedin.com/company/excelerate-technology",
        "column_12": "",
        "column_13": "https://twitter.com/excelerategroup",
        "column_27": "",
        "column_28": ""
      },
      {
        "company_name": "England",
        "website_url": "https://experian.co.uk",
        "column_5": "norman.taylor@uk.experian.com",
        "phone": "",
        "column_7": "",
        "column_8": "http://www.linkedin.com/in/norman-taylor-a2a82516",
        "column_11": "http://www.linkedin.com/company/compass-1440",
        "column_12": "",
        "column_13": "https://twitter.com/ExperianExperts",
        "column_27": "",
        "column_28": ""
      },
      {
        "company_name": "44 12 3456 7890",
        "website_url": "https://gettrend.com",
        "column_5": "moni@fandfstores.org",
        "phone": "",
        "column_7": "",
        "column_8": "http://www.linkedin.com/in/moni-fulea",
        "column_11": "http://www.linkedin.com/company/f-and-f-stores-ltd",
        "column_12": "https://www.facebook.com/thenookstores/",
        "column_13": "",
        "column_27": "",
        "column_28": ""
      },
      {
        "company_name": "United Kingdom",
        "website_url": "https://facet5global.com",
        "column_5": "helen.amiss@facet5global.com",
        "phone": "",
        "column_7": "+44 7743 067828",
        "column_8": "http://www.linkedin.com/in/helen-amiss-9a763412",
        "column_11": "http://www.linkedin.com/company/facet5",
        "column_12": "https://www.facebook.com/Facet5global/",
        "column_13": "",
        "column_27": "",
        "column_28": ""
      },
      {
        "company_name": "England",
        "website_url": "https://fairface.com",
        "column_5": "",
        "phone": "",
        "column_7": "",
        "column_8": "http://www.linkedin.com/in/jp-jaiswal-306671178",
        "column_11": "http://www.linkedin.com/company/fair-face",
        "column_12": "",
        "column_13": "",
        "column_27": "",
        "column_28": ""
      },
      {
        "company_name": "England",
        "website_url": "https://fantasyfootballscout.co.uk",
        "column_5": "joshuascott@fantasyfootballscout.co.uk",
        "phone": "",
        "column_7": "",
        "column_8": "http://www.linkedin.com/in/joshua-scott-32b9b5206",
        "column_11": "http://www.linkedin.com/company/fantasyfootballscout",
        "column_12": "https://www.facebook.com/fantasyfootballscout/",
        "column_13": "https://twitter.com/ffscout",
        "column_27": "",
        "column_28": ""
      },
      {
        "company_name": "England",
        "website_url": "https://farcroftgroup.com",
        "column_5": "carl.gibbs@farcroftuk.com",
        "phone": "",
        "column_7": "",
        "column_8": "http://www.linkedin.com/in/carl-gibbs-b5691028",
        "column_11": "http://www.linkedin.com/company/farcroft-restorations-ltd",
        "column_12": "https://facebook.com/farcroftukgroup",
        "column_13": "https://twitter.com/farcroftuk",
        "column_27": "",
        "column_28": ""
      },
      {
        "company_name": "Scotland",
        "website_url": "https://farrpoint.com",
        "column_5": "kristina.vard@farrpoint.com",
        "phone": "10196000",
        "column_7": "",
        "column_8": "http://www.linkedin.com/in/vardkristina",
        "column_11": "http://www.linkedin.com/company/farrpoint",
        "column_12": "",
        "column_13": "https://twitter.com/farrpoint",
        "column_27": "",
        "column_28": ""
      },
      {
        "company_name": "England",
        "website_url": "https://fastfence.co.uk",
        "column_5": "",
        "phone": "",
        "column_7": "+44 7581 470085",
        "column_8": "http://www.linkedin.com/in/neil-ramsden-78525040",
        "column_11": "http://www.linkedin.com/company/fast-fence",
        "column_12": "",
        "column_13": "",
        "column_27": "Deadline",
        "column_28": ""
      },
      {
        "company_name": "England",
        "website_url": "https://flane.co.uk",
        "column_5": "duncan.owen@flane.co.uk",
        "phone": "179000",
        "column_7": "",
        "column_8": "http://www.linkedin.com/in/duncanowen",
        "column_11": "http://www.linkedin.com/company/fast-lane-uk&i",
        "column_12": "https://www.facebook.com/UKFastLane",
        "column_13": "https://twitter.com/FastLaneUK",
        "column_27": "Deadline",
        "column_28": ""
      },
      {
        "company_name": "Wales",
        "website_url": "https://fatra.co.uk",
        "column_5": "james.luscombe@fatra.co.uk",
        "phone": "30369000",
        "column_7": "+44 7925 133109",
        "column_8": "http://www.linkedin.com/in/jamespluscombe",
        "column_11": "http://www.linkedin.com/company/fatra-uk",
        "column_12": "https://facebook.com/fatrauk",
        "column_13": "https://twitter.com/FatraUK",
        "column_27": "",
        "column_28": ""
      },
      {
        "company_name": "England",
        "website_url": "https://feridax.com",
        "column_5": "",
        "phone": "10000000",
        "column_7": "",
        "column_8": "http://www.linkedin.com/in/dave-bowater-397a317",
        "column_11": "http://www.linkedin.com/company/feridax-1957-limited",
        "column_12": "https://www.facebook.com/bikegear.co.uk/",
        "column_13": "https://twitter.com/TheFeridaxCrew",
        "column_27": "",
        "column_28": ""
      },
      {
        "company_name": "Filmtailor",
        "website_url": "https://filmtailor.ai",
        "column_5": "",
        "phone": "",
        "column_7": "",
        "column_8": "http://www.linkedin.com/in/valeria-vallejo",
        "column_11": "http://www.linkedin.com/company/filmtailor-ai",
        "column_12": "",
        "column_13": "",
        "column_27": "",
        "column_28": ""
      },
      {
        "company_name": "England",
        "website_url": "https://finestbrands.co.uk",
        "column_5": "liv@finestbrands.co.uk",
        "phone": "",
        "column_7": "",
        "column_8": "http://www.linkedin.com/in/olivia-samengo-turner-516b7683",
        "column_11": "http://www.linkedin.com/company/finest-brands-international",
        "column_12": "",
        "column_13": "",
        "column_27": "",
        "column_28": ""
      },
      {
        "company_name": "England",
        "website_url": "https://fintechwest.co.uk",
        "column_5": "ingrid.anusic@fintechwest.co.uk",
        "phone": "",
        "column_7": "",
        "column_8": "http://www.linkedin.com/in/ingridanusic",
        "column_11": "http://www.linkedin.com/company/fintech-west",
        "column_12": "",
        "column_13": "https://twitter.com/finawardsswest",
        "column_27": "",
        "column_28": ""
      },
      {
        "company_name": "44 122 322 3807",
        "website_url": "https://firstascentgroup.com",
        "column_5": "liz.wojciechowski@firstascentgroup.com",
        "phone": "",
        "column_7": "",
        "column_8": "http://www.linkedin.com/in/liz-wojciechowski",
        "column_11": "http://www.linkedin.com/company/first-ascent-group",
        "column_12": "",
        "column_13": "https://twitter.com/FirstAscentGrp",
        "column_27": "",
        "column_28": ""
      },
      {
        "company_name": "United Kingdom",
        "website_url": "https://fixtuur.com",
        "column_5": "anthony.botibol@fixtuur.com",
        "phone": "",
        "column_7": "",
        "column_8": "http://www.linkedin.com/in/anthonybotibol",
        "column_11": "http://www.linkedin.com/company/fixtuur",
        "column_12": "https://facebook.com/digitalbridgehq",
        "column_13": "https://twitter.com/fixtuur",
        "column_27": "",
        "column_28": ""
      },
      {
        "company_name": "United Kingdom",
        "website_url": "https://fixtuur.com",
        "column_5": "nisha.mistry@fixtuur.com",
        "phone": "",
        "column_7": "",
        "column_8": "http://www.linkedin.com/in/nisha-mistry-40023558",
        "column_11": "http://www.linkedin.com/company/fixtuur",
        "column_12": "https://facebook.com/digitalbridgehq",
        "column_13": "https://twitter.com/fixtuur",
        "column_27": "",
        "column_28": ""
      },
      {
        "company_name": "England",
        "website_url": "https://floorstoreonline.co.uk",
        "column_5": "isaac.nicholson@floorstoregroup.co.uk",
        "phone": "",
        "column_7": "",
        "column_8": "http://www.linkedin.com/in/isaac-nicholson-46811a360",
        "column_11": "http://www.linkedin.com/company/the-floorstore",
        "column_12": "https://www.facebook.com/thefloorstoregroup/",
        "column_13": "",
        "column_27": "",
        "column_28": ""
      },
      {
        "company_name": "England",
        "website_url": "https://flowervisionbristol.co.uk",
        "column_5": "alicia@flowervisionbristol.co.uk",
        "phone": "",
        "column_7": "",
        "column_8": "http://www.linkedin.com/in/alicia-dart-96282b83",
        "column_11": "http://www.linkedin.com/company/flowervision-bristol-ltd",
        "column_12": "",
        "column_13": "",
        "column_27": "",
        "column_28": ""
      },
      {
        "company_name": "44 12 1443 5503",
        "website_url": "https://flr.co.uk",
        "column_5": "elliot.roberts@flr.co.uk",
        "phone": "",
        "column_7": "",
        "column_8": "http://www.linkedin.com/in/eyliot",
        "column_11": "http://www.linkedin.com/company/flr-group",
        "column_12": "https://facebook.com/flrgroup",
        "column_13": "https://twitter.com/flrgroup",
        "column_27": "",
        "column_28": ""
      },
      {
        "company_name": "England",
        "website_url": "https://fmdc.co.uk",
        "column_5": "debbie.taylor@fmdc.co.uk",
        "phone": "",
        "column_7": "",
        "column_8": "http://www.linkedin.com/in/debbie-taylor-87111a67",
        "column_11": "http://www.linkedin.com/company/fmdc-ltd",
        "column_12": "",
        "column_13": "",
        "column_27": "",
        "column_28": ""
      },
      {
        "company_name": "England",
        "website_url": "https://foldingspace.co.uk",
        "column_5": "ian.sherratt@foldingspace.co.uk",
        "phone": "",
        "column_7": "",
        "column_8": "http://www.linkedin.com/in/iansherratt",
        "column_11": "http://www.linkedin.com/company/folding-space-limited",
        "column_12": "",
        "column_13": "",
        "column_27": "",
        "column_28": ""
      },
      {
        "company_name": "Scotland",
        "website_url": "https://fem.co.uk",
        "column_5": "",
        "phone": "6014000",
        "column_7": "",
        "column_8": "http://www.linkedin.com/in/megan-nesbitt-cfsp-14b7b4a2",
        "column_11": "http://www.linkedin.com/company/foodservice-equipment-marketing-fem",
        "column_12": "https://facebook.com/FoodserviceEquipmentMarketing",
        "column_13": "https://twitter.com/FEM_UK",
        "column_27": "",
        "column_28": ""
      },
      {
        "company_name": "England",
        "website_url": "https://forestschools.com",
        "column_5": "sarahp@forestschools.com",
        "phone": "486000",
        "column_7": "",
        "column_8": "http://www.linkedin.com/in/sarah-p-5193601b",
        "column_11": "http://www.linkedin.com/company/forestschools",
        "column_12": "https://facebook.com/ForestSchoolsEducation",
        "column_13": "https://twitter.com/ForestSchools",
        "column_27": "",
        "column_28": ""
      },
      {
        "company_name": "England",
        "website_url": "https://forestschools.com",
        "column_5": "euan@forestschools.com",
        "phone": "486000",
        "column_7": "",
        "column_8": "http://www.linkedin.com/in/euan-forsyth-b97714213",
        "column_11": "http://www.linkedin.com/company/forestschools",
        "column_12": "https://facebook.com/ForestSchoolsEducation",
        "column_13": "https://twitter.com/ForestSchools",
        "column_27": "",
        "column_28": ""
      },
      {
        "company_name": "England",
        "website_url": "https://formic.com",
        "column_5": "judy.claughton@formic.com",
        "phone": "488000",
        "column_7": "",
        "column_8": "http://www.linkedin.com/in/judyclaughton",
        "column_11": "http://www.linkedin.com/company/formic-ltd",
        "column_12": "https://facebook.com/pages/Formic-Ltd/217655951619510",
        "column_13": "https://twitter.com/formicsoftware/",
        "column_27": "",
        "column_28": ""
      },
      {
        "company_name": "Scotland",
        "website_url": "https://for-sight.com",
        "column_5": "justine.abola@for-sight.com",
        "phone": "",
        "column_7": "",
        "column_8": "http://www.linkedin.com/in/justine-abola",
        "column_11": "http://www.linkedin.com/company/for-sight",
        "column_12": "https://www.facebook.com/ForSightCRM/",
        "column_13": "https://twitter.com/For_Sight/",
        "column_27": "",
        "column_28": ""
      },
      {
        "company_name": "England",
        "website_url": "https://forwardvisionsolutions.co.uk",
        "column_5": "james.titler@forwardvisionsolutions.co.uk",
        "phone": "",
        "column_7": "",
        "column_8": "http://www.linkedin.com/in/james-titler-90150943",
        "column_11": "http://www.linkedin.com/company/forward-vision-solutions",
        "column_12": "https://facebook.com/00fvs",
        "column_13": "",
        "column_27": "",
        "column_28": ""
      },
      {
        "company_name": "England",
        "website_url": "https://foureyesinsight.com",
        "column_5": "elizabeth.duffy@foureyesinsight.com",
        "phone": "2500000",
        "column_7": "",
        "column_8": "http://www.linkedin.com/in/elizabeth-duffy-454aa96",
        "column_11": "http://www.linkedin.com/company/four-eyes-insight",
        "column_12": "",
        "column_13": "",
        "column_27": "VM",
        "column_28": ""
      },
      {
        "company_name": "England",
        "website_url": "https://fourjaw.com",
        "column_5": "d.robertson@fourjaw.com",
        "phone": "4887000",
        "column_7": "",
        "column_8": "http://www.linkedin.com/in/david-robertson-4434ab49",
        "column_11": "http://www.linkedin.com/company/fourjaw",
        "column_12": "",
        "column_13": "https://twitter.com/FourJawMA",
        "column_27": "",
        "column_28": ""
      },
      {
        "company_name": "England",
        "website_url": "https://frasersoffice.co.uk",
        "column_5": "",
        "phone": "9542000",
        "column_7": "",
        "column_8": "http://www.linkedin.com/in/graham-young-600868182",
        "column_11": "http://www.linkedin.com/company/frasers-office",
        "column_12": "https://facebook.com/frasersoffice",
        "column_13": "https://twitter.com/frasersoffice",
        "column_27": "",
        "column_28": ""
      },
      {
        "company_name": "England",
        "website_url": "https://freetimers.co.uk",
        "column_5": "",
        "phone": "410000",
        "column_7": "",
        "column_8": "http://www.linkedin.com/in/nicky-fletcher-58a34a13a",
        "column_11": "http://www.linkedin.com/company/freetimers-internet",
        "column_12": "https://www.facebook.com/Freetimers-Internet-227752621122/",
        "column_13": "https://twitter.com/FTWebDev",
        "column_27": "",
        "column_28": ""
      },
      {
        "company_name": "England",
        "website_url": "https://frestonanalytics.com",
        "column_5": "nishana@frestonanalytics.com",
        "phone": "",
        "column_7": "",
        "column_8": "http://www.linkedin.com/in/nishana-nazimuddin-40799668",
        "column_11": "http://www.linkedin.com/company/frestonanalytics",
        "column_12": "",
        "column_13": "",
        "column_27": "",
        "column_28": ""
      },
      {
        "company_name": "England",
        "website_url": "https://friendpartnership.com",
        "column_5": "onslo.rahman@friendllp.com",
        "phone": "",
        "column_7": "",
        "column_8": "http://www.linkedin.com/in/onslo-rahman-39316b134",
        "column_11": "http://www.linkedin.com/company/friend-llp",
        "column_12": "",
        "column_13": "https://twitter.com/Friend_Ptnrship",
        "column_27": "",
        "column_28": ""
      },
      {
        "company_name": "Friendscapital",
        "website_url": "https://friendscapital.co.uk",
        "column_5": "",
        "phone": "",
        "column_7": "",
        "column_8": "http://www.linkedin.com/in/charlie-fitzgerald-9b8b56122",
        "column_11": "http://www.linkedin.com/company/friends-capital",
        "column_12": "https://www.facebook.com/FCMortgageSpecialists",
        "column_13": "https://twitter.com/FriendsCap",
        "column_27": "",
        "column_28": ""
      },
      {
        "company_name": "Friendscapital",
        "website_url": "https://friendscapital.co.uk",
        "column_5": "",
        "phone": "",
        "column_7": "",
        "column_8": "http://www.linkedin.com/in/john-woods-596443109",
        "column_11": "http://www.linkedin.com/company/friends-capital",
        "column_12": "https://www.facebook.com/FCMortgageSpecialists",
        "column_13": "https://twitter.com/FriendsCap",
        "column_27": "",
        "column_28": ""
      },
      {
        "company_name": "England",
        "website_url": "https://frizzellwm.co.uk",
        "column_5": "",
        "phone": "",
        "column_7": "",
        "column_8": "http://www.linkedin.com/in/helen-mount-2ab2562",
        "column_11": "http://www.linkedin.com/company/frizzell-wealth-management",
        "column_12": "",
        "column_13": "",
        "column_27": "",
        "column_28": ""
      },
      {
        "company_name": "England",
        "website_url": "https://fullsupporthealthcare.com",
        "column_5": "jcollishaw@fullsupportgroup.com",
        "phone": "4944000",
        "column_7": "+44 7711 589587",
        "column_8": "http://www.linkedin.com/in/jill-collishaw-b73ba7108",
        "column_11": "http://www.linkedin.com/company/full-support-healthcare-ltd",
        "column_12": "https://facebook.com/pages/Full-Support-Healthcare-Ltd/390953427720625",
        "column_13": "https://twitter.com/fullsupportuk",
        "column_27": "",
        "column_28": ""
      },
      {
        "company_name": "United Kingdom",
        "website_url": "https://furza.co.uk",
        "column_5": "hannah@furza.co.uk",
        "phone": "",
        "column_7": "",
        "column_8": "http://www.linkedin.com/in/hannah-simons-978235115",
        "column_11": "http://www.linkedin.com/company/furza",
        "column_12": "",
        "column_13": "",
        "column_27": "",
        "column_28": ""
      },
      {
        "company_name": "United Kingdom",
        "website_url": "https://furza.co.uk",
        "column_5": "aliya.fox@furza.co.uk",
        "phone": "",
        "column_7": "",
        "column_8": "http://www.linkedin.com/in/aliya-fox-bb7752176",
        "column_11": "http://www.linkedin.com/company/furza",
        "column_12": "",
        "column_13": "",
        "column_27": "",
        "column_28": ""
      },
      {
        "company_name": "Fusefabric",
        "website_url": "https://fusefabric.com",
        "column_5": "adrienne.kuster@fusefabric.com",
        "phone": "",
        "column_7": "",
        "column_8": "http://www.linkedin.com/in/adrienne-kuster",
        "column_11": "http://www.linkedin.com/company/fusefabric",
        "column_12": "",
        "column_13": "",
        "column_27": "",
        "column_28": ""
      },
      {
        "company_name": "England",
        "website_url": "https://futera.co.uk",
        "column_5": "toni.gibiino@futera.co.uk",
        "phone": "",
        "column_7": "",
        "column_8": "http://www.linkedin.com/in/tonigibiino",
        "column_11": "http://www.linkedin.com/company/futeratech",
        "column_12": "",
        "column_13": "",
        "column_27": "",
        "column_28": ""
      },
      {
        "company_name": "England",
        "website_url": "https://futura4retail.co.uk",
        "column_5": "tina.royall@futurauk.com",
        "phone": "",
        "column_7": "",
        "column_8": "http://www.linkedin.com/in/tinaroyall",
        "column_11": "http://www.linkedin.com/company/futura-retail-uk-ltd",
        "column_12": "",
        "column_13": "",
        "column_27": "",
        "column_28": ""
      },
      {
        "company_name": "England",
        "website_url": "https://futuretalentlearning.com",
        "column_5": "felicity.milne@futuretalentlearning.com",
        "phone": "8312000",
        "column_7": "",
        "column_8": "http://www.linkedin.com/in/felicity-milne-797a2343",
        "column_11": "http://www.linkedin.com/company/futuretalentlearning",
        "column_12": "https://www.facebook.com/Futuretalentgroup/",
        "column_13": "https://twitter.com/futuretalentgrp",
        "column_27": "",
        "column_28": ""
      },
      {
        "company_name": "England",
        "website_url": "https://futureticketing.com",
        "column_5": "annmarie@futureticketing.ie",
        "phone": "1000000",
        "column_7": "",
        "column_8": "http://www.linkedin.com/in/ann-marie-guinan-00451796",
        "column_11": "http://www.linkedin.com/company/future-ticketing-ie",
        "column_12": "https://facebook.com/FutureticketingIE/",
        "column_13": "https://twitter.com/futuretkting",
        "column_27": "",
        "column_28": ""
      },
      {
        "company_name": "England",
        "website_url": "https://futurematch.tech",
        "column_5": "olajumoke@futurematch.tech",
        "phone": "",
        "column_7": "",
        "column_8": "http://www.linkedin.com/in/olajumokeadigun",
        "column_11": "http://www.linkedin.com/company/futurematchtalent",
        "column_12": "",
        "column_13": "",
        "column_27": "",
        "column_28": ""
      },
      {
        "company_name": "England",
        "website_url": "https://iamgaia.com",
        "column_5": "dan@iamgaia.com",
        "phone": "",
        "column_7": "",
        "column_8": "http://www.linkedin.com/in/purvisdan",
        "column_11": "http://www.linkedin.com/company/iamgaia",
        "column_12": "https://www.facebook.com/choosegaia",
        "column_13": "",
        "column_27": "",
        "column_28": ""
      },
      {
        "company_name": "England",
        "website_url": "https://gaproofing.co.uk",
        "column_5": "",
        "phone": "416000",
        "column_7": "",
        "column_8": "http://www.linkedin.com/in/william-hicks-710235a2",
        "column_11": "http://www.linkedin.com/company/gap-roofing-services-limited",
        "column_12": "https://facebook.com/pages/refname/650848041676712",
        "column_13": "https://twitter.com/GapRoofing2",
        "column_27": "no answer",
        "column_28": ""
      },
      {
        "company_name": "United Kingdom",
        "website_url": "https://gardenersdream.co.uk",
        "column_5": "cameron.mclean@gardenersdream.co.uk",
        "phone": "",
        "column_7": "",
        "column_8": "http://www.linkedin.com/in/cameron-mclean-74a52223a",
        "column_11": "http://www.linkedin.com/company/gardeners-dream-ltd",
        "column_12": "https://facebook.com/pages/Gardeners-Dream-Ltd/275067425917160",
        "column_13": "https://twitter.com/GardenersDream",
        "column_27": "",
        "column_28": ""
      },
      {
        "company_name": "England",
        "website_url": "https://gardnersystems.co.uk",
        "column_5": "joshuam@gardnersystems.co.uk",
        "phone": "",
        "column_7": "",
        "column_8": "http://www.linkedin.com/in/joshua-mantle-9a604015a",
        "column_11": "http://www.linkedin.com/company/gardner-systems-ltd",
        "column_12": "",
        "column_13": "",
        "column_27": "",
        "column_28": ""
      },
      {
        "company_name": "England",
        "website_url": "https://gatewayc.org.uk",
        "column_5": "katie.gee@rochdale.gov.uk",
        "phone": "",
        "column_7": "",
        "column_8": "http://www.linkedin.com/in/katie-gee",
        "column_11": "http://www.linkedin.com/company/gatewayc",
        "column_12": "https://www.facebook.com/GatewayCancer",
        "column_13": "http://www.twitter.com/GatewayC_",
        "column_27": "",
        "column_28": ""
      },
      {
        "company_name": "United Kingdom",
        "website_url": "https://gbfoam.co.uk",
        "column_5": "matt@gbfoam.com",
        "phone": "",
        "column_7": "",
        "column_8": "http://www.linkedin.com/in/webdesignersheffield",
        "column_11": "http://www.linkedin.com/company/gb-foam-ltd",
        "column_12": "https://facebook.com/gbfoamdirect/",
        "column_13": "https://twitter.com/gbfoamdirect",
        "column_27": "",
        "column_28": ""
      },
      {
        "company_name": "England",
        "website_url": "https://growthco.uk",
        "column_5": "suraj.shrestha@growthco.uk",
        "phone": "",
        "column_7": "",
        "column_8": "http://www.linkedin.com/in/suraj-shrestha-9159b317",
        "column_11": "http://www.linkedin.com/company/business-finance-solutions",
        "column_12": "https://facebook.com/GCBusinessFinance/",
        "column_13": "https://twitter.com/GC_BizFinance",
        "column_27": "",
        "column_28": ""
      },
      {
        "company_name": "Scotland",
        "website_url": "https://wearegecko.co.uk",
        "column_5": "",
        "phone": "",
        "column_7": "",
        "column_8": "http://www.linkedin.com/in/gecko-a-b28b0111b",
        "column_11": "http://www.linkedin.com/company/gecko-agency-ltd",
        "column_12": "https://facebook.com/thegeckoagency",
        "column_13": "https://twitter.com/wearegecko",
        "column_27": "",
        "column_28": ""
      },
      {
        "company_name": "England",
        "website_url": "https://gen10.net",
        "column_5": "cassie.seymour@gen10.net",
        "phone": "",
        "column_7": "",
        "column_8": "http://www.linkedin.com/in/cassie-seymour-0583448b",
        "column_11": "http://www.linkedin.com/company/generation-10-limited",
        "column_12": "",
        "column_13": "",
        "column_27": "",
        "column_28": ""
      },
      {
        "company_name": "United Kingdom",
        "website_url": "https://genqa.org",
        "column_5": "bettinaq@genqa.org",
        "phone": "",
        "column_7": "",
        "column_8": "http://www.linkedin.com/in/bettina-quellhorst-011b5527",
        "column_11": "http://www.linkedin.com/company/genqa",
        "column_12": "",
        "column_13": "https://twitter.com/CEQAS_EQA",
        "column_27": "",
        "column_28": ""
      },
      {
        "company_name": "England",
        "website_url": "https://geofabrics.com",
        "column_5": "cdaykin@geofabrics.com",
        "phone": "20556000",
        "column_7": "",
        "column_8": "http://www.linkedin.com/in/chris-daykin-47611430",
        "column_11": "http://www.linkedin.com/company/geofabrics-ltd",
        "column_12": "",
        "column_13": "",
        "column_27": "",
        "column_28": ""
      },
      {
        "company_name": "England",
        "website_url": "https://gibbsdenley.co.uk",
        "column_5": "",
        "phone": "12858000",
        "column_7": "+44 1223 792550",
        "column_8": "http://www.linkedin.com/in/elainepink",
        "column_11": "http://www.linkedin.com/company/gibbs-denley-financial-services",
        "column_12": "https://facebook.com/Gibbs-Denley-Insurance-Services-318125571604221/timeline",
        "column_13": "https://twitter.com/gibbsdenley",
        "column_27": "",
        "column_28": ""
      },
      {
        "company_name": "England",
        "website_url": "https://gilbanks.com",
        "column_5": "sophie.scott@gilbanks.com",
        "phone": "",
        "column_7": "",
        "column_8": "http://www.linkedin.com/in/sophie-scott-953ab5152",
        "column_11": "http://www.linkedin.com/company/gilbanks",
        "column_12": "",
        "column_13": "",
        "column_27": "",
        "column_28": ""
      },
      {
        "company_name": "England",
        "website_url": "https://gilcrestmanufacturing.com",
        "column_5": "druell@gilcrestmanufacturing.com",
        "phone": "",
        "column_7": "",
        "column_8": "http://www.linkedin.com/in/danielruell",
        "column_11": "http://www.linkedin.com/company/gilcrest-manufacturing-ltd",
        "column_12": "https://facebook.com/people/Puracore/100078638145092/?paipv=0&eav=AfZ1iLqc7QIa0-k34MQj1pA1Q9SyvEY0TLEy1NarlYmwgW63KKUPQzxpi6ahEpuhJiY&_rdr",
        "column_13": "https://twitter.com/puracore?lang=en",
        "column_27": "",
        "column_28": ""
      },
      {
        "company_name": "England",
        "website_url": "https://global-impact-foundation.org",
        "column_5": "",
        "phone": "",
        "column_7": "",
        "column_8": "http://www.linkedin.com/in/arafatmanliki",
        "column_11": "http://www.linkedin.com/company/africa-transformation-centres-foundation",
        "column_12": "",
        "column_13": "",
        "column_27": "",
        "column_28": ""
      },
      {
        "company_name": "44 777 206 3443",
        "website_url": "https://gocertify.me",
        "column_5": "elliott@gocertify.me",
        "phone": "",
        "column_7": "",
        "column_8": "http://www.linkedin.com/in/e-begley",
        "column_11": "http://www.linkedin.com/company/gocertifyme",
        "column_12": "",
        "column_13": "",
        "column_27": "",
        "column_28": ""
      },
      {
        "company_name": "England",
        "website_url": "https://goldilock.com",
        "column_5": "markpearce@goldilock.com",
        "phone": "",
        "column_7": "",
        "column_8": "http://www.linkedin.com/in/markpearceefc",
        "column_11": "http://www.linkedin.com/company/goldilocksecure",
        "column_12": "https://facebook.com/GoldilockSecure/?_ga=2.248779783.1015998661.1649846855-1994749989.1649846855",
        "column_13": "https://twitter.com/goldilocksecure",
        "column_27": "",
        "column_28": ""
      },
      {
        "company_name": "England",
        "website_url": "https://gold-vision.com",
        "column_5": "jcpatel@gold-vision.com",
        "phone": "4000000",
        "column_7": "",
        "column_8": "http://www.linkedin.com/in/jiggyp",
        "column_11": "http://www.linkedin.com/company/esteiro-business-solutions-limited",
        "column_12": "https://www.facebook.com/goldvisioncrm",
        "column_13": "https://www.twitter.com/goldvisioncrm",
        "column_27": "",
        "column_28": ""
      },
      {
        "company_name": "England",
        "website_url": "https://gold-vision.com",
        "column_5": "kastuart-thomas@gold-vision.com",
        "phone": "4000000",
        "column_7": "",
        "column_8": "http://www.linkedin.com/in/kim-stuart-thomas",
        "column_11": "http://www.linkedin.com/company/esteiro-business-solutions-limited",
        "column_12": "https://www.facebook.com/goldvisioncrm",
        "column_13": "https://www.twitter.com/goldvisioncrm",
        "column_27": "",
        "column_28": ""
      },
      {
        "company_name": "44 117 213 0777",
        "website_url": "https://goodmanlilley.co.uk",
        "column_5": "",
        "phone": "",
        "column_7": "",
        "column_8": "http://www.linkedin.com/in/nikita-bennett-clements-84b87637",
        "column_11": "http://www.linkedin.com/company/goodman-lilley",
        "column_12": "https://www.facebook.com/Goodman-Lilley-722590371094017/",
        "column_13": "https://twitter.com/Goodman_Lilley",
        "column_27": "",
        "column_28": ""
      },
      {
        "company_name": "United Kingdom",
        "website_url": "https://gpsurveyors.co.uk",
        "column_5": "tk@gpsurveyors.co.uk",
        "phone": "",
        "column_7": "",
        "column_8": "http://www.linkedin.com/in/tom-kilpatrick-84983721",
        "column_11": "http://www.linkedin.com/company/gp-surveyors",
        "column_12": "https://www.facebook.com/GPSurveyorsUK/",
        "column_13": "https://twitter.com/gp_surveyors",
        "column_27": "",
        "column_28": ""
      },
      {
        "company_name": "Scotland",
        "website_url": "https://grafterr.com",
        "column_5": "ewis@grafterr.com",
        "phone": "",
        "column_7": "",
        "column_8": "http://www.linkedin.com/in/adamewis",
        "column_11": "http://www.linkedin.com/company/grafterruk",
        "column_12": "",
        "column_13": "",
        "column_27": "",
        "column_28": ""
      },
      {
        "company_name": "Grapheneplatforms",
        "website_url": "https://grapheneplatforms.com",
        "column_5": "stuart@grapheneis.com",
        "phone": "",
        "column_7": "",
        "column_8": "http://www.linkedin.com/in/stuart-l-79559870",
        "column_11": "http://www.linkedin.com/company/grapheneplatforms",
        "column_12": "",
        "column_13": "",
        "column_27": "Dead line",
        "column_28": ""
      },
      {
        "company_name": "England",
        "website_url": "https://grcworldforums.com",
        "column_5": "sarahslingsby@grcworldforums.com",
        "phone": "",
        "column_7": "",
        "column_8": "http://www.linkedin.com/in/sarah-slingsby-boots-a973a2153",
        "column_11": "http://www.linkedin.com/company/grc-world-forums",
        "column_12": "https://facebook.com/people/Data-Protection-World-Forum/100041817644649/",
        "column_13": "https://twitter.com/grcwf",
        "column_27": "",
        "column_28": ""
      },
      {
        "company_name": "England",
        "website_url": "https://greatamericanuk.com",
        "column_5": "dpage@gaig.com",
        "phone": "",
        "column_7": "",
        "column_8": "http://www.linkedin.com/in/debbie-page-b5a8387b",
        "column_11": "http://www.linkedin.com/company/great-american-uk",
        "column_12": "",
        "column_13": "",
        "column_27": "",
        "column_28": ""
      },
      {
        "company_name": "England",
        "website_url": "https://greatwesterncu.org",
        "column_5": "amandadt@gwcu.org.uk",
        "phone": "",
        "column_7": "",
        "column_8": "http://www.linkedin.com/in/amandadavidtaylor",
        "column_11": "http://www.linkedin.com/company/great-western-credit-union-limited",
        "column_12": "https://www.facebook.com/GreatWesternCU",
        "column_13": "https://twitter.com/GreatWestern_CU",
        "column_27": "",
        "column_28": ""
      },
      {
        "company_name": "44 29 2240 4365",
        "website_url": "https://green-elevators.co.uk",
        "column_5": "hr@green-elevators.co.uk",
        "phone": "",
        "column_7": "+44 7803 625601",
        "column_8": "http://www.linkedin.com/in/richard-h-1b88aa33",
        "column_11": "http://www.linkedin.com/company/green-elevator-services",
        "column_12": "https://www.facebook.com/GreenElevatorServices",
        "column_13": "",
        "column_27": "",
        "column_28": ""
      },
      {
        "company_name": "United Kingdom",
        "website_url": "https://greenplant.ltd.uk",
        "column_5": "",
        "phone": "",
        "column_7": "",
        "column_8": "http://www.linkedin.com/in/rachelchancellor",
        "column_11": "http://www.linkedin.com/company/greenplant-ltd",
        "column_12": "https://www.facebook.com/Greenplant.Ltd",
        "column_13": "https://twitter.com/GreenplantLtd",
        "column_27": "",
        "column_28": ""
      },
      {
        "company_name": "44 20 7651 4935",
        "website_url": "https://growthlending.com",
        "column_5": "",
        "phone": "",
        "column_7": "",
        "column_8": "http://www.linkedin.com/in/lottie-boreham",
        "column_11": "http://www.linkedin.com/company/growthlending",
        "column_12": "https://www.facebook.com/GrowthLending",
        "column_13": "https://twitter.com/Growth_Lending",
        "column_27": "",
        "column_28": ""
      },
      {
        "company_name": "United Kingdom",
        "website_url": "https://growthinvest.com",
        "column_5": "sinead.mullan@growthinvest.com",
        "phone": "",
        "column_7": "",
        "column_8": "http://www.linkedin.com/in/sinead-mullan-a6b79819",
        "column_11": "http://www.linkedin.com/company/growthinvest",
        "column_12": "",
        "column_13": "https://twitter.com/GrowthInvestUK",
        "column_27": "",
        "column_28": ""
      },
      {
        "company_name": "Buildingmanagement",
        "website_url": "https://buildingmanagement.be",
        "column_5": "j.thomson@buildingmanagement.be",
        "phone": "",
        "column_7": "",
        "column_8": "http://www.linkedin.com/in/julie-thomson-054283b",
        "column_11": "http://www.linkedin.com/company/haden-building-management",
        "column_12": "",
        "column_13": "",
        "column_27": "",
        "column_28": ""
      },
      {
        "company_name": "England",
        "website_url": "https://hagerty.co.uk",
        "column_5": "ssolomon@hagerty.com",
        "phone": "250000",
        "column_7": "",
        "column_8": "http://www.linkedin.com/in/sherrels",
        "column_11": "http://www.linkedin.com/company/hagerty-international-limited",
        "column_12": "https://www.facebook.com/HagertyUK/",
        "column_13": "https://twitter.com/hagertyuk",
        "column_27": "",
        "column_28": ""
      },
      {
        "company_name": "England",
        "website_url": "https://hamillroad.com",
        "column_5": "",
        "phone": "",
        "column_7": "",
        "column_8": "http://www.linkedin.com/in/gerald-carey-2b109624b",
        "column_11": "http://www.linkedin.com/company/hamillroad-software",
        "column_12": "",
        "column_13": "https://twitter.com/Hamillroad",
        "column_27": "",
        "column_28": ""
      },
      {
        "company_name": "England",
        "website_url": "https://hampers.com",
        "column_5": "becky@hampers.com",
        "phone": "",
        "column_7": "",
        "column_8": "http://www.linkedin.com/in/becky-tookey-4a1a67159",
        "column_11": "http://www.linkedin.com/company/hamperscom",
        "column_12": "",
        "column_13": "",
        "column_27": "",
        "column_28": ""
      },
      {
        "company_name": "Harbourlifestyle",
        "website_url": "https://harbourlifestyle.co.uk",
        "column_5": "andrew@harbourlifestyle.co.uk",
        "phone": "",
        "column_7": "",
        "column_8": "http://www.linkedin.com/in/andrew-white-36b3375a",
        "column_11": "http://www.linkedin.com/company/harbour-lifestyle",
        "column_12": "",
        "column_13": "",
        "column_27": "",
        "column_28": ""
      },
      {
        "company_name": "Scotland",
        "website_url": "https://harpermcdermott.com",
        "column_5": "craig.stocks@harpermcdermott.com",
        "phone": "",
        "column_7": "",
        "column_8": "http://www.linkedin.com/in/craigstocks",
        "column_11": "http://www.linkedin.com/company/harper-mcdermott-ltd",
        "column_12": "",
        "column_13": "https://twitter.com/trustdeedscotl",
        "column_27": "",
        "column_28": ""
      },
      {
        "company_name": "Harrisassociatesuk",
        "website_url": "https://harrisassociatesuk.com",
        "column_5": "chioma@harrisassociatesuk.com",
        "phone": "",
        "column_7": "",
        "column_8": "http://www.linkedin.com/in/chioma-ibe-877a9b30",
        "column_11": "http://www.linkedin.com/company/harris-associates-uk",
        "column_12": "",
        "column_13": "https://twitter.com/HarrisAssociat1",
        "column_27": "Not Callable",
        "column_28": ""
      },
      {
        "company_name": "England",
        "website_url": "https://harryhall.com",
        "column_5": "lydia.booth@harryhall.com",
        "phone": "683000",
        "column_7": "",
        "column_8": "http://www.linkedin.com/in/lydia-booth",
        "column_11": "http://www.linkedin.com/company/harry-hall-international",
        "column_12": "https://facebook.com/pages/Harry-Hall/485809414808252",
        "column_13": "https://twitter.com/HarryHallRiding",
        "column_27": "",
        "column_28": ""
      },
      {
        "company_name": "Leeds",
        "website_url": "https://harwood.law",
        "column_5": "Growth and Culture Manager",
        "phone": "44 11 3245 7027",
        "column_7": "+44 7926 421832",
        "column_8": "",
        "column_11": "law practice",
        "column_12": "http://www.linkedin.com/company/harwoodlaw",
        "column_13": "",
        "column_27": "",
        "column_28": ""
      },
      {
        "company_name": "England",
        "website_url": "https://haslams.co.uk",
        "column_5": "tanyalesueur@haslams.co.uk",
        "phone": "4603000",
        "column_7": "",
        "column_8": "http://www.linkedin.com/in/tanya-le-sueur-80ba6673",
        "column_11": "http://www.linkedin.com/company/haslams",
        "column_12": "https://www.facebook.com/pages/Haslams-Chartered-Surveyors/503738013029295",
        "column_13": "https://twitter.com/HaslamsSurveyor",
        "column_27": "",
        "column_28": ""
      },
      {
        "company_name": "England",
        "website_url": "https://haslams.net",
        "column_5": "eleanor.craig@haslams.net",
        "phone": "3621000",
        "column_7": "",
        "column_8": "http://www.linkedin.com/in/eleanorc",
        "column_11": "http://www.linkedin.com/company/haslams-estate-agents",
        "column_12": "https://www.facebook.com/haslamsestateagents/",
        "column_13": "https://twitter.com/haslams",
        "column_27": "",
        "column_28": ""
      },
      {
        "company_name": "England",
        "website_url": "https://hastee.com",
        "column_5": "crystal.z@hastee.com",
        "phone": "106000000",
        "column_7": "",
        "column_8": "http://www.linkedin.com/in/crystal-zhou-22805436",
        "column_11": "http://www.linkedin.com/company/wearehastee",
        "column_12": "https://facebook.com/wearehastee/",
        "column_13": "https://twitter.com/wearehastee",
        "column_27": "",
        "column_28": ""
      },
      {
        "company_name": "England",
        "website_url": "https://hayesparsons.co.uk",
        "column_5": "h.carpenter@hayesparsons.co.uk",
        "phone": "25000000",
        "column_7": "",
        "column_8": "http://www.linkedin.com/in/hayesparsonshelen",
        "column_11": "http://www.linkedin.com/company/hayes-parsons-ltd",
        "column_12": "https://www.facebook.com/HayesParsonsInsuranceBrokers/",
        "column_13": "https://twitter.com/Hayesparsons",
        "column_27": "",
        "column_28": ""
      },
      {
        "company_name": "England",
        "website_url": "https://healthcareconferencesuk.co.uk",
        "column_5": "kam@hc-uk.org.uk",
        "phone": "3695000",
        "column_7": "",
        "column_8": "http://www.linkedin.com/in/kam-sohi-a4988818",
        "column_11": "http://www.linkedin.com/company/healthcare-conferences-uk-ltd",
        "column_12": "https://facebook.com/HealthcareConferencesUK",
        "column_13": "https://twitter.com/HCUK_Clare",
        "column_27": "",
        "column_28": ""
      },
      {
        "company_name": "England",
        "website_url": "https://heartinternet.uk",
        "column_5": "eliot.chambers-ostler@heartinternet.uk",
        "phone": "480000",
        "column_7": "",
        "column_8": "http://www.linkedin.com/in/eliot-chambers-ostler-%f0%9f%92%9a-4a615869",
        "column_11": "http://www.linkedin.com/company/heart-internet-ltd",
        "column_12": "https://www.facebook.com/heartinternet/",
        "column_13": "https://twitter.com/heartinternet",
        "column_27": "",
        "column_28": ""
      },
      {
        "company_name": "United Kingdom",
        "website_url": "https://heligangroup.com",
        "column_5": "nigel.bromley@heligangroup.com",
        "phone": "",
        "column_7": "",
        "column_8": "http://www.linkedin.com/in/nigel-bromley-4028373",
        "column_11": "http://www.linkedin.com/company/heligan-group-llp-",
        "column_12": "",
        "column_13": "https://twitter.com/heliganpartners",
        "column_27": "",
        "column_28": ""
      },
      {
        "company_name": "United Kingdom",
        "website_url": "https://hemsec.com",
        "column_5": "harriet.brown@hemsec.com",
        "phone": "Deadline",
        "column_7": "",
        "column_8": "http://www.linkedin.com/in/hsbl576",
        "column_11": "http://www.linkedin.com/company/hemsec",
        "column_12": "https://www.facebook.com/HemsecPanels/",
        "column_13": "https://twitter.com/HPT_Panels",
        "column_27": "",
        "column_28": ""
      },
      {
        "company_name": "44 800 711 6032",
        "website_url": "https://henryscheinone.co.uk",
        "column_5": "sophia.khirani@henryscheinone.com",
        "phone": "",
        "column_7": "",
        "column_8": "http://www.linkedin.com/in/sophia-khirani",
        "column_11": "http://www.linkedin.com/company/henry-schein-one-uk",
        "column_12": "",
        "column_13": "",
        "column_27": "",
        "column_28": ""
      },
      {
        "company_name": "United Kingdom",
        "website_url": "https://hexopay.co.uk",
        "column_5": "",
        "phone": "",
        "column_7": "+44 7762 939258",
        "column_8": "http://www.linkedin.com/in/joshua-h-66b526101",
        "column_11": "http://www.linkedin.com/company/hexopay",
        "column_12": "",
        "column_13": "",
        "column_27": "",
        "column_28": ""
      },
      {
        "company_name": "England",
        "website_url": "https://hhclinics.co.uk",
        "column_5": "chloe@hhclinics.co.uk",
        "phone": "",
        "column_7": "",
        "column_8": "http://www.linkedin.com/in/chloe-sherratt-1901802b",
        "column_11": "http://www.linkedin.com/company/hillside-hair-clinic",
        "column_12": "https://www.facebook.com/HillsideHealthClinics",
        "column_13": "",
        "column_27": "",
        "column_28": ""
      },
      {
        "company_name": "England",
        "website_url": "https://hi-impact.co.uk",
        "column_5": "anastasiabouhoutsos@hi-impact.co.uk",
        "phone": "29385000",
        "column_7": "",
        "column_8": "http://www.linkedin.com/in/anastasia-bouhoutsos",
        "column_11": "http://www.linkedin.com/company/hi-impact-consultancy",
        "column_12": "https://facebook.com/hiimpactconsultancy/",
        "column_13": "https://twitter.com/hiimpactconsult",
        "column_27": "",
        "column_28": ""
      },
      {
        "company_name": "United Kingdom",
        "website_url": "https://hiltonsmythe.com",
        "column_5": "t.sweeney@hiltonsmythe.com",
        "phone": "",
        "column_7": "",
        "column_8": "http://www.linkedin.com/in/tommy-sweeney",
        "column_11": "http://www.linkedin.com/company/hilton-smythe",
        "column_12": "https://www.facebook.com/Hiltonsmytheuk",
        "column_13": "https://twitter.com/hiltonsmythe",
        "column_27": "",
        "column_28": ""
      },
      {
        "company_name": "United Kingdom",
        "website_url": "https://hisl.co.uk",
        "column_5": "",
        "phone": "",
        "column_7": "",
        "column_8": "http://www.linkedin.com/in/sabine-wild-55083337",
        "column_11": "http://www.linkedin.com/company/henley-information-systems-ltd",
        "column_12": "",
        "column_13": "",
        "column_27": "",
        "column_28": ""
      },
      {
        "company_name": "England",
        "website_url": "https://hi-techplus.co.uk",
        "column_5": "",
        "phone": "",
        "column_7": "",
        "column_8": "http://www.linkedin.com/in/kazeem-shofuyi-44116a196",
        "column_11": "http://www.linkedin.com/company/hi-tech-plus",
        "column_12": "",
        "column_13": "",
        "column_27": "",
        "column_28": ""
      },
      {
        "company_name": "England",
        "website_url": "https://hitex.co.uk",
        "column_5": "",
        "phone": "",
        "column_7": "",
        "column_8": "http://www.linkedin.com/in/hitex-uk-marketing-43a5a0243",
        "column_11": "http://www.linkedin.com/company/hitexuk",
        "column_12": "",
        "column_13": "",
        "column_27": "",
        "column_28": ""
      },
      {
        "company_name": "Homeinstead",
        "website_url": "https://homeinstead.co.uk",
        "column_5": "sandra.salvona@sg.homeinstead.co.uk",
        "phone": "",
        "column_7": "",
        "column_8": "http://www.linkedin.com/in/sandra-salvona-a2716250",
        "column_11": "http://www.linkedin.com/company/home-instead-sur-group",
        "column_12": "",
        "column_13": "",
        "column_27": "",
        "column_28": ""
      },
      {
        "company_name": "England",
        "website_url": "https://homecaredirect.co.uk",
        "column_5": "t.bishop@homecaredirect.co.uk",
        "phone": "",
        "column_7": "",
        "column_8": "http://www.linkedin.com/in/tamara-bishop-7048514a",
        "column_11": "http://www.linkedin.com/company/homecaredirect",
        "column_12": "https://www.facebook.com/HomeCareDirectLtd/",
        "column_13": "http://www.twitter.com/HomeCareDirect",
        "column_27": "",
        "column_28": ""
      },
      {
        "company_name": "England",
        "website_url": "https://homecaredirect.co.uk",
        "column_5": "andy.schofield@homecaredirect.co.uk",
        "phone": "",
        "column_7": "",
        "column_8": "http://www.linkedin.com/in/andy-schofield-25b01134",
        "column_11": "http://www.linkedin.com/company/homecaredirect",
        "column_12": "https://www.facebook.com/HomeCareDirectLtd/",
        "column_13": "http://www.twitter.com/HomeCareDirect",
        "column_27": "",
        "column_28": ""
      },
      {
        "company_name": "United Kingdom",
        "website_url": "https://hope-capital.co.uk",
        "column_5": "sarah.butler@hope-capital.co.uk",
        "phone": "",
        "column_7": "",
        "column_8": "http://www.linkedin.com/in/sarah-butler-01646514b",
        "column_11": "http://www.linkedin.com/company/hope-capital",
        "column_12": "",
        "column_13": "https://twitter.com/hopecapital",
        "column_27": "",
        "column_28": ""
      },
      {
        "company_name": "United Kingdom",
        "website_url": "https://Llandaff GDST",
        "column_5": "Director of Marketing and Communications",
        "phone": "",
        "column_7": "",
        "column_8": "",
        "column_11": "education management",
        "column_12": "http://www.linkedin.com/company/howell-s-school-llandaff",
        "column_13": "",
        "column_27": "",
        "column_28": ""
      },
      {
        "company_name": "44 121 295 7330",
        "website_url": "https://hrduo.com",
        "column_5": "",
        "phone": "",
        "column_7": "",
        "column_8": "http://www.linkedin.com/in/jonathan-harper-marketing",
        "column_11": "http://www.linkedin.com/company/hrduo",
        "column_12": "https://facebook.com/hrduo1",
        "column_13": "https://twitter.com/hr_duo/",
        "column_27": "",
        "column_28": ""
      },
      {
        "company_name": "England",
        "website_url": "https://hubtelit.co.uk",
        "column_5": "craig@hubtelit.co.uk",
        "phone": "",
        "column_7": "",
        "column_8": "http://www.linkedin.com/in/craig-potts-478aa265",
        "column_11": "http://www.linkedin.com/company/hubtel-it-limited",
        "column_12": "https://www.facebook.com/hubtelit/",
        "column_13": "",
        "column_27": "",
        "column_28": ""
      },
      {
        "company_name": "United Kingdom",
        "website_url": "https://humantekart.com",
        "column_5": "",
        "phone": "",
        "column_7": "",
        "column_8": "http://www.linkedin.com/in/reese-colton",
        "column_11": "http://www.linkedin.com/company/humantekart",
        "column_12": "",
        "column_13": "",
        "column_27": "",
        "column_28": ""
      },
      {
        "company_name": "England",
        "website_url": "https://hurstjoineryprojects.co.uk",
        "column_5": "melanie.scott@hurstjoineryprojects.co.uk",
        "phone": "",
        "column_7": "",
        "column_8": "http://www.linkedin.com/in/melanie-scott-marketing",
        "column_11": "http://www.linkedin.com/company/hurst-joinery-projects-ltd",
        "column_12": "",
        "column_13": "",
        "column_27": "",
        "column_28": ""
      },
      {
        "company_name": "Scotland",
        "website_url": "https://hydeparksolutions.com",
        "column_5": "",
        "phone": "",
        "column_7": "",
        "column_8": "http://www.linkedin.com/in/ken-pearce-543282142",
        "column_11": "http://www.linkedin.com/company/hyde-park-solutions",
        "column_12": "https://facebook.com/hydeparksolutions",
        "column_13": "https://twitter.com/HydeParkSol",
        "column_27": "",
        "column_28": ""
      },
      {
        "company_name": "England",
        "website_url": "https://hydracreative.com",
        "column_5": "christa@hydracreative.com",
        "phone": "514000",
        "column_7": "",
        "column_8": "http://www.linkedin.com/in/christa-chambers-a64959194",
        "column_11": "http://www.linkedin.com/company/hydra-creative-limited",
        "column_12": "https://www.facebook.com/HydraCreative",
        "column_13": "https://twitter.com/Hydra_Creative",
        "column_27": "",
        "column_28": ""
      },
      {
        "company_name": "Scotland",
        "website_url": "https://wearehypercube.com",
        "column_5": "faye.girvan@wearehypercube.com",
        "phone": "",
        "column_7": "",
        "column_8": "http://www.linkedin.com/in/faye-girvan-18322ab7",
        "column_11": "http://www.linkedin.com/company/wearehypercube",
        "column_12": "",
        "column_13": "",
        "column_27": "",
        "column_28": ""
      },
      {
        "company_name": "England",
        "website_url": "https://hyperfinity.ai",
        "column_5": "jennywelch@hyperfinity.ai",
        "phone": "",
        "column_7": "",
        "column_8": "http://www.linkedin.com/in/jennywelch1",
        "column_11": "http://www.linkedin.com/company/hyperfinity",
        "column_12": "",
        "column_13": "https://twitter.com/hyperfinity",
        "column_27": "",
        "column_28": ""
      },
      {
        "company_name": "England",
        "website_url": "https://hyperfinity.ai",
        "column_5": "annahinchcliffe@hyperfinity.ai",
        "phone": "",
        "column_7": "",
        "column_8": "http://www.linkedin.com/in/anna-hinchcliffe-428308127",
        "column_11": "http://www.linkedin.com/company/hyperfinity",
        "column_12": "",
        "column_13": "https://twitter.com/hyperfinity",
        "column_27": "",
        "column_28": ""
      },
      {
        "company_name": "England",
        "website_url": "https://bookkeepers.org.uk",
        "column_5": "elizabeth.carter@bookkeepers.org.uk",
        "phone": "",
        "column_7": "",
        "column_8": "http://www.linkedin.com/in/elizabeth-carter-c-icb-25984a4",
        "column_11": "http://www.linkedin.com/company/icbuk",
        "column_12": "https://www.facebook.com/ICBUK",
        "column_13": "https://twitter.com/icbuk",
        "column_27": "",
        "column_28": ""
      },
      {
        "company_name": "Wales",
        "website_url": "https://icotechservices.co.uk",
        "column_5": "megan.hewitson@icotechservices.co.uk",
        "phone": "",
        "column_7": "",
        "column_8": "http://www.linkedin.com/in/megan-hewitson-a09b1a179",
        "column_11": "http://www.linkedin.com/company/icotech-services",
        "column_12": "",
        "column_13": "",
        "column_27": "",
        "column_28": ""
      },
      {
        "company_name": "Huntington",
        "website_url": "https://identibase.co.uk",
        "column_5": "Digital Marketing",
        "phone": "44 19 0448 7600",
        "column_7": "+44 7927 902795",
        "column_8": "",
        "column_11": "consumer services",
        "column_12": "http://www.linkedin.com/company/identiuk",
        "column_13": "https://www.facebook.com/Identibase/",
        "column_27": "",
        "column_28": ""
      },
      {
        "company_name": "Wales",
        "website_url": "https://iehub.co.uk",
        "column_5": "tinisha@iehub.org",
        "phone": "",
        "column_7": "",
        "column_8": "http://www.linkedin.com/in/tinishamarketing",
        "column_11": "http://www.linkedin.com/company/iehub",
        "column_12": "https://facebook.com/IEHubCustomer/",
        "column_13": "https://twitter.com/ie_hub",
        "column_27": "",
        "column_28": ""
      },
      {
        "company_name": "England",
        "website_url": "https://ifamagazine.com",
        "column_5": "dan.wills@ifamagazine.com",
        "phone": "",
        "column_7": "",
        "column_8": "http://www.linkedin.com/in/dan-wills-a7a3b7163",
        "column_11": "http://www.linkedin.com/company/ifa-magazine",
        "column_12": "https://facebook.com/ifamagazineuk",
        "column_13": "https://twitter.com/IFAMagazine",
        "column_27": "",
        "column_28": ""
      },
      {
        "company_name": "England",
        "website_url": "https://iglutech.com",
        "column_5": "iain@isaacintel.com",
        "phone": "",
        "column_7": "",
        "column_8": "http://www.linkedin.com/in/iain-parker-strak-7a9b7837",
        "column_11": "http://www.linkedin.com/company/iglutechgroup",
        "column_12": "",
        "column_13": "",
        "column_27": "",
        "column_28": ""
      },
      {
        "company_name": "United Kingdom",
        "website_url": "https://ignitiongroupplc.com",
        "column_5": "james.parry-jones@gohomedirect.com",
        "phone": "",
        "column_7": "",
        "column_8": "http://www.linkedin.com/in/james-parry-jones",
        "column_11": "http://www.linkedin.com/company/ignition-group-ltd",
        "column_12": "",
        "column_13": "",
        "column_27": "",
        "column_28": ""
      },
      {
        "company_name": "44 115 772 2825",
        "website_url": "https://ignys.com",
        "column_5": "neale.mighall@ignys.co.uk",
        "phone": "",
        "column_7": "",
        "column_8": "http://www.linkedin.com/in/nealemighall",
        "column_11": "http://www.linkedin.com/company/ignys-ltd",
        "column_12": "https://www.facebook.com/IgnysLtd",
        "column_13": "https://twitter.com/ignysltd",
        "column_27": "",
        "column_28": ""
      },
      {
        "company_name": "England",
        "website_url": "https://iken.co.uk",
        "column_5": "melson@iken.co.uk",
        "phone": "3500000",
        "column_7": "",
        "column_8": "http://www.linkedin.com/in/melson",
        "column_11": "http://www.linkedin.com/company/iken-business-ltd",
        "column_12": "",
        "column_13": "https://twitter.com/ikenbusiness",
        "column_27": "",
        "column_28": ""
      },
      {
        "company_name": "England",
        "website_url": "https://impactenergyecogrants.co.uk",
        "column_5": "",
        "phone": "",
        "column_7": "",
        "column_8": "http://www.linkedin.com/in/adam-jackson-212469239",
        "column_11": "http://www.linkedin.com/company/impactenergyltd",
        "column_12": "https://www.facebook.com/impactenergyecogrants",
        "column_13": "",
        "column_27": "",
        "column_28": ""
      },
      {
        "company_name": "England",
        "website_url": "https://impactenergyecogrants.co.uk",
        "column_5": "",
        "phone": "",
        "column_7": "",
        "column_8": "http://www.linkedin.com/in/joseph-backland-aaa471145",
        "column_11": "http://www.linkedin.com/company/impactenergyltd",
        "column_12": "https://www.facebook.com/impactenergyecogrants",
        "column_13": "",
        "column_27": "",
        "column_28": ""
      },
      {
        "company_name": "United Kingdom",
        "website_url": "https://imtmedical.co.uk",
        "column_5": "",
        "phone": "",
        "column_7": "",
        "column_8": "http://www.linkedin.com/in/jeanette-casey-6b52b518a",
        "column_11": "http://www.linkedin.com/company/imt-medical-transport-limited",
        "column_12": "",
        "column_13": "",
        "column_27": "",
        "column_28": ""
      },
      {
        "company_name": "England",
        "website_url": "https://inceco.com",
        "column_5": "",
        "phone": "",
        "column_7": "",
        "column_8": "http://www.linkedin.com/in/emma-morgan-b61671168",
        "column_11": "http://www.linkedin.com/company/ince-private-wealth",
        "column_12": "",
        "column_13": "",
        "column_27": "",
        "column_28": ""
      },
      {
        "company_name": "England",
        "website_url": "https://incentivesmart.com",
        "column_5": "alexandras@incentivesmart.co.uk",
        "phone": "",
        "column_7": "",
        "column_8": "http://www.linkedin.com/in/alexandrasutton",
        "column_11": "http://www.linkedin.com/company/incentivesmart",
        "column_12": "",
        "column_13": "",
        "column_27": "",
        "column_28": ""
      },
      {
        "company_name": "England",
        "website_url": "https://inclusivefutures.co.uk",
        "column_5": "clare@inclusivefutures.co.uk",
        "phone": "",
        "column_7": "",
        "column_8": "http://www.linkedin.com/in/cgosling",
        "column_11": "http://www.linkedin.com/company/inclusive-futures-cic",
        "column_12": "",
        "column_13": "",
        "column_27": "",
        "column_28": ""
      },
      {
        "company_name": "England",
        "website_url": "https://indicater.com",
        "column_5": "kelly.dillet@indicater.com",
        "phone": "4700000",
        "column_7": "",
        "column_8": "http://www.linkedin.com/in/kelly-dillet-38081540",
        "column_11": "http://www.linkedin.com/company/indicater",
        "column_12": "",
        "column_13": "https://twitter.com/indicater",
        "column_27": "",
        "column_28": ""
      },
      {
        "company_name": "England",
        "website_url": "https://indicater.com",
        "column_5": "stuart.moore@indicater.com",
        "phone": "4700000",
        "column_7": "",
        "column_8": "http://www.linkedin.com/in/stuart-moore-87692ba2",
        "column_11": "http://www.linkedin.com/company/indicater",
        "column_12": "",
        "column_13": "https://twitter.com/indicater",
        "column_27": "",
        "column_28": ""
      },
      {
        "company_name": "England",
        "website_url": "https://infiniti-it.co.uk",
        "column_5": "henry@infiniti-it.co.uk",
        "phone": "",
        "column_7": "+44 7768 876780",
        "column_8": "http://www.linkedin.com/in/henryettinger",
        "column_11": "http://www.linkedin.com/company/infiniti-it",
        "column_12": "https://www.facebook.com/infinitidcs",
        "column_13": "https://twitter.com/InfinitiIT",
        "column_27": "",
        "column_28": ""
      },
      {
        "company_name": "England",
        "website_url": "https://infomill.com",
        "column_5": "alison.chappell@infomill.com",
        "phone": "5500000",
        "column_7": "",
        "column_8": "http://www.linkedin.com/in/alison-chappell-04746712",
        "column_11": "http://www.linkedin.com/company/infomill",
        "column_12": "https://facebook.com/infomill/",
        "column_13": "https://twitter.com/infomill",
        "column_27": "",
        "column_28": ""
      },
      {
        "company_name": "England",
        "website_url": "https://innovacareconcepts.com",
        "column_5": "bob.oliver@innova.uk.com",
        "phone": "",
        "column_7": "",
        "column_8": "http://www.linkedin.com/in/boboliverinnova",
        "column_11": "http://www.linkedin.com/company/innova-uk",
        "column_12": "https://www.facebook.com/InnovaCareConcepts",
        "column_13": "https://twitter.com/innova_care",
        "column_27": "",
        "column_28": ""
      },
      {
        "company_name": "England",
        "website_url": "https://inreachgroup.co.uk",
        "column_5": "richardm@inreachgroup.co.uk",
        "phone": "",
        "column_7": "",
        "column_8": "http://www.linkedin.com/in/richard-m-bba273b",
        "column_11": "http://www.linkedin.com/company/inreachgroup",
        "column_12": "",
        "column_13": "https://twitter.com/easycopiers",
        "column_27": "",
        "column_28": ""
      },
      {
        "company_name": "England",
        "website_url": "https://inspiringleaderstoday.com",
        "column_5": "eward@iltoday.co.uk",
        "phone": "",
        "column_7": "",
        "column_8": "http://www.linkedin.com/in/emily-ward-937535199",
        "column_11": "http://www.linkedin.com/company/inspiring-leaders-today",
        "column_12": "",
        "column_13": "",
        "column_27": "",
        "column_28": ""
      },
      {
        "company_name": "United Kingdom",
        "website_url": "https://intecmicros.co.uk",
        "column_5": "james.walsh@intecmicros.co.uk",
        "phone": "",
        "column_7": "",
        "column_8": "http://www.linkedin.com/in/james-walsh-36667a182",
        "column_11": "http://www.linkedin.com/company/intecmicros",
        "column_12": "",
        "column_13": "",
        "column_27": "",
        "column_28": ""
      },
      {
        "company_name": "United Kingdom",
        "website_url": "https://intellegens.com",
        "column_5": "caroline@intellegens.com",
        "phone": "",
        "column_7": "",
        "column_8": "http://www.linkedin.com/in/caroline-osborne-673a395b",
        "column_11": "http://www.linkedin.com/company/intellegensai",
        "column_12": "",
        "column_13": "https://twitter.com/intellegensai",
        "column_27": "",
        "column_28": ""
      },
      {
        "company_name": "England",
        "website_url": "https://interbacs.com",
        "column_5": "careyb@interbacs.com",
        "phone": "3000000",
        "column_7": "",
        "column_8": "http://www.linkedin.com/in/benjamin-c-a88712bb",
        "column_11": "http://www.linkedin.com/company/interbacs",
        "column_12": "https://www.facebook.com/interbacs",
        "column_13": "https://twitter.com/Interbacs?ref_src=twsrc%5Egoogle%7Ctwcamp%5Eserp%7Ctwgr%5Eauthor",
        "column_27": "",
        "column_28": ""
      },
      {
        "company_name": "England",
        "website_url": "https://interlinksoftware.com",
        "column_5": "david.arrowsmith@interlinksoftware.com",
        "phone": "",
        "column_7": "",
        "column_8": "http://www.linkedin.com/in/davidarrowsmith",
        "column_11": "http://www.linkedin.com/company/interlink-software",
        "column_12": "https://en-gb.facebook.com/interlinksw/",
        "column_13": "https://twitter.com/interlinksw",
        "column_27": "VM",
        "column_28": ""
      },
      {
        "company_name": "England",
        "website_url": "https://intouchmonitoring.com",
        "column_5": "nclarke@intouchmonitoring.com",
        "phone": "",
        "column_7": "",
        "column_8": "http://www.linkedin.com/in/nathanclarke0",
        "column_11": "http://www.linkedin.com/company/intouch-monitoring-limited",
        "column_12": "https://www.facebook.com/intouchmonitoring/",
        "column_13": "https://twitter.com/Intouchmonitor",
        "column_27": "",
        "column_28": ""
      },
      {
        "company_name": "United Kingdom",
        "website_url": "https://intoware.com",
        "column_5": "elenor.gordon@intoware.com",
        "phone": "",
        "column_7": "",
        "column_8": "http://www.linkedin.com/in/elenorgordon",
        "column_11": "http://www.linkedin.com/company/intoware",
        "column_12": "https://www.facebook.com/IntowareSoftware",
        "column_13": "https://twitter.com/intoware",
        "column_27": "",
        "column_28": ""
      },
      {
        "company_name": "United Kingdom",
        "website_url": "https://weareintuitive.com",
        "column_5": "catherine.kennedy@weareintuitive.com",
        "phone": "",
        "column_7": "",
        "column_8": "http://www.linkedin.com/in/catherinekennedy",
        "column_11": "http://www.linkedin.com/company/intuitive-business-intelligence",
        "column_12": "",
        "column_13": "",
        "column_27": "",
        "column_28": ""
      },
      {
        "company_name": "England",
        "website_url": "https://in-workforce.com",
        "column_5": "lindsay.bunney@in-workforce.com",
        "phone": "",
        "column_7": "",
        "column_8": "http://www.linkedin.com/in/n7lmb",
        "column_11": "http://www.linkedin.com/company/in-workforce",
        "column_12": "",
        "column_13": "",
        "column_27": "",
        "column_28": ""
      },
      {
        "company_name": "Scotland",
        "website_url": "https://iolla.com",
        "column_5": "kirstyhumpherson@iolla.com",
        "phone": "1000000",
        "column_7": "",
        "column_8": "http://www.linkedin.com/in/kirsty-h-a159b1ba",
        "column_11": "http://www.linkedin.com/company/iolla",
        "column_12": "https://www.facebook.com/IOLLAsocial/",
        "column_13": "https://twitter.com/iolla",
        "column_27": "",
        "column_28": ""
      },
      {
        "company_name": "Stretford",
        "website_url": "https://ipex.technology",
        "column_5": "Major Bids & Marketing",
        "phone": "44 330 058 0699",
        "column_7": "+44 75 6434 8237",
        "column_8": "",
        "column_11": "telecommunications",
        "column_12": "http://www.linkedin.com/company/ip-ex",
        "column_13": "",
        "column_27": "",
        "column_28": ""
      },
      {
        "company_name": "United Kingdom",
        "website_url": "https://iquila.com",
        "column_5": "courtney.ann@iquila.com",
        "phone": "",
        "column_7": "",
        "column_8": "http://www.linkedin.com/in/courtney-ann-b6b6b7186",
        "column_11": "http://www.linkedin.com/company/iquila",
        "column_12": "https://facebook.com/iquila1",
        "column_13": "https://twitter.com/iquila1",
        "column_27": "",
        "column_28": ""
      },
      {
        "company_name": "United Kingdom",
        "website_url": "https://cascadehr.co.uk",
        "column_5": "james.winn@cascadehr.co.uk",
        "phone": "",
        "column_7": "+44 7901 554936",
        "column_8": "http://www.linkedin.com/in/james-winn-5640402b",
        "column_11": "http://www.linkedin.com/company/irishr",
        "column_12": "",
        "column_13": "",
        "column_27": "",
        "column_28": ""
      },
      {
        "company_name": "England",
        "website_url": "https://irisguard.com",
        "column_5": "emowbray@irisguard.com",
        "phone": "371000",
        "column_7": "",
        "column_8": "http://www.linkedin.com/in/eva-mowbray-8a8506a0",
        "column_11": "http://www.linkedin.com/company/irisguard",
        "column_12": "https://www.facebook.com/IrisGuard",
        "column_13": "https://twitter.com/IrisGuard",
        "column_27": "",
        "column_28": ""
      },
      {
        "company_name": "England",
        "website_url": "https://itdeskuk.com",
        "column_5": "vicki.harper@itdeskuk.com",
        "phone": "",
        "column_7": "",
        "column_8": "http://www.linkedin.com/in/vickilharper",
        "column_11": "http://www.linkedin.com/company/it-desk-uk-limited",
        "column_12": "https://www.facebook.com/ITDeskUKLtd",
        "column_13": "https://twitter.com/ITDeskUK",
        "column_27": "",
        "column_28": ""
      },
      {
        "company_name": "United Kingdom",
        "website_url": "https://ivylinegb.co.uk",
        "column_5": "marija.s@ivylinegb.co.uk",
        "phone": "",
        "column_7": "",
        "column_8": "http://www.linkedin.com/in/marija-snape-08659361",
        "column_11": "http://www.linkedin.com/company/ivyline",
        "column_12": "",
        "column_13": "",
        "column_27": "",
        "column_28": ""
      },
      {
        "company_name": "England",
        "website_url": "https://izabellehammon.com",
        "column_5": "nicola@izabellehammon.com",
        "phone": "476000",
        "column_7": "+44 7415 101334",
        "column_8": "http://www.linkedin.com/in/nicola-hammon-2852b362",
        "column_11": "http://www.linkedin.com/company/izabelle-hammon-ltd",
        "column_12": "https://facebook.com/pages/Calgel/128369211655",
        "column_13": "https://twitter.com/CalgelUK",
        "column_27": "",
        "column_28": ""
      },
      {
        "company_name": "United Kingdom",
        "website_url": "https://izmo.ai",
        "column_5": "linds.kemp-ramsey@geronimoweb.com",
        "phone": "",
        "column_7": "",
        "column_8": "http://www.linkedin.com/in/linds-kemp-ramsey-a8a05426",
        "column_11": "http://www.linkedin.com/company/izmocars-uk",
        "column_12": "",
        "column_13": "",
        "column_27": "",
        "column_28": ""
      },
      {
        "company_name": "England",
        "website_url": "https://jnk-aquatics.co.uk",
        "column_5": "mark.dalton@jnk-aquatics.co.uk",
        "phone": "",
        "column_7": "",
        "column_8": "http://www.linkedin.com/in/mark-dalton-47394020",
        "column_11": "http://www.linkedin.com/company/jnkaquatics",
        "column_12": "",
        "column_13": "",
        "column_27": "",
        "column_28": ""
      },
      {
        "company_name": "England",
        "website_url": "https://js-davis.co.uk",
        "column_5": "steve.brown@js-davis.co.uk",
        "phone": "3644000",
        "column_7": "",
        "column_8": "http://www.linkedin.com/in/steve-brown-a7409285",
        "column_11": "http://www.linkedin.com/company/j-s-davis-ltd",
        "column_12": "https://www.facebook.com/JSDavisLimited/",
        "column_13": "https://twitter.com/JSDavisLtd",
        "column_27": "",
        "column_28": ""
      },
      {
        "company_name": "England",
        "website_url": "https://jackson-grundy.com",
        "column_5": "",
        "phone": "4364000",
        "column_7": "",
        "column_8": "http://www.linkedin.com/in/eliseosborne-green",
        "column_11": "http://www.linkedin.com/company/jackson-grundy",
        "column_12": "https://facebook.com/jacksongrundyuk",
        "column_13": "https://twitter.com/jacksongrundy",
        "column_27": "",
        "column_28": ""
      },
      {
        "company_name": "United Kingdom",
        "website_url": "https://jesuk.com",
        "column_5": "alex@jesuk.co.uk",
        "phone": "",
        "column_7": "",
        "column_8": "http://www.linkedin.com/in/alex-thompson-5a25198a",
        "column_11": "http://www.linkedin.com/company/jaguar-espresso-systems",
        "column_12": "",
        "column_13": "",
        "column_27": "",
        "column_28": ""
      },
      {
        "company_name": "United Kingdom",
        "website_url": "https://jesuk.com",
        "column_5": "helen@jesuk.co.uk",
        "phone": "",
        "column_7": "",
        "column_8": "http://www.linkedin.com/in/helen-taylor-76a97963",
        "column_11": "http://www.linkedin.com/company/jaguar-espresso-systems",
        "column_12": "",
        "column_13": "",
        "column_27": "",
        "column_28": ""
      },
      {
        "company_name": "England",
        "website_url": "https://janeclayton.co.uk",
        "column_5": "fmann@janeclayton.co.uk",
        "phone": "2906000",
        "column_7": "",
        "column_8": "http://www.linkedin.com/in/faye-mann-1aab4758",
        "column_11": "http://www.linkedin.com/company/janeclayton&colimited",
        "column_12": "https://facebook.com/JaneClaytonAndCompany",
        "column_13": "https://twitter.com/JClaytonAndCo",
        "column_27": "",
        "column_28": ""
      },
      {
        "company_name": "United Kingdom",
        "website_url": "https://j-eng.co.uk",
        "column_5": "",
        "phone": "",
        "column_7": "",
        "column_8": "http://www.linkedin.com/in/ed-jefferis-a900a7262",
        "column_11": "http://www.linkedin.com/company/jefferisengineeringltd",
        "column_12": "",
        "column_13": "",
        "column_27": "",
        "column_28": ""
      },
      {
        "company_name": "Jerait",
        "website_url": "https://jerait.co.uk",
        "column_5": "john.beattie@jerait.co.uk",
        "phone": "",
        "column_7": "",
        "column_8": "http://www.linkedin.com/in/john-beattie-40b49112a",
        "column_11": "http://www.linkedin.com/company/jerait",
        "column_12": "https://www.facebook.com/jerait1",
        "column_13": "",
        "column_27": "",
        "column_28": ""
      },
      {
        "company_name": "England",
        "website_url": "https://jettytechnologies.com",
        "column_5": "",
        "phone": "",
        "column_7": "",
        "column_8": "http://www.linkedin.com/in/annie-hollingdale-61927a3",
        "column_11": "http://www.linkedin.com/company/jetty-technologies",
        "column_12": "",
        "column_13": "",
        "column_27": "",
        "column_28": ""
      },
      {
        "company_name": "England",
        "website_url": "https://jgbm.co.uk",
        "column_5": "simon.bennett@jgbm.co.uk",
        "phone": "26311000",
        "column_7": "",
        "column_8": "http://www.linkedin.com/in/simon-b-465a4011",
        "column_11": "http://www.linkedin.com/company/jgbm-ltd",
        "column_12": "",
        "column_13": "https://twitter.com/JGBMUK",
        "column_27": "",
        "column_28": ""
      },
      {
        "company_name": "United Kingdom",
        "website_url": "https://johnperkins.co.uk",
        "column_5": "",
        "phone": "",
        "column_7": "",
        "column_8": "http://www.linkedin.com/in/melanie-pullin-83261283",
        "column_11": "http://www.linkedin.com/company/john-perkins-construction",
        "column_12": "http://www.facebook.com/pages/John-Perkins-Construction-Ltd/301387073245083",
        "column_13": "http://www.twitter.com/JohnPerkinsCon",
        "column_27": "",
        "column_28": ""
      },
      {
        "company_name": "England",
        "website_url": "https://johnyorkestory.com",
        "column_5": "emily@johnyorkestory.com",
        "phone": "",
        "column_7": "",
        "column_8": "http://www.linkedin.com/in/emily-r-a83ba8105",
        "column_11": "http://www.linkedin.com/company/john-yorke-story",
        "column_12": "https://www.facebook.com/groups/1844990722286287",
        "column_13": "https://twitter.com/jyintothewoods",
        "column_27": "",
        "column_28": ""
      },
      {
        "company_name": "England",
        "website_url": "https://johnsonreed.co.uk",
        "column_5": "bhowison@johnsonreed.co.uk",
        "phone": "488000",
        "column_7": "",
        "column_8": "http://www.linkedin.com/in/bea-howison-a55a542a0",
        "column_11": "http://www.linkedin.com/company/johnson-reed",
        "column_12": "https://www.facebook.com/JohnsonReedLtd",
        "column_13": "https://twitter.com/johnsonreed",
        "column_27": "",
        "column_28": ""
      },
      {
        "company_name": "England",
        "website_url": "https://jointoperations.co.uk",
        "column_5": "tammyward@jointoperations.co.uk",
        "phone": "",
        "column_7": "+44 7939 911656",
        "column_8": "http://www.linkedin.com/in/tammy-ward-952a8615",
        "column_11": "http://www.linkedin.com/company/jointoperations-ltd",
        "column_12": "",
        "column_13": "https://twitter.com/JO_SaveTheJoint",
        "column_27": "",
        "column_28": ""
      },
      {
        "company_name": "England",
        "website_url": "https://jpandbrimelow.co.uk",
        "column_5": "conor@jpbrimelow.co.uk",
        "phone": "",
        "column_7": "",
        "column_8": "http://www.linkedin.com/in/conor-o-reilly-984263b4",
        "column_11": "http://www.linkedin.com/company/jp-&-brimelow-chorlton-limited",
        "column_12": "https://www.facebook.com/JPandBrimelow/",
        "column_13": "https://twitter.com/jpandbrimelow",
        "column_27": "",
        "column_28": ""
      },
      {
        "company_name": "England",
        "website_url": "https://wired in Fabrick",
        "column_5": "Head of Marketing",
        "phone": "5000000",
        "column_7": "+44 796 480 6393",
        "column_8": "",
        "column_11": "information technology & services",
        "column_12": "http://www.linkedin.com/company/judopay",
        "column_13": "https://facebook.com/JudoPayments",
        "column_27": "",
        "column_28": ""
      },
      {
        "company_name": "England",
        "website_url": "https://justmylook.com",
        "column_5": "barbaracanhoto@justmylook.com",
        "phone": "",
        "column_7": "",
        "column_8": "http://www.linkedin.com/in/barbara-canhoto-630069173",
        "column_11": "http://www.linkedin.com/company/justmylook",
        "column_12": "https://facebook.com/justmylook",
        "column_13": "https://twitter.com/justmylookcom",
        "column_27": "",
        "column_28": ""
      },
      {
        "company_name": "England",
        "website_url": "https://glamorous.com",
        "column_5": "mary-kate@kacoofashion.co.uk",
        "phone": "4530000",
        "column_7": "",
        "column_8": "http://www.linkedin.com/in/mary-kate-mcallister-09438070",
        "column_11": "http://www.linkedin.com/company/kacoo-fashion-ltd",
        "column_12": "https://www.facebook.com/glamorouscom",
        "column_13": "https://twitter.com/ukglamorous",
        "column_27": "",
        "column_28": ""
      },
      {
        "company_name": "44 13 3255 3586",
        "website_url": "https://kappture.com",
        "column_5": "gordon.kaye@kappture.com",
        "phone": "",
        "column_7": "",
        "column_8": "http://www.linkedin.com/in/gordon-kaye-893b373",
        "column_11": "http://www.linkedin.com/company/kappture",
        "column_12": "https://facebook.com/kappture1/",
        "column_13": "https://twitter.com/Kappture",
        "column_27": "",
        "column_28": ""
      },
      {
        "company_name": "England",
        "website_url": "https://kavee.com",
        "column_5": "",
        "phone": "",
        "column_7": "",
        "column_8": "http://www.linkedin.com/in/melissaorchard",
        "column_11": "http://www.linkedin.com/company/kaveecage",
        "column_12": "",
        "column_13": "",
        "column_27": "",
        "column_28": ""
      },
      {
        "company_name": "England",
        "website_url": "https://keen-ai.com",
        "column_5": "mubin.khan@keen-ai.com",
        "phone": "",
        "column_7": "",
        "column_8": "http://www.linkedin.com/in/khanmubin",
        "column_11": "http://www.linkedin.com/company/keenai",
        "column_12": "",
        "column_13": "",
        "column_27": "",
        "column_28": ""
      },
      {
        "company_name": "United Kingdom",
        "website_url": "https://kensingtonsystems.co.uk",
        "column_5": "",
        "phone": "",
        "column_7": "",
        "column_8": "http://www.linkedin.com/in/npleahy",
        "column_11": "http://www.linkedin.com/company/kensington-systems-ltd",
        "column_12": "https://www.facebook.com/KensingtonSystemsLtd/",
        "column_13": "https://twitter.com/shade_shelter",
        "column_27": "",
        "column_28": ""
      },
      {
        "company_name": "United Kingdom",
        "website_url": "https://kensingtonsystems.co.uk",
        "column_5": "",
        "phone": "",
        "column_7": "",
        "column_8": "http://www.linkedin.com/in/cassia-huntley",
        "column_11": "http://www.linkedin.com/company/kensington-systems-ltd",
        "column_12": "https://www.facebook.com/KensingtonSystemsLtd/",
        "column_13": "https://twitter.com/shade_shelter",
        "column_27": "",
        "column_28": ""
      },
      {
        "company_name": "United Kingdom",
        "website_url": "https://kervcapital.co.uk",
        "column_5": "ben.taylor@kevinedward.co.uk",
        "phone": "",
        "column_7": "+44 7973 480713",
        "column_8": "http://www.linkedin.com/in/ben-taylor-b7ab0a15a",
        "column_11": "http://www.linkedin.com/company/kerv-capital",
        "column_12": "https://www.facebook.com/kervcapital",
        "column_13": "",
        "column_27": "",
        "column_28": ""
      },
      {
        "company_name": "England",
        "website_url": "https://kilbyfox.co.uk",
        "column_5": "gemmacrooke@kilbyfox.co.uk",
        "phone": "612000",
        "column_7": "",
        "column_8": "http://www.linkedin.com/in/gemma-crooke-3b100015",
        "column_11": "http://www.linkedin.com/company/kilby-fox",
        "column_12": "https://www.facebook.com/KilbyFox/",
        "column_13": "https://twitter.com/kilbyfox",
        "column_27": "",
        "column_28": ""
      },
      {
        "company_name": "England",
        "website_url": "https://kingswoodproperties.co.uk",
        "column_5": "",
        "phone": "192000",
        "column_7": "",
        "column_8": "http://www.linkedin.com/in/bobbi-summerley-127224173",
        "column_11": "http://www.linkedin.com/company/kingswoodsalesandlettings",
        "column_12": "https://facebook.com/kingswoodproperties",
        "column_13": "https://twitter.com/Kingswoodprops",
        "column_27": "",
        "column_28": ""
      },
      {
        "company_name": "England",
        "website_url": "https://kirkbytyres.co.uk",
        "column_5": "lin.mcdonald@kirkbytyres.co.uk",
        "phone": "30000000",
        "column_7": "",
        "column_8": "http://www.linkedin.com/in/lin-mcdonald-77448a1a",
        "column_11": "http://www.linkedin.com/company/kirkby-tyres-ltd",
        "column_12": "https://facebook.com/pages/Kirkby-Tyres-Ltd/324367754314087",
        "column_13": "https://twitter.com/KirkbyTyres10",
        "column_27": "",
        "column_28": ""
      },
      {
        "company_name": "England",
        "website_url": "https://kirkbytyres.co.uk",
        "column_5": "adam.bromilow@kirkbytyres.co.uk",
        "phone": "30000000",
        "column_7": "",
        "column_8": "http://www.linkedin.com/in/adam-bromilow",
        "column_11": "http://www.linkedin.com/company/kirkby-tyres-ltd",
        "column_12": "https://facebook.com/pages/Kirkby-Tyres-Ltd/324367754314087",
        "column_13": "https://twitter.com/KirkbyTyres10",
        "column_27": "",
        "column_28": ""
      },
      {
        "company_name": "England",
        "website_url": "https://kirwans.co.uk",
        "column_5": "",
        "phone": "3897000",
        "column_7": "",
        "column_8": "http://www.linkedin.com/in/alison-scragg-841b6713",
        "column_11": "http://www.linkedin.com/company/kirwans-solicitors",
        "column_12": "https://facebook.com/KirwansUK",
        "column_13": "https://twitter.com/KirwansLaw",
        "column_27": "",
        "column_28": ""
      },
      {
        "company_name": "England",
        "website_url": "https://knetic.com",
        "column_5": "hannah.ellis@knetic.co.uk",
        "phone": "",
        "column_7": "",
        "column_8": "http://www.linkedin.com/in/hannah-e-46888b94",
        "column_11": "http://www.linkedin.com/company/team-knetic",
        "column_12": "",
        "column_13": "",
        "column_27": "",
        "column_28": ""
      },
      {
        "company_name": "Cambridge",
        "website_url": "https://ke.org.uk",
        "column_5": "Marketing & Membership",
        "phone": "44 122 365 9950",
        "column_7": "+44 7875 724275",
        "column_8": "",
        "column_11": "professional training & coaching",
        "column_12": "http://www.linkedin.com/company/knowledge-exchange-uk",
        "column_13": "",
        "column_27": "",
        "column_28": ""
      },
      {
        "company_name": "England",
        "website_url": "https://kolekti.com",
        "column_5": "",
        "phone": "",
        "column_7": "",
        "column_8": "http://www.linkedin.com/in/matildafrench",
        "column_11": "http://www.linkedin.com/company/kolekti",
        "column_12": "",
        "column_13": "",
        "column_27": "",
        "column_28": ""
      },
      {
        "company_name": "United Kingdom",
        "website_url": "https://konfir.com",
        "column_5": "",
        "phone": "",
        "column_7": "",
        "column_8": "http://www.linkedin.com/in/gallen98",
        "column_11": "http://www.linkedin.com/company/konfir",
        "column_12": "",
        "column_13": "",
        "column_27": "",
        "column_28": ""
      },
      {
        "company_name": "England",
        "website_url": "https://kongonline.co.uk",
        "column_5": "matt.lewis@kong.it",
        "phone": "",
        "column_7": "",
        "column_8": "http://www.linkedin.com/in/matt-lewis-48313378",
        "column_11": "http://www.linkedin.com/company/kong-cv1-limited",
        "column_12": "https://facebook.com/Kongstreetandskatewear",
        "column_13": "",
        "column_27": "",
        "column_28": ""
      },
      {
        "company_name": "England",
        "website_url": "https://kooka.co.uk",
        "column_5": "",
        "phone": "",
        "column_7": "",
        "column_8": "http://www.linkedin.com/in/abigail-york-87114a227",
        "column_11": "http://www.linkedin.com/company/kookagroup",
        "column_12": "https://www.facebook.com/kookadevelopments/",
        "column_13": "",
        "column_27": "",
        "column_28": ""
      },
      {
        "company_name": "Scotland",
        "website_url": "https://krotos.studio",
        "column_5": "",
        "phone": "",
        "column_7": "",
        "column_8": "http://www.linkedin.com/in/sammizoeyleaver",
        "column_11": "http://www.linkedin.com/company/krotos",
        "column_12": "",
        "column_13": "",
        "column_27": "",
        "column_28": ""
      },
      {
        "company_name": "England",
        "website_url": "https://ksalearning.com",
        "column_5": "jack@ksalearning.com",
        "phone": "",
        "column_7": "",
        "column_8": "http://www.linkedin.com/in/jack-malden-b75957122",
        "column_11": "http://www.linkedin.com/company/ksalearning",
        "column_12": "",
        "column_13": "",
        "column_27": "",
        "column_28": ""
      },
      {
        "company_name": "44 16 2554 5745",
        "website_url": "https://kyero.com",
        "column_5": "rachel@kyero.com",
        "phone": "",
        "column_7": "",
        "column_8": "http://www.linkedin.com/in/rachael-marking-3b5a8a296",
        "column_11": "http://www.linkedin.com/company/kyero-com",
        "column_12": "https://facebook.com/kyero.co.uk/",
        "column_13": "https://twitter.com/kyero",
        "column_27": "",
        "column_28": ""
      },
      {
        "company_name": "44 16 2554 5745",
        "website_url": "https://kyero.com",
        "column_5": "",
        "phone": "",
        "column_7": "",
        "column_8": "http://www.linkedin.com/in/jenniferrjackson",
        "column_11": "http://www.linkedin.com/company/kyero-com",
        "column_12": "https://facebook.com/kyero.co.uk/",
        "column_13": "https://twitter.com/kyero",
        "column_27": "",
        "column_28": ""
      },
      {
        "company_name": "England",
        "website_url": "https://kyzensports.co.uk",
        "column_5": "patrick@kyzensports.co.uk",
        "phone": "",
        "column_7": "",
        "column_8": "http://www.linkedin.com/in/patrick-michael-mansfield-259399213",
        "column_11": "http://www.linkedin.com/company/kyzen-sports",
        "column_12": "",
        "column_13": "",
        "column_27": "",
        "column_28": ""
      },
      {
        "company_name": "England",
        "website_url": "https://laidlaw.co.uk",
        "column_5": "paul.murphy@laidlaw.net",
        "phone": "",
        "column_7": "",
        "column_8": "http://www.linkedin.com/in/paul-murphy-211306151",
        "column_11": "http://www.linkedin.com/company/laidlaw-uk",
        "column_12": "",
        "column_13": "",
        "column_27": "",
        "column_28": ""
      },
      {
        "company_name": "England",
        "website_url": "https://lake.co.uk",
        "column_5": "paul.barns@lake.co.uk",
        "phone": "11637000",
        "column_7": "",
        "column_8": "http://www.linkedin.com/in/paulbarns",
        "column_11": "http://www.linkedin.com/company/lakeuk",
        "column_12": "",
        "column_13": "https://twitter.com/lakefinancial",
        "column_27": "",
        "column_28": ""
      },
      {
        "company_name": "England",
        "website_url": "https://lampshoponline.com",
        "column_5": "julie@lampshoponline.com",
        "phone": "",
        "column_7": "",
        "column_8": "http://www.linkedin.com/in/yongting-julie-wu",
        "column_11": "http://www.linkedin.com/company/www-lampshoponline-com",
        "column_12": "https://www.facebook.com/LampShopOnline/",
        "column_13": "https://twitter.com/LampShopOnline",
        "column_27": "",
        "column_28": ""
      },
      {
        "company_name": "United Kingdom",
        "website_url": "https://landstructure.co.uk",
        "column_5": "lee.stephenson@landstructure.co.uk",
        "phone": "",
        "column_7": "+44 7860 827300",
        "column_8": "http://www.linkedin.com/in/lee-stephenson-2a74a6b3",
        "column_11": "http://www.linkedin.com/company/land-structure-limited",
        "column_12": "",
        "column_13": "",
        "column_27": "",
        "column_28": ""
      },
      {
        "company_name": "United Kingdom",
        "website_url": "https://langricks.com",
        "column_5": "fern@langricks.com",
        "phone": "",
        "column_7": "",
        "column_8": "http://www.linkedin.com/in/ferneyremorgan",
        "column_11": "http://www.linkedin.com/company/langricks",
        "column_12": "https://facebook.com/langricks",
        "column_13": "https://twitter.com/langricks",
        "column_27": "",
        "column_28": ""
      },
      {
        "company_name": "England",
        "website_url": "https://latitudelaw.com",
        "column_5": "rmcindoe@latitudelaw.com",
        "phone": "",
        "column_7": "",
        "column_8": "http://www.linkedin.com/in/rebecca-mcindoe-06a137181",
        "column_11": "http://www.linkedin.com/company/latitude-law",
        "column_12": "",
        "column_13": "https://twitter.com/LatitudeLaw",
        "column_27": "",
        "column_28": ""
      },
      {
        "company_name": "United Kingdom",
        "website_url": "https://left.aero",
        "column_5": "",
        "phone": "",
        "column_7": "",
        "column_8": "http://www.linkedin.com/in/sarah-jane-walker-58a5621b4",
        "column_11": "http://www.linkedin.com/company/leading-edge-flight-training-ltd",
        "column_12": "",
        "column_13": "",
        "column_27": "",
        "column_28": ""
      },
      {
        "company_name": "England",
        "website_url": "https://leaningtech.com",
        "column_5": "ryan@leaningtech.com",
        "phone": "",
        "column_7": "",
        "column_8": "http://www.linkedin.com/in/ryanfordevp",
        "column_11": "http://www.linkedin.com/company/leaning-technologies-ltd",
        "column_12": "",
        "column_13": "https://twitter.com/leaningtech",
        "column_27": "",
        "column_28": ""
      },
      {
        "company_name": "Bracknell",
        "website_url": "https://learningpartners.co.uk",
        "column_5": "Media and Technical Director",
        "phone": "44 780 109 0802",
        "column_7": "+1 501-786-6509",
        "column_8": "",
        "column_11": "professional training & coaching",
        "column_12": "http://www.linkedin.com/company/learning-partners-limited",
        "column_13": "",
        "column_27": "",
        "column_28": ""
      },
      {
        "company_name": "Learnprogroup",
        "website_url": "https://learnprogroup.com",
        "column_5": "",
        "phone": "",
        "column_7": "",
        "column_8": "http://www.linkedin.com/in/lorna-tilsley-4438755",
        "column_11": "http://www.linkedin.com/company/learnpro-group",
        "column_12": "https://www.facebook.com/LearnProGroup",
        "column_13": "",
        "column_27": "",
        "column_28": ""
      },
      {
        "company_name": "England",
        "website_url": "https://leedscreditunion.co.uk",
        "column_5": "gpotter@leedscreditunion.co.uk",
        "phone": "",
        "column_7": "",
        "column_8": "http://www.linkedin.com/in/gspotter",
        "column_11": "http://www.linkedin.com/company/leeds-city-credit-union-limited",
        "column_12": "",
        "column_13": "https://twitter.com/LeedsCredUnion",
        "column_27": "",
        "column_28": ""
      },
      {
        "company_name": "England",
        "website_url": "https://lcylondon.com",
        "column_5": "",
        "phone": "",
        "column_7": "",
        "column_8": "http://www.linkedin.com/in/hussain-jiffry-210a5223",
        "column_11": "http://www.linkedin.com/company/legacylondon",
        "column_12": "",
        "column_13": "",
        "column_27": "",
        "column_28": ""
      },
      {
        "company_name": "44 121 812 0250",
        "website_url": "https://leopardco.com",
        "column_5": "anthony@leopardco.com",
        "phone": "",
        "column_7": "",
        "column_8": "http://www.linkedin.com/in/anthonytattum",
        "column_11": "http://www.linkedin.com/company/leopard-co",
        "column_12": "",
        "column_13": "",
        "column_27": "",
        "column_28": "N/A"
      },
      {
        "company_name": "England",
        "website_url": "https://lettingaproperty.com",
        "column_5": "aravind@lettingaproperty.com",
        "phone": "7019000",
        "column_7": "",
        "column_8": "http://www.linkedin.com/in/aravind-goli",
        "column_11": "http://www.linkedin.com/company/lettingaproperty-com",
        "column_12": "https://www.facebook.com/lettingaproperty",
        "column_13": "https://twitter.com/lettingproperty",
        "column_27": "",
        "column_28": ""
      },
      {
        "company_name": "England",
        "website_url": "https://levisolicitors.co.uk",
        "column_5": "rjago@levisolicitors.co.uk",
        "phone": "",
        "column_7": "",
        "column_8": "http://www.linkedin.com/in/ruth-jago-52933180",
        "column_11": "http://www.linkedin.com/company/levi-solicitors-llp",
        "column_12": "https://facebook.com/levisolicitorsllp",
        "column_13": "https://twitter.com/levisolicitors",
        "column_27": "",
        "column_28": ""
      },
      {
        "company_name": "England",
        "website_url": "https://levltelematics.com",
        "column_5": "clarance@levltelematics.com",
        "phone": "",
        "column_7": "",
        "column_8": "http://www.linkedin.com/in/clarance-mamombe-a01a4211b",
        "column_11": "http://www.linkedin.com/company/levltelematics",
        "column_12": "https://www.facebook.com/LEVLtelematics/",
        "column_13": "https://twitter.com/LEVLTelematics",
        "column_27": "",
        "column_28": ""
      },
      {
        "company_name": "England",
        "website_url": "https://lexbusiness.co.uk",
        "column_5": "m.elphick@lexbusiness.co.uk",
        "phone": "",
        "column_7": "+44 161 724 4001",
        "column_8": "http://www.linkedin.com/in/michael-elphick-023420357",
        "column_11": "http://www.linkedin.com/company/lex-business-equipment",
        "column_12": "",
        "column_13": "",
        "column_27": "",
        "column_28": ""
      },
      {
        "company_name": "England",
        "website_url": "https://lgh.co.uk",
        "column_5": "connor.richardson@lgh.co.uk",
        "phone": "",
        "column_7": "",
        "column_8": "http://www.linkedin.com/in/connor-richardson-29769a5a",
        "column_11": "http://www.linkedin.com/company/lgh-uk",
        "column_12": "https://facebook.com/lgh.uk",
        "column_13": "https://twitter.com/lgh_uk?lang=en",
        "column_27": "",
        "column_28": ""
      },
      {
        "company_name": "Wales",
        "website_url": "https://lhevans.co.uk",
        "column_5": "",
        "phone": "27580000",
        "column_7": "",
        "column_8": "http://www.linkedin.com/in/jacob-crofts-688455186",
        "column_11": "http://www.linkedin.com/company/lh-evans-ltd",
        "column_12": "https://www.facebook.com/lhevanswholesaler",
        "column_13": "",
        "column_27": "",
        "column_28": ""
      },
      {
        "company_name": "United Kingdom",
        "website_url": "https://libraesva.com",
        "column_5": "james.hinton@libraesva.com",
        "phone": "",
        "column_7": "",
        "column_8": "http://www.linkedin.com/in/james-hinton-79aa18194",
        "column_11": "http://www.linkedin.com/company/libraesva",
        "column_12": "",
        "column_13": "https://twitter.com/libraesva",
        "column_27": "",
        "column_28": ""
      },
      {
        "company_name": "England",
        "website_url": "https://lifemarque.co.uk",
        "column_5": "",
        "phone": "31025000",
        "column_7": "",
        "column_8": "http://www.linkedin.com/in/peter-gostling-0a211613",
        "column_11": "http://www.linkedin.com/company/lifemarque-ltd",
        "column_12": "",
        "column_13": "",
        "column_27": "",
        "column_28": ""
      },
      {
        "company_name": "England",
        "website_url": "https://linebreak.io",
        "column_5": "danielle@linebreak.io",
        "phone": "",
        "column_7": "",
        "column_8": "http://www.linkedin.com/in/daniellehonore",
        "column_11": "http://www.linkedin.com/company/linebreak",
        "column_12": "",
        "column_13": "",
        "column_27": "",
        "column_28": ""
      },
      {
        "company_name": "United Kingdom",
        "website_url": "https://lrs-systems.co.uk",
        "column_5": "sue@lrs-systems.co.uk",
        "phone": "",
        "column_7": "",
        "column_8": "http://www.linkedin.com/in/sue-gallagher-aa06509",
        "column_11": "http://www.linkedin.com/company/liquid-roofing-systems",
        "column_12": "",
        "column_13": "",
        "column_27": "",
        "column_28": ""
      },
      {
        "company_name": "England",
        "website_url": "https://liv-technology.com",
        "column_5": "alicia@liv-technology.com",
        "phone": "",
        "column_7": "",
        "column_8": "http://www.linkedin.com/in/alicia-catherine-potts-758602a2",
        "column_11": "http://www.linkedin.com/company/liv-technology",
        "column_12": "",
        "column_13": "",
        "column_27": "",
        "column_28": ""
      },
      {
        "company_name": "England",
        "website_url": "https://loop-software.com",
        "column_5": "nicci.reeve@loop-software.com",
        "phone": "",
        "column_7": "",
        "column_8": "http://www.linkedin.com/in/niccireeve",
        "column_11": "http://www.linkedin.com/company/loop-bpm-software",
        "column_12": "",
        "column_13": "",
        "column_27": "",
        "column_28": ""
      },
      {
        "company_name": "England",
        "website_url": "https://low6.com",
        "column_5": "tom@low6.co.uk",
        "phone": "",
        "column_7": "",
        "column_8": "http://www.linkedin.com/in/tombettles",
        "column_11": "http://www.linkedin.com/company/low6",
        "column_12": "https://facebook.com/Low6bet/",
        "column_13": "https://twitter.com/low6sports",
        "column_27": "",
        "column_28": ""
      },
      {
        "company_name": "England",
        "website_url": "https://lullabellz.com",
        "column_5": "scott.taylor@lullabellz.com",
        "phone": "3805000",
        "column_7": "",
        "column_8": "http://www.linkedin.com/in/scott-taylor-85845347",
        "column_11": "http://www.linkedin.com/company/lullabellz",
        "column_12": "https://facebook.com/LullaBellzUK",
        "column_13": "https://twitter.com/LoveLullaBellz",
        "column_27": "",
        "column_28": ""
      },
      {
        "company_name": "Lumisliving",
        "website_url": "https://lumisliving.com",
        "column_5": "rebeca.pagaza@lumisliving.com",
        "phone": "",
        "column_7": "",
        "column_8": "http://www.linkedin.com/in/rebeca-pagazaurtundua-ispizua-066123b6",
        "column_11": "http://www.linkedin.com/company/lumis-living",
        "column_12": "",
        "column_13": "",
        "column_27": "NO NUMBER",
        "column_28": ""
      },
      {
        "company_name": "Scotland",
        "website_url": "https://msquared.co.uk",
        "column_5": "hari.farzin@msquared.co.uk",
        "phone": "",
        "column_7": "",
        "column_8": "http://www.linkedin.com/in/hari-farzin-0384786",
        "column_11": "http://www.linkedin.com/company/msquaredscotland",
        "column_12": "https://www.facebook.com/msquaredlandscaping",
        "column_13": "",
        "column_27": "",
        "column_28": ""
      },
      {
        "company_name": "Scotland",
        "website_url": "https://m8retail.com",
        "column_5": "",
        "phone": "",
        "column_7": "",
        "column_8": "http://www.linkedin.com/in/kirstymcnamara",
        "column_11": "http://www.linkedin.com/company/m8-group-ltd",
        "column_12": "",
        "column_13": "",
        "column_27": "",
        "column_28": ""
      },
      {
        "company_name": "England",
        "website_url": "https://maggsandallen.co.uk",
        "column_5": "rchatham-lacey@maggsandallen.co.uk",
        "phone": "5269000",
        "column_7": "",
        "column_8": "http://www.linkedin.com/in/ruby-chatham-lacey",
        "column_11": "http://www.linkedin.com/company/maggs-allen",
        "column_12": "https://www.facebook.com/maggsandallen",
        "column_13": "https://twitter.com/MaggsAllen",
        "column_27": "",
        "column_28": ""
      },
      {
        "company_name": "England",
        "website_url": "https://makecic.org",
        "column_5": "amy.higham@makecic.org",
        "phone": "",
        "column_7": "",
        "column_8": "http://www.linkedin.com/in/amy-higham-976590159",
        "column_11": "http://www.linkedin.com/company/make-cic",
        "column_12": "https://www.facebook.com/makeCIC/",
        "column_13": "http://twitter.com/makecic",
        "column_27": "",
        "column_28": ""
      },
      {
        "company_name": "England",
        "website_url": "https://manchesterarndale.com",
        "column_5": "",
        "phone": "3737000",
        "column_7": "",
        "column_8": "http://www.linkedin.com/in/judith-woods-14652641",
        "column_11": "http://www.linkedin.com/company/manchester-arndale",
        "column_12": "https://facebook.com/manchesterarndale",
        "column_13": "https://twitter.com/manarndale",
        "column_27": "",
        "column_28": ""
      },
      {
        "company_name": "England",
        "website_url": "https://manchester.co.uk",
        "column_5": "",
        "phone": "",
        "column_7": "",
        "column_8": "http://www.linkedin.com/in/jowardle",
        "column_11": "http://www.linkedin.com/company/manchester-building-society",
        "column_12": "https://www.facebook.com/ManchesterBuildingSociety",
        "column_13": "",
        "column_27": "",
        "column_28": ""
      },
      {
        "company_name": "England",
        "website_url": "https://manchesterdigital.com",
        "column_5": "thom@manchesterdigital.com",
        "phone": "4000000",
        "column_7": "",
        "column_8": "http://www.linkedin.com/in/thomasdocking",
        "column_11": "http://www.linkedin.com/company/manchester-digital",
        "column_12": "",
        "column_13": "https://twitter.com/mcrdig",
        "column_27": "",
        "column_28": ""
      },
      {
        "company_name": "Scotland",
        "website_url": "https://marcopaul.co.uk",
        "column_5": "khan.diya@swarovski.com",
        "phone": "",
        "column_7": "",
        "column_8": "http://www.linkedin.com/in/diya-khan-908a531b9",
        "column_11": "http://www.linkedin.com/company/marcopaulltd",
        "column_12": "https://www.facebook.com/MarcoPaulInteriors/",
        "column_13": "",
        "column_27": "",
        "column_28": ""
      },
      {
        "company_name": "England",
        "website_url": "https://marcrist.com",
        "column_5": "rebecca.halbeisen@marcrist.de",
        "phone": "",
        "column_7": "+39 02 0841 84181",
        "column_8": "http://www.linkedin.com/in/rebecca-halbeisen-68593a4",
        "column_11": "http://www.linkedin.com/company/marcrist-tools",
        "column_12": "https://www.facebook.com/MarcristGmbH",
        "column_13": "https://twitter.com/marcristtools",
        "column_27": "",
        "column_28": ""
      },
      {
        "company_name": "United Kingdom",
        "website_url": "https://marketdojo.com",
        "column_5": "david.smith@marketdojo.com",
        "phone": "",
        "column_7": "+44 7903 808844",
        "column_8": "http://www.linkedin.com/in/david-smith-90a9a933",
        "column_11": "http://www.linkedin.com/company/market-dojo-ltd.",
        "column_12": "https://www.facebook.com/marketdojo/",
        "column_13": "https://twitter.com/marketdojo",
        "column_27": "",
        "column_28": ""
      },
      {
        "company_name": "England",
        "website_url": "https://marsthelabel.com",
        "column_5": "kellie@marsthelabel.com",
        "phone": "",
        "column_7": "",
        "column_8": "http://www.linkedin.com/in/kellie-lauder-05019265",
        "column_11": "http://www.linkedin.com/company/marsthelabel",
        "column_12": "",
        "column_13": "https://twitter.com/marsthelabel",
        "column_27": "",
        "column_28": ""
      },
      {
        "company_name": "Martinplanthire",
        "website_url": "https://martinplanthire.co.uk",
        "column_5": "roisin.stewart@martinplanthire.co.uk",
        "phone": "",
        "column_7": "",
        "column_8": "http://www.linkedin.com/in/roisin-stewart-a733ba180",
        "column_11": "http://www.linkedin.com/company/martin-plant-hire-scotland",
        "column_12": "https://facebook.com/martinplanthire",
        "column_13": "https://twitter.com/mphhires",
        "column_27": "",
        "column_28": "NO NUMBER"
      },
      {
        "company_name": "England",
        "website_url": "https://massolit.io",
        "column_5": "jade@massolit.io",
        "phone": "",
        "column_7": "",
        "column_8": "http://www.linkedin.com/in/jade-heatley-pickering-027271172",
        "column_11": "http://www.linkedin.com/company/massolit",
        "column_12": "https://www.facebook.com/massolit",
        "column_13": "https://twitter.com/massolit",
        "column_27": "",
        "column_28": ""
      },
      {
        "company_name": "England",
        "website_url": "https://matrixbooking.com",
        "column_5": "hayley.russell@matrixbooking.com",
        "phone": "",
        "column_7": "",
        "column_8": "http://www.linkedin.com/in/hayleyrussellmcim",
        "column_11": "http://www.linkedin.com/company/keytree-innovation",
        "column_12": "https://facebook.com/matrixbooking",
        "column_13": "https://twitter.com/matrixbooking",
        "column_27": "",
        "column_28": ""
      },
      {
        "company_name": "England",
        "website_url": "https://matrixbooking.com",
        "column_5": "mayowa.owojaiye@matrixbooking.com",
        "phone": "",
        "column_7": "",
        "column_8": "http://www.linkedin.com/in/mayowa-owojaiye-a99026120",
        "column_11": "http://www.linkedin.com/company/keytree-innovation",
        "column_12": "https://facebook.com/matrixbooking",
        "column_13": "https://twitter.com/matrixbooking",
        "column_27": "",
        "column_28": ""
      },
      {
        "company_name": "United Kingdom",
        "website_url": "https://mattressonline.co.uk",
        "column_5": "lauren.broadhead@mattressonline.co.uk",
        "phone": "",
        "column_7": "",
        "column_8": "http://www.linkedin.com/in/eadeslauren",
        "column_11": "http://www.linkedin.com/company/mattressonline.co.uk-ltd",
        "column_12": "https://www.facebook.com/MattressOnline",
        "column_13": "https://twitter.com/mattressonline",
        "column_27": "",
        "column_28": ""
      },
      {
        "company_name": "Mavera",
        "website_url": "https://mavera.ai",
        "column_5": "solomon@mavera.ai",
        "phone": "N/A",
        "column_7": "",
        "column_8": "http://www.linkedin.com/in/solomoneysoja",
        "column_11": "http://www.linkedin.com/company/mavera-ai",
        "column_12": "",
        "column_13": "",
        "column_27": "",
        "column_28": ""
      },
      {
        "company_name": "England",
        "website_url": "https://maybetech.com",
        "column_5": "hannahmckernon@maybetech.com",
        "phone": "",
        "column_7": "",
        "column_8": "http://www.linkedin.com/in/hannahjane1",
        "column_11": "http://www.linkedin.com/company/maybetech",
        "column_12": "https://www.facebook.com/shopmaybebuy",
        "column_13": "https://twitter.com/MaybeSolutions",
        "column_27": "",
        "column_28": ""
      },
      {
        "company_name": "44 15 1647 6681",
        "website_url": "https://mcwallace.co.uk",
        "column_5": "rcairns@mcwallace.co.uk",
        "phone": "",
        "column_7": "",
        "column_8": "http://www.linkedin.com/in/rebekka-cairns-acim-98982129",
        "column_11": "http://www.linkedin.com/company/mcewan-wallace",
        "column_12": "",
        "column_13": "https://twitter.com/McEwanWallace",
        "column_27": "",
        "column_28": "NO NUMBER"
      },
      {
        "company_name": "England",
        "website_url": "https://mcgoffgroupfs.com",
        "column_5": "indre.kusleikaite@mcgoffgroup.com",
        "phone": "",
        "column_7": "",
        "column_8": "http://www.linkedin.com/in/indre-kusleikaite-2b443889",
        "column_11": "http://www.linkedin.com/company/mcgoff-group-facilities-services-limited",
        "column_12": "",
        "column_13": "",
        "column_27": "",
        "column_28": ""
      },
      {
        "company_name": "Scotland",
        "website_url": "https://mealzo.co.uk",
        "column_5": "georgina.tab@mealzo.co.uk",
        "phone": "",
        "column_7": "",
        "column_8": "http://www.linkedin.com/in/georgina-tab-2b830a16a",
        "column_11": "http://www.linkedin.com/company/mealzo",
        "column_12": "",
        "column_13": "",
        "column_27": "",
        "column_28": ""
      },
      {
        "company_name": "Scotland",
        "website_url": "https://mealzo.co.uk",
        "column_5": "alastair.thompson@mealzo.co.uk",
        "phone": "",
        "column_7": "+44 7715 445796",
        "column_8": "http://www.linkedin.com/in/alastair-thompson-a2560711b",
        "column_11": "http://www.linkedin.com/company/mealzo",
        "column_12": "",
        "column_13": "",
        "column_27": "",
        "column_28": ""
      },
      {
        "company_name": "Measurelab",
        "website_url": "https://measurelab.co.uk",
        "column_5": "will@measurelab.co.uk",
        "phone": "",
        "column_7": "",
        "column_8": "http://www.linkedin.com/in/will-hayes-9a2447137",
        "column_11": "http://www.linkedin.com/company/measurelab",
        "column_12": "",
        "column_13": "",
        "column_27": "",
        "column_28": "DEAD LINE"
      },
      {
        "company_name": "United Kingdom",
        "website_url": "https://medacpharma.co.uk",
        "column_5": "alex.riley@medacpharma.co.uk",
        "phone": "",
        "column_7": "",
        "column_8": "http://www.linkedin.com/in/alexriley27",
        "column_11": "http://www.linkedin.com/company/medacpharmauk",
        "column_12": "",
        "column_13": "",
        "column_27": "",
        "column_28": ""
      },
      {
        "company_name": "England",
        "website_url": "https://medaco.co.uk",
        "column_5": "tatiana.echols@medaco.co.uk",
        "phone": "",
        "column_7": "",
        "column_8": "http://www.linkedin.com/in/tatiana-echols-4078b4198",
        "column_11": "http://www.linkedin.com/company/medaco",
        "column_12": "",
        "column_13": "https://twitter.com/MedacoLimited",
        "column_27": "",
        "column_28": ""
      },
      {
        "company_name": "United Kingdom",
        "website_url": "https://mediafirst.co.uk",
        "column_5": "iain.wallace@mediafirst.co.uk",
        "phone": "",
        "column_7": "",
        "column_8": "http://www.linkedin.com/in/iain-wallace-66948827",
        "column_11": "http://www.linkedin.com/company/media-first-ltd",
        "column_12": "https://www.facebook.com/mediafirsttraining",
        "column_13": "https://twitter.com/mediafirstltd",
        "column_27": "",
        "column_28": ""
      },
      {
        "company_name": "England",
        "website_url": "https://mediacityuk.co.uk",
        "column_5": "hayley.holmes@mediacityuk.co.uk",
        "phone": "",
        "column_7": "",
        "column_8": "http://www.linkedin.com/in/hayley-holmes-9a307b81",
        "column_11": "http://www.linkedin.com/company/mediacityuk1",
        "column_12": "https://www.facebook.com/MediaCityUKofficial",
        "column_13": "https://twitter.com/mediacityuk",
        "column_27": "",
        "column_28": ""
      },
      {
        "company_name": "England",
        "website_url": "https://mediahawk.co.uk",
        "column_5": "fthomassen@mediahawk.co.uk",
        "phone": "5276000",
        "column_7": "",
        "column_8": "http://www.linkedin.com/in/fayethomassen",
        "column_11": "http://www.linkedin.com/company/mediahawk",
        "column_12": "https://www.facebook.com/Mediahawk1",
        "column_13": "https://twitter.com/mediahawk",
        "column_27": "",
        "column_28": ""
      },
      {
        "company_name": "England",
        "website_url": "https://mediasurface.com",
        "column_5": "",
        "phone": "",
        "column_7": "+1 203-653-9090",
        "column_8": "http://www.linkedin.com/in/glenn-robertson-a66b394",
        "column_11": "http://www.linkedin.com/company/mediasurface",
        "column_12": "",
        "column_13": "",
        "column_27": "",
        "column_28": ""
      },
      {
        "company_name": "England",
        "website_url": "https://medlrn.com",
        "column_5": "",
        "phone": "",
        "column_7": "",
        "column_8": "http://www.linkedin.com/in/medlrn-media-52bbb51a4",
        "column_11": "http://www.linkedin.com/company/medlrn",
        "column_12": "",
        "column_13": "",
        "column_27": "",
        "column_28": ""
      },
      {
        "company_name": "44 127 539 4959",
        "website_url": "https://medspacesolutions.co.uk",
        "column_5": "matthew.pearce@medspacesolutions.co.uk",
        "phone": "",
        "column_7": "",
        "column_8": "http://www.linkedin.com/in/matthewpearceuk1",
        "column_11": "http://www.linkedin.com/company/medspace-solutions-ltd",
        "column_12": "",
        "column_13": "",
        "column_27": "",
        "column_28": ""
      },
      {
        "company_name": "England",
        "website_url": "https://meetmargo.uk",
        "column_5": "fiona.barber@meetmargo.uk",
        "phone": "",
        "column_7": "",
        "column_8": "http://www.linkedin.com/in/fiona-barber-8a488a7b",
        "column_11": "http://www.linkedin.com/company/meet-margo",
        "column_12": "",
        "column_13": "",
        "column_27": "",
        "column_28": ""
      },
      {
        "company_name": "44 113 350 1308",
        "website_url": "https://menloparkrecruitment.com",
        "column_5": "harriet@menloparkrecruitment.com",
        "phone": "",
        "column_7": "",
        "column_8": "http://www.linkedin.com/in/harriet-brown-58b692168",
        "column_11": "http://www.linkedin.com/company/menlo-park-recruitment",
        "column_12": "https://facebook.com/menloparkrecruitment",
        "column_13": "https://twitter.com/menlopark_",
        "column_27": "",
        "column_28": ""
      },
      {
        "company_name": "Menstrualhealthproject",
        "website_url": "https://menstrualhealthproject.org.uk",
        "column_5": "",
        "phone": "",
        "column_7": "",
        "column_8": "http://www.linkedin.com/in/beccadonaldson",
        "column_11": "http://www.linkedin.com/company/menstrual-health-project",
        "column_12": "https://www.facebook.com/MenstrualHealthProject",
        "column_13": "",
        "column_27": "",
        "column_28": ""
      },
      {
        "company_name": "England",
        "website_url": "https://mentordigital.co.uk",
        "column_5": "dan@mentordigital.co.uk",
        "phone": "65000",
        "column_7": "",
        "column_8": "http://www.linkedin.com/in/danwatt1",
        "column_11": "http://www.linkedin.com/company/mentor-digital",
        "column_12": "https://www.facebook.com/mentordigital",
        "column_13": "https://twitter.com/webdesignagency",
        "column_27": "",
        "column_28": ""
      },
      {
        "company_name": "England",
        "website_url": "https://methodgrid.com",
        "column_5": "tom.mcfadyen@methodgrid.com",
        "phone": "",
        "column_7": "",
        "column_8": "http://www.linkedin.com/in/tom-mcfadyen-acim-bb009896",
        "column_11": "http://www.linkedin.com/company/method-grid",
        "column_12": "https://facebook.com/methodgrid",
        "column_13": "https://twitter.com/MethodGrid",
        "column_27": "",
        "column_28": ""
      },
      {
        "company_name": "United Kingdom",
        "website_url": "https://methodfs.com",
        "column_5": "roger.taylor@methodfs.com",
        "phone": "",
        "column_7": "",
        "column_8": "http://www.linkedin.com/in/rogermtaylor",
        "column_11": "http://www.linkedin.com/company/methodfunctionalsafety",
        "column_12": "",
        "column_13": "",
        "column_27": "",
        "column_28": ""
      },
      {
        "company_name": "England",
        "website_url": "https://metrotile.co.uk",
        "column_5": "pr@metrotile.co.uk",
        "phone": "7330000",
        "column_7": "",
        "column_8": "http://www.linkedin.com/in/jordan-wright-365120125",
        "column_11": "http://www.linkedin.com/company/metrotile-uk-ltd",
        "column_12": "https://www.facebook.com/metrotileuk/",
        "column_13": "https://twitter.com/MetrotileUK",
        "column_27": "",
        "column_28": ""
      },
      {
        "company_name": "44 151 329 0820",
        "website_url": "https://mgiss.co.uk",
        "column_5": "sarah@mgiss.co.uk",
        "phone": "",
        "column_7": "",
        "column_8": "http://www.linkedin.com/in/misssscott",
        "column_11": "http://www.linkedin.com/company/mgissuk",
        "column_12": "https://facebook.com/mgissuk",
        "column_13": "https://twitter.com/mgissuk",
        "column_27": "",
        "column_28": ""
      },
      {
        "company_name": "England",
        "website_url": "https://midmerseyda.nhs.uk",
        "column_5": "",
        "phone": "",
        "column_7": "",
        "column_8": "http://www.linkedin.com/in/laura-maley-12a18415",
        "column_11": "http://www.linkedin.com/company/mid-mersey-digital-alliance",
        "column_12": "",
        "column_13": "",
        "column_27": "",
        "column_28": ""
      },
      {
        "company_name": "Middletonadvisors",
        "website_url": "https://middletonadvisors.com",
        "column_5": "",
        "phone": "",
        "column_7": "+44 7799 657591",
        "column_8": "http://www.linkedin.com/in/juliette-moore-a1b470a9",
        "column_11": "http://www.linkedin.com/company/middleton-advisors",
        "column_12": "",
        "column_13": "https://twitter.com/Middleton_Adv",
        "column_27": "",
        "column_28": ""
      },
      {
        "company_name": "England",
        "website_url": "https://milestoneholdingsgroup.co.uk",
        "column_5": "edward@milestone-ltd.co.uk",
        "phone": "",
        "column_7": "",
        "column_8": "http://www.linkedin.com/in/edward-booth-70b9448a",
        "column_11": "http://www.linkedin.com/company/milestonegroupuk",
        "column_12": "https://www.facebook.com/MilestoneGroupUK/",
        "column_13": "",
        "column_27": "",
        "column_28": ""
      },
      {
        "company_name": "United Kingdom",
        "website_url": "https://millbrookbusinessfinance.com",
        "column_5": "yvonne@millbrookbusinessfinance.com",
        "phone": "",
        "column_7": "",
        "column_8": "http://www.linkedin.com/in/yvonnemckeown",
        "column_11": "http://www.linkedin.com/company/millbrook-business-finance",
        "column_12": "https://www.facebook.com/MillbrookBusinessFinance/",
        "column_13": "",
        "column_27": "",
        "column_28": ""
      },
      {
        "company_name": "Scotland",
        "website_url": "https://millerdevelopments.co.uk",
        "column_5": "charlynne.christie@miller.co.uk",
        "phone": "",
        "column_7": "",
        "column_8": "http://www.linkedin.com/in/charlynne-christie-67962411",
        "column_11": "http://www.linkedin.com/company/miller-developments",
        "column_12": "",
        "column_13": "",
        "column_27": "",
        "column_28": ""
      },
      {
        "company_name": "United Kingdom",
        "website_url": "https://milletsfarmcentre.com",
        "column_5": "jo@milletsfarmcentre.com",
        "phone": "",
        "column_7": "",
        "column_8": "http://www.linkedin.com/in/jo-kent-5773a718b",
        "column_11": "http://www.linkedin.com/company/millets-farm-centre-limited",
        "column_12": "https://www.facebook.com/MilletsFarm/",
        "column_13": "https://twitter.com/MilletsFarm",
        "column_27": "",
        "column_28": ""
      },
      {
        "company_name": "England",
        "website_url": "https://mkchristianfoundation.co.uk",
        "column_5": "sarah.mist@mkchristianfoundation.co.uk",
        "phone": "",
        "column_7": "+44 1908 856188",
        "column_8": "http://www.linkedin.com/in/sarah-mist-7a116014",
        "column_11": "http://www.linkedin.com/company/milton-keynes-christian-foundation",
        "column_12": "https://facebook.com/pages/Milton-Keynes-Christian-Foundation/178129955649808",
        "column_13": "https://twitter.com/mkcfoundation",
        "column_27": "",
        "column_28": ""
      },
      {
        "company_name": "England",
        "website_url": "https://mindtech.global",
        "column_5": "",
        "phone": "1500000",
        "column_7": "",
        "column_8": "http://www.linkedin.com/in/johnsonvv",
        "column_11": "http://www.linkedin.com/company/mindtech-global-limited",
        "column_12": "",
        "column_13": "https://twitter.com/mindtechg",
        "column_27": "",
        "column_28": ""
      },
      {
        "company_name": "England",
        "website_url": "https://minimhealthcare.com",
        "column_5": "andy@minimhealthcare.com",
        "phone": "",
        "column_7": "",
        "column_8": "http://www.linkedin.com/in/andy-massey-13050197",
        "column_11": "http://www.linkedin.com/company/minim-healthcare-limited",
        "column_12": "",
        "column_13": "",
        "column_27": "",
        "column_28": ""
      },
      {
        "company_name": "England",
        "website_url": "https://mipuk.co.uk",
        "column_5": "kristina.nathan@mipinc.com",
        "phone": "",
        "column_7": "",
        "column_8": "http://www.linkedin.com/in/kristina-nathan",
        "column_11": "http://www.linkedin.com/company/mipuk",
        "column_12": "",
        "column_13": "",
        "column_27": "",
        "column_28": ""
      },
      {
        "company_name": "England",
        "website_url": "https://mipuk.co.uk",
        "column_5": "anya.field@mipinc.com",
        "phone": "",
        "column_7": "",
        "column_8": "http://www.linkedin.com/in/anya-field-2386ab149",
        "column_11": "http://www.linkedin.com/company/mipuk",
        "column_12": "",
        "column_13": "",
        "column_27": "",
        "column_28": ""
      },
      {
        "company_name": "England",
        "website_url": "https://misoportal.com",
        "column_5": "jamie.powis@misoportal.com",
        "phone": "10000000",
        "column_7": "",
        "column_8": "http://www.linkedin.com/in/jamiepowis",
        "column_11": "http://www.linkedin.com/company/misoportal",
        "column_12": "",
        "column_13": "https://twitter.com/@misoportal",
        "column_27": "",
        "column_28": ""
      },
      {
        "company_name": "England",
        "website_url": "https://misspap.com",
        "column_5": "",
        "phone": "14500000",
        "column_7": "",
        "column_8": "http://www.linkedin.com/in/alice-hopkins-6383417b",
        "column_11": "http://www.linkedin.com/company/misspap",
        "column_12": "https://www.facebook.com/MisspapOfficial/",
        "column_13": "https://twitter.com/misspap",
        "column_27": "",
        "column_28": ""
      },
      {
        "company_name": "United Kingdom",
        "website_url": "https://mitchells-roberton.co.uk",
        "column_5": "sarah@mitchells-roberton.co.uk",
        "phone": "",
        "column_7": "",
        "column_8": "http://www.linkedin.com/in/sarah-gurton-990361a",
        "column_11": "http://www.linkedin.com/company/mitchells-roberton-solicitors",
        "column_12": "https://www.facebook.com/Mitchells-Roberton-220105830033343",
        "column_13": "https://twitter.com/mrsolicitors",
        "column_27": "",
        "column_28": ""
      },
      {
        "company_name": "England",
        "website_url": "https://mitsubishielectric.co.uk",
        "column_5": "joanna.crown@meuk.mee.com",
        "phone": "",
        "column_7": "",
        "column_8": "http://www.linkedin.com/in/joanna-crown-46674620",
        "column_11": "http://www.linkedin.com/company/mitsubishi-electric-heating-uk",
        "column_12": "",
        "column_13": "",
        "column_27": "",
        "column_28": ""
      },
      {
        "company_name": "England",
        "website_url": "https://miltonkeynesplumbingandheating.co.uk",
        "column_5": "jason.byrne@mkcph.co.uk",
        "phone": "",
        "column_7": "",
        "column_8": "http://www.linkedin.com/in/jason-byrne-535b59b2",
        "column_11": "http://www.linkedin.com/company/mkcityplumbing&heatingltd",
        "column_12": "",
        "column_13": "",
        "column_27": "",
        "column_28": ""
      },
      {
        "company_name": "England",
        "website_url": "https://mortalitymanifest.co.uk",
        "column_5": "stephen.martin@mortalitymanifest.co.uk",
        "phone": "",
        "column_7": "",
        "column_8": "http://www.linkedin.com/in/stephenmartin979797",
        "column_11": "http://www.linkedin.com/company/mortality-manifest-limited",
        "column_12": "",
        "column_13": "",
        "column_27": "",
        "column_28": ""
      },
      {
        "company_name": "44 11 7970 2420",
        "website_url": "https://modsafe.co.uk",
        "column_5": "abbie@modsafe.co.uk",
        "phone": "",
        "column_7": "",
        "column_8": "http://www.linkedin.com/in/abbiewhitehouse",
        "column_11": "http://www.linkedin.com/company/modsafe",
        "column_12": "",
        "column_13": "",
        "column_27": "",
        "column_28": ""
      },
      {
        "company_name": "United Kingdom",
        "website_url": "https://moleroda.com",
        "column_5": "lizzie@moleroda.com",
        "phone": "",
        "column_7": "",
        "column_8": "http://www.linkedin.com/in/lizzie-houghton-2a799a25",
        "column_11": "http://www.linkedin.com/company/moleroda-finishing-systems",
        "column_12": "https://facebook.com/Moleroda",
        "column_13": "https://twitter.com/moleroda",
        "column_27": "",
        "column_28": ""
      },
      {
        "company_name": "England",
        "website_url": "https://monevo.com",
        "column_5": "",
        "phone": "",
        "column_7": "",
        "column_8": "http://www.linkedin.com/in/kyra-e-richards",
        "column_11": "http://www.linkedin.com/company/monevo",
        "column_12": "",
        "column_13": "https://twitter.com/monevo_official",
        "column_27": "",
        "column_28": ""
      },
      {
        "company_name": "England",
        "website_url": "https://monkfieldreptile.com",
        "column_5": "jessica.harris@monkfieldnutrition.co.uk",
        "phone": "5830000",
        "column_7": "",
        "column_8": "http://www.linkedin.com/in/jessica-harris-a90a6363",
        "column_11": "http://www.linkedin.com/company/monkfield-reptile",
        "column_12": "https://www.facebook.com/MonkfieldReptile",
        "column_13": "https://twitter.com/Monkfieldlive",
        "column_27": "",
        "column_28": ""
      },
      {
        "company_name": "England",
        "website_url": "https://montrosehealthgroup.com",
        "column_5": "sh@montrosehealthgroup.com",
        "phone": "",
        "column_7": "",
        "column_8": "http://www.linkedin.com/in/sophie-horn-ba6381206",
        "column_11": "http://www.linkedin.com/company/montrose-health-group",
        "column_12": "",
        "column_13": "",
        "column_27": "",
        "column_28": ""
      },
      {
        "company_name": "England",
        "website_url": "https://moonbow.co",
        "column_5": "tabitha@moonbow.co",
        "phone": "",
        "column_7": "",
        "column_8": "http://www.linkedin.com/in/tabitha-foster-b12125184",
        "column_11": "http://www.linkedin.com/company/moonbow-media-uk",
        "column_12": "",
        "column_13": "https://twitter.com/moonbow_uk",
        "column_27": "",
        "column_28": ""
      },
      {
        "company_name": "United Kingdom",
        "website_url": "https://morganreach.com",
        "column_5": "sakina@morganreach.com",
        "phone": "",
        "column_7": "",
        "column_8": "http://www.linkedin.com/in/sakina-hozaifa-8892891a1",
        "column_11": "http://www.linkedin.com/company/morgan-reach-chartered-certified-accountants-ltd",
        "column_12": "https://www.facebook.com/MorganReachAccountants/",
        "column_13": "https://www.twitter.com/MorganReach",
        "column_27": "",
        "column_28": ""
      },
      {
        "company_name": "England",
        "website_url": "https://motasoft.co.uk",
        "column_5": "curtis.golden@motasoft.co.uk",
        "phone": "2735000",
        "column_7": "",
        "column_8": "http://www.linkedin.com/in/curtis-golden-64b58b142",
        "column_11": "http://www.linkedin.com/company/motasoft-ltd",
        "column_12": "https://facebook.com/Motasoft",
        "column_13": "https://twitter.com/Motasoft",
        "column_27": "",
        "column_28": ""
      },
      {
        "company_name": "England",
        "website_url": "https://motorrange.co.uk",
        "column_5": "nick.flinn@motorrange.co.uk",
        "phone": "7432000",
        "column_7": "",
        "column_8": "http://www.linkedin.com/in/nick-nicholson-flinn-27a181244",
        "column_11": "http://www.linkedin.com/company/motor-range",
        "column_12": "https://www.facebook.com/MotorRange/",
        "column_13": "https://twitter.com/motorrange",
        "column_27": "",
        "column_28": ""
      },
      {
        "company_name": "England",
        "website_url": "https://mslendinggroup.co.uk",
        "column_5": "alexandra@mslendinggroup.co.uk",
        "phone": "1000000",
        "column_7": "",
        "column_8": "http://www.linkedin.com/in/alexandra-stratton-9123aa23",
        "column_11": "http://www.linkedin.com/company/ms-lending-group",
        "column_12": "",
        "column_13": "https://twitter.com/mslending?lang=en",
        "column_27": "",
        "column_28": ""
      },
      {
        "company_name": "United Kingdom",
        "website_url": "https://mspy.com",
        "column_5": "rachel.burnham@mspy.com",
        "phone": "",
        "column_7": "",
        "column_8": "http://www.linkedin.com/in/rachel-burnham-090a0a145",
        "column_11": "http://www.linkedin.com/company/mspycompany",
        "column_12": "https://www.facebook.com/mspyofficial/",
        "column_13": "https://twitter.com/mSpycom",
        "column_27": "",
        "column_28": ""
      },
      {
        "company_name": "England",
        "website_url": "https://mtdtraining.com",
        "column_5": "lewis.mckinnell@mtdtraining.co.uk",
        "phone": "177000",
        "column_7": "",
        "column_8": "http://www.linkedin.com/in/lewismckinnell",
        "column_11": "http://www.linkedin.com/company/mtd-training",
        "column_12": "https://facebook.com/GescoAcademic",
        "column_13": "https://twitter.com/gesco_jordan",
        "column_27": "",
        "column_28": ""
      },
      {
        "company_name": "United Kingdom",
        "website_url": "https://mthnetworks.com",
        "column_5": "",
        "phone": "",
        "column_7": "",
        "column_8": "http://www.linkedin.com/in/john-doeman-146963187",
        "column_11": "http://www.linkedin.com/company/mth-networks",
        "column_12": "",
        "column_13": "",
        "column_27": "",
        "column_28": ""
      },
      {
        "company_name": "England",
        "website_url": "https://mullucks.co.uk",
        "column_5": "lgosden@mullucks.co.uk",
        "phone": "",
        "column_7": "",
        "column_8": "http://www.linkedin.com/in/louise-gosden-701978a",
        "column_11": "http://www.linkedin.com/company/mullucks",
        "column_12": "",
        "column_13": "",
        "column_27": "",
        "column_28": ""
      },
      {
        "company_name": "United Kingdom",
        "website_url": "https://nasma.org.uk",
        "column_5": "danielahallsworth@nasma.org.uk",
        "phone": "",
        "column_7": "",
        "column_8": "http://www.linkedin.com/in/daniela-h-0b713b24",
        "column_11": "http://www.linkedin.com/company/national-association-of-student-money-advisers-nasma-",
        "column_12": "",
        "column_13": "https://twitter.com/NASMA_uk",
        "column_27": "",
        "column_28": ""
      },
      {
        "company_name": "England",
        "website_url": "https://nationalbooktokens.com",
        "column_5": "stacey.croft@booktokens.co.uk",
        "phone": "700000",
        "column_7": "",
        "column_8": "http://www.linkedin.com/in/stacey-croft",
        "column_11": "http://www.linkedin.com/company/national-book-tokens",
        "column_12": "https://www.facebook.com/nationalbooktokens",
        "column_13": "https://twitter.com/book_tokens",
        "column_27": "",
        "column_28": ""
      },
      {
        "company_name": "England",
        "website_url": "https://24nationwide.co.uk",
        "column_5": "",
        "phone": "839000",
        "column_7": "",
        "column_8": "http://www.linkedin.com/in/mark-heath-15888822",
        "column_11": "http://www.linkedin.com/company/nationwide-services",
        "column_12": "https://www.facebook.com/Nationwide-FM-Services-109446218249518",
        "column_13": "https://twitter.com/NationwideServ",
        "column_27": "",
        "column_28": ""
      },
      {
        "company_name": "44 779 928 5031",
        "website_url": "https://ncetm.org.uk",
        "column_5": "liam.benson@ncetm.org.uk",
        "phone": "",
        "column_7": "",
        "column_8": "http://www.linkedin.com/in/liam-benson-78062586",
        "column_11": "http://www.linkedin.com/company/ncetm",
        "column_12": "https://www.facebook.com/ncetm/",
        "column_13": "https://twitter.com/ncetm",
        "column_27": "",
        "column_28": ""
      },
      {
        "company_name": "England",
        "website_url": "https://neighbourlybrands.co.uk",
        "column_5": "Dream Doors",
        "phone": "Brackley",
        "column_7": "Drain Doctor",
        "column_8": "Countrywide",
        "column_11": "",
        "column_12": "http://www.linkedin.com/in/joshua-l-barker",
        "column_13": "29",
        "column_27": "England",
        "column_28": "United Kingdom"
      },
      {
        "company_name": "England",
        "website_url": "https://neighbourlybrands.co.uk",
        "column_5": "emma.curwood@nbly.com",
        "phone": "",
        "column_7": "",
        "column_8": "http://www.linkedin.com/in/emma-curwood-2176323",
        "column_11": "http://www.linkedin.com/company/neighbourly-uk",
        "column_12": "",
        "column_13": "",
        "column_27": "",
        "column_28": ""
      },
      {
        "company_name": "England",
        "website_url": "https://neillstrain.com",
        "column_5": "",
        "phone": "",
        "column_7": "",
        "column_8": "http://www.linkedin.com/in/lucinda-sanderson-260b1830",
        "column_11": "http://www.linkedin.com/company/neill-strain-floral-couture",
        "column_12": "",
        "column_13": "https://twitter.com/neillstrain",
        "column_27": "",
        "column_28": ""
      },
      {
        "company_name": "England",
        "website_url": "https://netmonkeys.co.uk",
        "column_5": "caleb.adoh@netmonkeys.co.uk",
        "phone": "21000",
        "column_7": "",
        "column_8": "http://www.linkedin.com/in/calebadoh",
        "column_11": "http://www.linkedin.com/company/netmonkeys-ltd",
        "column_12": "https://www.facebook.com/netmonkeysltd/",
        "column_13": "https://twitter.com/netmonkeys",
        "column_27": "no answer",
        "column_28": ""
      },
      {
        "company_name": "England",
        "website_url": "https://nettl.com",
        "column_5": "ashley.cockerill@nettl.com",
        "phone": "",
        "column_7": "",
        "column_8": "http://www.linkedin.com/in/ashley-cockerill-360a1732",
        "column_11": "http://www.linkedin.com/company/nettlweb",
        "column_12": "https://www.facebook.com/nettlusa",
        "column_13": "https://twitter.com/nettlweb",
        "column_27": "",
        "column_28": ""
      },
      {
        "company_name": "England",
        "website_url": "https://neurolabs.ai",
        "column_5": "jade@neurolabs.ai",
        "phone": "4500000",
        "column_7": "",
        "column_8": "http://www.linkedin.com/in/jade-thayer",
        "column_11": "http://www.linkedin.com/company/neurolabs",
        "column_12": "https://facebook.com/neurolaboratories/",
        "column_13": "https://twitter.com/Neurolabs1",
        "column_27": "",
        "column_28": ""
      },
      {
        "company_name": "England",
        "website_url": "https://neurolabs.ai",
        "column_5": "jade@neurolabs.ai",
        "phone": "4500000",
        "column_7": "",
        "column_8": "http://www.linkedin.com/in/jade-stewart",
        "column_11": "http://www.linkedin.com/company/neurolabs",
        "column_12": "https://facebook.com/neurolaboratories/",
        "column_13": "https://twitter.com/Neurolabs1",
        "column_27": "",
        "column_28": ""
      },
      {
        "company_name": "44 149 443 6642",
        "website_url": "https://newmeaning.training",
        "column_5": "suzie.young@newmeaning.co.uk",
        "phone": "",
        "column_7": "",
        "column_8": "http://www.linkedin.com/in/suzie-young-205a0110",
        "column_11": "http://www.linkedin.com/company/newmeaningtraining",
        "column_12": "https://www.facebook.com/NewMeaningTraining",
        "column_13": "https://twitter.com/AtNewMeaning",
        "column_27": "",
        "column_28": ""
      },
      {
        "company_name": "England",
        "website_url": "https://nexa.law",
        "column_5": "jules.smith@nexa.law",
        "phone": "",
        "column_7": "",
        "column_8": "http://www.linkedin.com/in/jules-smith-5436763",
        "column_11": "http://www.linkedin.com/company/nexa-law",
        "column_12": "",
        "column_13": "",
        "column_27": "",
        "column_28": ""
      },
      {
        "company_name": "England",
        "website_url": "https://nexuspoint.co.uk",
        "column_5": "kevin.drury@nexuspoint.co.uk",
        "phone": "",
        "column_7": "",
        "column_8": "http://www.linkedin.com/in/kevinjamesdrury",
        "column_11": "http://www.linkedin.com/company/nexus-point-ltd",
        "column_12": "https://facebook.com/nexuspointltd",
        "column_13": "https://twitter.com/fordsofwinsford",
        "column_27": "",
        "column_28": ""
      },
      {
        "company_name": "England",
        "website_url": "https://ng-it.co.uk",
        "column_5": "amy.parkinson@ng-it.co.uk",
        "phone": "",
        "column_7": "",
        "column_8": "http://www.linkedin.com/in/amyparkinson26",
        "column_11": "http://www.linkedin.com/company/ng-it",
        "column_12": "",
        "column_13": "https://twitter.com/ng_it_",
        "column_27": "",
        "column_28": ""
      },
      {
        "company_name": "44 800 526249",
        "website_url": "https://nivohub.ai",
        "column_5": "george.lee@nivohub.com",
        "phone": "",
        "column_7": "",
        "column_8": "http://www.linkedin.com/in/george-lee-668178104",
        "column_11": "http://www.linkedin.com/company/nivohub",
        "column_12": "https://facebook.com/nivohub",
        "column_13": "https://twitter.com/nivohub",
        "column_27": "",
        "column_28": ""
      },
      {
        "company_name": "United Kingdom",
        "website_url": "https://normansbusiness.co.uk",
        "column_5": "james.barras@normansbusiness.co.uk",
        "phone": "",
        "column_7": "",
        "column_8": "http://www.linkedin.com/in/james-barras-056a89234",
        "column_11": "http://www.linkedin.com/company/normans-business-solutions",
        "column_12": "https://www.facebook.com/NormansBusinessSolutions",
        "column_13": "",
        "column_27": "",
        "column_28": ""
      },
      {
        "company_name": "England",
        "website_url": "https://northbaydevelopments.co.uk",
        "column_5": "",
        "phone": "",
        "column_7": "+44 20 8576 1606",
        "column_8": "http://www.linkedin.com/in/michael-wood-36035443",
        "column_11": "http://www.linkedin.com/company/northbaydevelopments",
        "column_12": "",
        "column_13": "",
        "column_27": "",
        "column_28": ""
      },
      {
        "company_name": "England",
        "website_url": "https://northamptonhigh.co.uk",
        "column_5": "s.thomas2@nhs.gdst.net",
        "phone": "721000",
        "column_7": "",
        "column_8": "http://www.linkedin.com/in/sian-thomas-thisplayfulhome",
        "column_11": "http://www.linkedin.com/school/northampton-high-school-gdst",
        "column_12": "https://www.facebook.com/NorthamptonHigh/",
        "column_13": "https://twitter.com/NorthamptonHigh",
        "column_27": "",
        "column_28": ""
      },
      {
        "company_name": "44 113 290 9244",
        "website_url": "https://northell.com",
        "column_5": "alex.beardsall@northell.com",
        "phone": "",
        "column_7": "+44 7917 795088",
        "column_8": "http://www.linkedin.com/in/alex-beardsall-8a8b10b8",
        "column_11": "http://www.linkedin.com/company/northell",
        "column_12": "",
        "column_13": "https://twitter.com/factoryagency",
        "column_27": "",
        "column_28": ""
      },
      {
        "company_name": "England",
        "website_url": "https://northernasphalt.co.uk",
        "column_5": "alex@northernasphalt.co.uk",
        "phone": "",
        "column_7": "",
        "column_8": "http://www.linkedin.com/in/alex-barbacorta-33ba10232",
        "column_11": "http://www.linkedin.com/company/northern-asphalt-surfacing-ltd",
        "column_12": "https://www.facebook.com/northernasphaltsurfacing",
        "column_13": "",
        "column_27": "",
        "column_28": ""
      },
      {
        "company_name": "England",
        "website_url": "https://northernestateagencies.co.uk",
        "column_5": "sophie.knight@northernestateagencies.co.uk",
        "phone": "",
        "column_7": "",
        "column_8": "http://www.linkedin.com/in/sophie-knight-00406241",
        "column_11": "http://www.linkedin.com/company/northern-estate-agencies-group",
        "column_12": "",
        "column_13": "",
        "column_27": "",
        "column_28": ""
      },
      {
        "company_name": "England",
        "website_url": "https://northerngroup.co.uk",
        "column_5": "alex.brown@northerngroup.co.uk",
        "phone": "",
        "column_7": "",
        "column_8": "http://www.linkedin.com/in/alex-brown-15335183",
        "column_11": "http://www.linkedin.com/company/northerngroup",
        "column_12": "https://facebook.com/northerngrp",
        "column_13": "https://twitter.com/northerngrp",
        "column_27": "",
        "column_28": ""
      },
      {
        "company_name": "44 123 537 5000",
        "website_url": "https://northrow.com",
        "column_5": "natalie.davies@northrow.com",
        "phone": "",
        "column_7": "",
        "column_8": "http://www.linkedin.com/in/nat-dav",
        "column_11": "http://www.linkedin.com/company/northrow",
        "column_12": "https://facebook.com/NorthRowChecks/",
        "column_13": "https://twitter.com/Contego",
        "column_27": "",
        "column_28": ""
      },
      {
        "company_name": "England",
        "website_url": "https://norwegianlog.co.uk",
        "column_5": "ruth.hall@norwegianlog.co.uk",
        "phone": "12361000",
        "column_7": "",
        "column_8": "http://www.linkedin.com/in/ruth-jagannath",
        "column_11": "http://www.linkedin.com/company/norwegian-log-ltd",
        "column_12": "https://www.facebook.com/NorwegianLog/",
        "column_13": "https://twitter.com/norwegianlog",
        "column_27": "",
        "column_28": ""
      },
      {
        "company_name": "United Kingdom",
        "website_url": "https://Derby and Leicester Tutors",
        "column_5": "Recruitment Marketing Manager",
        "phone": "",
        "column_7": "",
        "column_8": "",
        "column_11": "primary/secondary education",
        "column_12": "http://www.linkedin.com/company/nottingham-tutors",
        "column_13": "",
        "column_27": "",
        "column_28": ""
      },
      {
        "company_name": "Novelstudent",
        "website_url": "https://novelstudent.com",
        "column_5": "",
        "phone": "",
        "column_7": "",
        "column_8": "http://www.linkedin.com/in/aaron-ord-a04255161",
        "column_11": "http://www.linkedin.com/company/novel-student",
        "column_12": "",
        "column_13": "",
        "column_27": "",
        "column_28": ""
      },
      {
        "company_name": "England",
        "website_url": "https://nuaware.com",
        "column_5": "sharris@nuaware.com",
        "phone": "4200000",
        "column_7": "",
        "column_8": "http://www.linkedin.com/in/sarah-harris-marketing-professional",
        "column_11": "http://www.linkedin.com/company/nuaware",
        "column_12": "https://facebook.com/Nuaware-2319782284935024/",
        "column_13": "https://twitter.com/nuaware_tech?lang=en",
        "column_27": "",
        "column_28": ""
      },
      {
        "company_name": "Nudj",
        "website_url": "https://nudj.com",
        "column_5": "",
        "phone": "",
        "column_7": "",
        "column_8": "http://www.linkedin.com/in/charlotte-wedgewood-8840ab122",
        "column_11": "http://www.linkedin.com/company/sendanudj",
        "column_12": "",
        "column_13": "",
        "column_27": "",
        "column_28": ""
      },
      {
        "company_name": "England",
        "website_url": "https://numiko.com",
        "column_5": "",
        "phone": "18127000",
        "column_7": "",
        "column_8": "http://www.linkedin.com/in/robertallen5",
        "column_11": "http://www.linkedin.com/company/numiko-ltd",
        "column_12": "https://facebook.com/numiko.agency",
        "column_13": "https://twitter.com/numiko",
        "column_27": "",
        "column_28": ""
      },
      {
        "company_name": "England",
        "website_url": "https://nviron.co.uk",
        "column_5": "msullivan@nviron.co.uk",
        "phone": "",
        "column_7": "",
        "column_8": "http://www.linkedin.com/in/mikesullivanuk",
        "column_11": "http://www.linkedin.com/company/nviron-ltd",
        "column_12": "",
        "column_13": "https://twitter.com/NvironLtd",
        "column_27": "VM",
        "column_28": ""
      },
      {
        "company_name": "Oadsolutions",
        "website_url": "https://oadsolutions.com",
        "column_5": "aasante@leadcompassmktg.com",
        "phone": "",
        "column_7": "",
        "column_8": "http://www.linkedin.com/in/abigail-asante-91a92519a",
        "column_11": "http://www.linkedin.com/company/oad-solutions",
        "column_12": "",
        "column_13": "",
        "column_27": "",
        "column_28": ""
      },
      {
        "company_name": "Oadsolutions",
        "website_url": "https://oadsolutions.com",
        "column_5": "",
        "phone": "",
        "column_7": "",
        "column_8": "http://www.linkedin.com/in/nnabugwu-bugo-onyeukwu-5a545231",
        "column_11": "http://www.linkedin.com/company/oad-solutions",
        "column_12": "",
        "column_13": "",
        "column_27": "",
        "column_28": ""
      },
      {
        "company_name": "Oadsolutions",
        "website_url": "https://oadsolutions.com",
        "column_5": "",
        "phone": "",
        "column_7": "",
        "column_8": "http://www.linkedin.com/in/christie-crawford-801837173",
        "column_11": "http://www.linkedin.com/company/oad-solutions",
        "column_12": "",
        "column_13": "",
        "column_27": "",
        "column_28": ""
      },
      {
        "company_name": "Oadsolutions",
        "website_url": "https://oadsolutions.com",
        "column_5": "",
        "phone": "",
        "column_7": "",
        "column_8": "http://www.linkedin.com/in/simon-adjei-baah1",
        "column_11": "http://www.linkedin.com/company/oad-solutions",
        "column_12": "",
        "column_13": "",
        "column_27": "",
        "column_28": ""
      },
      {
        "company_name": "United Kingdom",
        "website_url": "https://oakwoodcooperage.co.uk",
        "column_5": "debs.brindley@oakwoodcooperage.co.uk",
        "phone": "",
        "column_7": "",
        "column_8": "http://www.linkedin.com/in/debbiebrindley",
        "column_11": "http://www.linkedin.com/company/oakwoodcooperage",
        "column_12": "https://www.facebook.com/oakwoodcooperage",
        "column_13": "",
        "column_27": "",
        "column_28": ""
      },
      {
        "company_name": "44 20 3846 2874",
        "website_url": "https://ocasahomes.co.uk",
        "column_5": "mpickup@ocasahomes.co.uk",
        "phone": "",
        "column_7": "",
        "column_8": "http://www.linkedin.com/in/matt-pickup-177a199a",
        "column_11": "http://www.linkedin.com/company/ocasa-homes",
        "column_12": "",
        "column_13": "",
        "column_27": "",
        "column_28": ""
      },
      {
        "company_name": "England",
        "website_url": "https://octane.uk.com",
        "column_5": "paul@octane.uk.com",
        "phone": "",
        "column_7": "",
        "column_8": "http://www.linkedin.com/in/paul-k-aa9083a1",
        "column_11": "http://www.linkedin.com/company/octane-holding-group-ltd",
        "column_12": "https://facebook.com/octanerefuellingsystems",
        "column_13": "https://twitter.com/OctaneUK",
        "column_27": "",
        "column_28": ""
      },
      {
        "company_name": "England",
        "website_url": "https://ofec.co.uk",
        "column_5": "anita@ofec.co.uk",
        "phone": "17072000",
        "column_7": "",
        "column_8": "http://www.linkedin.com/in/anitawilliamsofec",
        "column_11": "http://www.linkedin.com/company/ofec",
        "column_12": "https://facebook.com/OxfordWebSites",
        "column_13": "https://twitter.com/OFEC",
        "column_27": "",
        "column_28": ""
      },
      {
        "company_name": "England",
        "website_url": "https://ometis.co.uk",
        "column_5": "trish.lechman@ometis.co.uk",
        "phone": "6476000",
        "column_7": "",
        "column_8": "http://www.linkedin.com/in/trishlechman",
        "column_11": "http://www.linkedin.com/company/ometis-limited",
        "column_12": "https://facebook.com/ometisuk/",
        "column_13": "https://twitter.com/ometis_ltd",
        "column_27": "",
        "column_28": ""
      },
      {
        "company_name": "44 182 388 0099",
        "website_url": "https://onpointstudy.com",
        "column_5": "",
        "phone": "",
        "column_7": "",
        "column_8": "http://www.linkedin.com/in/muhammad-abu-bakar-493030285",
        "column_11": "http://www.linkedin.com/company/onpointstudybd",
        "column_12": "https://www.facebook.com/onpointstudyuk/",
        "column_13": "",
        "column_27": "",
        "column_28": ""
      },
      {
        "company_name": "United Kingdom",
        "website_url": "https://one2call.net",
        "column_5": "alex@one2call.net",
        "phone": "",
        "column_7": "",
        "column_8": "http://www.linkedin.com/in/alhodg",
        "column_11": "http://www.linkedin.com/company/one2call-uk",
        "column_12": "https://facebook.com/one2calluk",
        "column_13": "https://twitter.com/One2CallUK",
        "column_27": "",
        "column_28": ""
      },
      {
        "company_name": "44 741 174 0073",
        "website_url": "https://oneupsales.com",
        "column_5": "callum.saunders@oneupsales.co.uk",
        "phone": "",
        "column_7": "",
        "column_8": "http://www.linkedin.com/in/callumsaunders1",
        "column_11": "http://www.linkedin.com/company/oneup-sales",
        "column_12": "https://facebook.com/stormburststudios/",
        "column_13": "https://twitter.com/OneUp_Sales",
        "column_27": "",
        "column_28": ""
      },
      {
        "company_name": "44 741 174 0073",
        "website_url": "https://oneupsales.com",
        "column_5": "devon.dalton@oneupsales.co.uk",
        "phone": "",
        "column_7": "",
        "column_8": "http://www.linkedin.com/in/devon-dalton",
        "column_11": "http://www.linkedin.com/company/oneup-sales",
        "column_12": "https://facebook.com/stormburststudios/",
        "column_13": "https://twitter.com/OneUp_Sales",
        "column_27": "",
        "column_28": ""
      },
      {
        "company_name": "United Kingdom",
        "website_url": "https://opago.co",
        "column_5": "eunice@opago.co",
        "phone": "",
        "column_7": "",
        "column_8": "http://www.linkedin.com/in/emarie14",
        "column_11": "http://www.linkedin.com/company/opago",
        "column_12": "",
        "column_13": "",
        "column_27": "",
        "column_28": ""
      },
      {
        "company_name": "Wales",
        "website_url": "https://opengenius.com",
        "column_5": "james.b@opengenius.com",
        "phone": "5000000",
        "column_7": "",
        "column_8": "http://www.linkedin.com/in/james-brien-7aa9baa8",
        "column_11": "http://www.linkedin.com/company/opengenius-ltd-",
        "column_12": "https://facebook.com/OpenGeniusLtd",
        "column_13": "https://twitter.com/opengeniusltd",
        "column_27": "",
        "column_28": ""
      },
      {
        "company_name": "1200000",
        "website_url": "https://opentrade.io",
        "column_5": "",
        "phone": "",
        "column_7": "",
        "column_8": "http://www.linkedin.com/in/alveena-moghal",
        "column_11": "http://www.linkedin.com/company/opentrade-io",
        "column_12": "",
        "column_13": "https://twitter.com/opentrade_io",
        "column_27": "",
        "column_28": ""
      },
      {
        "company_name": "Wales",
        "website_url": "https://optec.co.uk",
        "column_5": "",
        "phone": "",
        "column_7": "",
        "column_8": "http://www.linkedin.com/in/callie-s-280474187",
        "column_11": "http://www.linkedin.com/company/optec-it-solutions",
        "column_12": "",
        "column_13": "https://twitter.com/optec_it",
        "column_27": "",
        "column_28": ""
      },
      {
        "company_name": "England",
        "website_url": "https://optera.co.uk",
        "column_5": "holly.gurnham-hunt@optera.co.uk",
        "phone": "",
        "column_7": "",
        "column_8": "http://www.linkedin.com/in/holly-gurnham-hunt-56a977185",
        "column_11": "http://www.linkedin.com/company/optera-ltd",
        "column_12": "",
        "column_13": "",
        "column_27": "",
        "column_28": ""
      },
      {
        "company_name": "United Kingdom",
        "website_url": "https://orcaserv.com",
        "column_5": "doug@orcaserv.com",
        "phone": "",
        "column_7": "",
        "column_8": "http://www.linkedin.com/in/dougcrookston",
        "column_11": "http://www.linkedin.com/company/orcaserv",
        "column_12": "",
        "column_13": "",
        "column_27": "",
        "column_28": ""
      },
      {
        "company_name": "England",
        "website_url": "https://otb.legal",
        "column_5": "hannah.bowers@otb.legal",
        "phone": "",
        "column_7": "",
        "column_8": "http://www.linkedin.com/in/hannah-bowers-184109184",
        "column_11": "http://www.linkedin.com/company/otb-legal",
        "column_12": "https://www.facebook.com/otb.legal/",
        "column_13": "https://twitter.com/OTBLegal",
        "column_27": "",
        "column_28": ""
      },
      {
        "company_name": "United Kingdom",
        "website_url": "https://ournameismud.co.uk",
        "column_5": "",
        "phone": "",
        "column_7": "",
        "column_8": "http://www.linkedin.com/in/ally-elphick-0a51802a",
        "column_11": "http://www.linkedin.com/company/mud",
        "column_12": "",
        "column_13": "https://twitter.com/asclearasmud",
        "column_27": "",
        "column_28": ""
      },
      {
        "company_name": "England",
        "website_url": "https://oxfordfinancesociety.org",
        "column_5": "",
        "phone": "",
        "column_7": "",
        "column_8": "http://www.linkedin.com/in/jyothi-pallavaram-1591a8246",
        "column_11": "http://www.linkedin.com/company/oxford-finance-society",
        "column_12": "https://www.facebook.com/oxfordfinancesociety/",
        "column_13": "https://twitter.com/oxfordfinance",
        "column_27": "",
        "column_28": ""
      },
      {
        "company_name": "England",
        "website_url": "https://immunealgorithmics.com",
        "column_5": "",
        "phone": "",
        "column_7": "",
        "column_8": "http://www.linkedin.com/in/zerhiozenil",
        "column_11": "http://www.linkedin.com/company/oxford-immune-algorithmics",
        "column_12": "",
        "column_13": "",
        "column_27": "",
        "column_28": ""
      },
      {
        "company_name": "United Kingdom",
        "website_url": "https://panaceagroup.co.uk",
        "column_5": "ben@panacealogic.com",
        "phone": "",
        "column_7": "",
        "column_8": "http://www.linkedin.com/in/ben-green-9b06856",
        "column_11": "http://www.linkedin.com/company/panaceagroupltd",
        "column_12": "https://www.facebook.com/Panacea-Logic-1306032036158593",
        "column_13": "",
        "column_27": "",
        "column_28": ""
      },
      {
        "company_name": "Romsey",
        "website_url": "https://the originals",
        "column_5": "Marketing",
        "phone": "",
        "column_7": "",
        "column_8": "",
        "column_11": "information technology & services",
        "column_12": "http://www.linkedin.com/company/panacea-ltd",
        "column_13": "",
        "column_27": "",
        "column_28": ""
      },
      {
        "company_name": "England",
        "website_url": "https://pantheraaccounting.co.uk",
        "column_5": "hazel@pantheraaccounting.co.uk",
        "phone": "4876000",
        "column_7": "",
        "column_8": "http://www.linkedin.com/in/hazel-cernuda-a39aa212a",
        "column_11": "http://www.linkedin.com/company/panthera-accounting",
        "column_12": "https://facebook.com/pages/Panthera-Accounting/159370190807592",
        "column_13": "https://twitter.com/panthera_acc",
        "column_27": "",
        "column_28": ""
      },
      {
        "company_name": "44 131 603 8300",
        "website_url": "https://parabola.com",
        "column_5": "lindsay.defesche@parabola.com",
        "phone": "",
        "column_7": "",
        "column_8": "http://www.linkedin.com/in/lindsay-defesche-a6402b4a",
        "column_11": "http://www.linkedin.com/company/parabola-real-estate-investment-management",
        "column_12": "",
        "column_13": "",
        "column_27": "",
        "column_28": ""
      },
      {
        "company_name": "Paritymedical",
        "website_url": "https://paritymedical.com",
        "column_5": "ruth.morrison@paritymedical.com",
        "phone": "",
        "column_7": "",
        "column_8": "http://www.linkedin.com/in/ruth--morrison",
        "column_11": "http://www.linkedin.com/company/parity-medical",
        "column_12": "",
        "column_13": "",
        "column_27": "",
        "column_28": ""
      },
      {
        "company_name": "United Kingdom",
        "website_url": "https://prhsolicitors.co.uk",
        "column_5": "",
        "phone": "",
        "column_7": "",
        "column_8": "http://www.linkedin.com/in/kate-wragg-1b01822a",
        "column_11": "http://www.linkedin.com/company/parker-rhodes-hickmotts-solicitors-limited",
        "column_12": "",
        "column_13": "",
        "column_27": "",
        "column_28": ""
      },
      {
        "company_name": "United Kingdom",
        "website_url": "https://parksafegroup.com",
        "column_5": "louise.smith@parksafegroup.com",
        "phone": "",
        "column_7": "",
        "column_8": "http://www.linkedin.com/in/louise-smith-b9a550222",
        "column_11": "http://www.linkedin.com/company/parksafegroup",
        "column_12": "https://facebook.com/parksafeautomotive",
        "column_13": "https://twitter.com/ParkSafe2",
        "column_27": "",
        "column_28": ""
      },
      {
        "company_name": "England",
        "website_url": "https://parsons.co.uk",
        "column_5": "hannah.downing@parsons.co.uk",
        "phone": "",
        "column_7": "",
        "column_8": "http://www.linkedin.com/in/hannah-downing-19594a207",
        "column_11": "http://www.linkedin.com/company/parsonsaccountants",
        "column_12": "",
        "column_13": "",
        "column_27": "",
        "column_28": ""
      },
      {
        "company_name": "United Kingdom",
        "website_url": "https://partful.io",
        "column_5": "kaitlyn.chiu@partful.io",
        "phone": "",
        "column_7": "",
        "column_8": "http://www.linkedin.com/in/kaitlyn-chiu-manchester",
        "column_11": "http://www.linkedin.com/company/partful-io",
        "column_12": "",
        "column_13": "https://twitter.com/partful_io",
        "column_27": "",
        "column_28": ""
      },
      {
        "company_name": "United Kingdom",
        "website_url": "https://partypieces.co.uk",
        "column_5": "",
        "phone": "",
        "column_7": "",
        "column_8": "http://www.linkedin.com/in/john-smith-b36a7788",
        "column_11": "http://www.linkedin.com/company/party-pieces",
        "column_12": "https://facebook.com/partypieces",
        "column_13": "https://twitter.com/partypieces",
        "column_27": "",
        "column_28": ""
      },
      {
        "company_name": "England",
        "website_url": "https://passmoregroup.co.uk",
        "column_5": "rsilvers@passmoregroup.co.uk",
        "phone": "",
        "column_7": "",
        "column_8": "http://www.linkedin.com/in/rebecca-silvers-27feb89",
        "column_11": "http://www.linkedin.com/company/passmore-group",
        "column_12": "http://www.facebook.com/pages/Passmore-Group/176977492492803",
        "column_13": "",
        "column_27": "",
        "column_28": ""
      },
      {
        "company_name": "Wales",
        "website_url": "https://paulfoshauctions.com",
        "column_5": "james@paulfoshauctions.com",
        "phone": "",
        "column_7": "",
        "column_8": "http://www.linkedin.com/in/jamescozens1",
        "column_11": "http://www.linkedin.com/company/pfoshauctions",
        "column_12": "https://facebook.com/pages/Paul-Fosh-Auctions/200784296641997",
        "column_13": "https://twitter.com/pfoshauctions",
        "column_27": "",
        "column_28": ""
      },
      {
        "company_name": "England",
        "website_url": "https://paxtonsonline.co.uk",
        "column_5": "sarah@paxtonsonline.co.uk",
        "phone": "",
        "column_7": "",
        "column_8": "http://www.linkedin.com/in/sarah-bower-50559336",
        "column_11": "http://www.linkedin.com/company/paxtons-home-improvements-limited",
        "column_12": "",
        "column_13": "",
        "column_27": "",
        "column_28": ""
      },
      {
        "company_name": "England",
        "website_url": "https://payagroup.co.uk",
        "column_5": "jacob@payagroup.co.uk",
        "phone": "5200000",
        "column_7": "",
        "column_8": "http://www.linkedin.com/in/jacob-collins-brown-a08ba310a",
        "column_11": "http://www.linkedin.com/company/paya-group",
        "column_12": "https://facebook.com/PAYAGroup/",
        "column_13": "https://twitter.com/payagroup",
        "column_27": "",
        "column_28": ""
      },
      {
        "company_name": "United Kingdom",
        "website_url": "https://pearsonlocke.co.uk",
        "column_5": "",
        "phone": "",
        "column_7": "",
        "column_8": "http://www.linkedin.com/in/malik-danish-3b5725144",
        "column_11": "http://www.linkedin.com/company/pearson-locke-solicitors",
        "column_12": "",
        "column_13": "",
        "column_27": "",
        "column_28": ""
      },
      {
        "company_name": "United Kingdom",
        "website_url": "https://pendrich.com",
        "column_5": "hasnain@pendrich.com",
        "phone": "",
        "column_7": "",
        "column_8": "http://www.linkedin.com/in/hasnainnaveed",
        "column_11": "http://www.linkedin.com/company/pendrich-height-services-ltd",
        "column_12": "https://facebook.com/PendrichHeightServicesLimited",
        "column_13": "https://twitter.com/ptsg_ltd",
        "column_27": "",
        "column_28": ""
      },
      {
        "company_name": "England",
        "website_url": "https://pennypostcu.com",
        "column_5": "emilya@penny-post.co.uk",
        "phone": "",
        "column_7": "",
        "column_8": "http://www.linkedin.com/in/emilyalexander-",
        "column_11": "http://www.linkedin.com/company/penny-post-credit-union",
        "column_12": "",
        "column_13": "",
        "column_27": "",
        "column_28": ""
      },
      {
        "company_name": "England",
        "website_url": "https://perform-partners.com",
        "column_5": "aida.walsh@perform-partners.com",
        "phone": "",
        "column_7": "",
        "column_8": "http://www.linkedin.com/in/aidawalsh",
        "column_11": "http://www.linkedin.com/company/perform-partners",
        "column_12": "https://www.facebook.com/PerformPartner5",
        "column_13": "https://twitter.com/performpartners",
        "column_27": "",
        "column_28": ""
      },
      {
        "company_name": "United Kingdom",
        "website_url": "https://performa-it.co.uk",
        "column_5": "laurent@performa-it.co.uk",
        "phone": "",
        "column_7": "",
        "column_8": "http://www.linkedin.com/in/lauren-tovey-b5873624a",
        "column_11": "http://www.linkedin.com/company/performa-it",
        "column_12": "https://facebook.com/pages/Performa-IT/332052120175016",
        "column_13": "https://twitter.com/performait",
        "column_27": "",
        "column_28": ""
      },
      {
        "company_name": "United Kingdom",
        "website_url": "https://pfpwealth.co.uk",
        "column_5": "rachel.spence@pfpwealth.co.uk",
        "phone": "",
        "column_7": "",
        "column_8": "http://www.linkedin.com/in/rachel-spence-66873a93",
        "column_11": "http://www.linkedin.com/company/pfp-wealth",
        "column_12": "https://www.facebook.com/PFPWealth",
        "column_13": "",
        "column_27": "",
        "column_28": ""
      },
      {
        "company_name": "Wales",
        "website_url": "https://phoenixbizsolutions.com",
        "column_5": "",
        "phone": "160000",
        "column_7": "",
        "column_8": "http://www.linkedin.com/in/lauran-hackling-5633451b1",
        "column_11": "http://www.linkedin.com/company/phoenix-biz-solutions",
        "column_12": "http://facebook.com/phoenixbizsolutions",
        "column_13": "http://twitter.com/phoenixbizuk",
        "column_27": "",
        "column_28": ""
      },
      {
        "company_name": "United Kingdom",
        "website_url": "https://pinntec.co.uk",
        "column_5": "jim.shields@pinntec.co.uk",
        "phone": "not callback early next week",
        "column_7": "",
        "column_8": "http://www.linkedin.com/in/jim-shields-53b6523",
        "column_11": "http://www.linkedin.com/company/pinntec",
        "column_12": "",
        "column_13": "",
        "column_27": "",
        "column_28": ""
      },
      {
        "company_name": "England",
        "website_url": "https://pipdecks.com",
        "column_5": "jacob@pipdecks.com",
        "phone": "",
        "column_7": "",
        "column_8": "http://www.linkedin.com/in/jacob-welby-9067321b6",
        "column_11": "http://www.linkedin.com/company/pipdecks",
        "column_12": "https://facebook.com/pipdecks",
        "column_13": "https://twitter.com/pipdecks",
        "column_27": "",
        "column_28": ""
      },
      {
        "company_name": "England",
        "website_url": "https://pitchninjas.com",
        "column_5": "",
        "phone": "",
        "column_7": "",
        "column_8": "http://www.linkedin.com/in/peter-blacow-72192aa",
        "column_11": "http://www.linkedin.com/company/pitchninjas",
        "column_12": "",
        "column_13": "",
        "column_27": "",
        "column_28": ""
      },
      {
        "company_name": "England",
        "website_url": "https://pixus.uk",
        "column_5": "jonathan@pixus.co.uk",
        "phone": "",
        "column_7": "",
        "column_8": "http://www.linkedin.com/in/jonathan-hatton-39a09428",
        "column_11": "http://www.linkedin.com/company/we-are-pixus",
        "column_12": "https://facebook.com/wearepixus",
        "column_13": "https://twitter.com/pixusuk",
        "column_27": "",
        "column_28": ""
      },
      {
        "company_name": "United Kingdom",
        "website_url": "https://plateup.app",
        "column_5": "angeliqua@plateup.app",
        "phone": "VM",
        "column_7": "",
        "column_8": "http://www.linkedin.com/in/angeliqua-goodwin-62b276b9",
        "column_11": "http://www.linkedin.com/company/plateup",
        "column_12": "",
        "column_13": "",
        "column_27": "",
        "column_28": ""
      },
      {
        "company_name": "United Kingdom",
        "website_url": "https://plateup.app",
        "column_5": "jade@plateup.app",
        "phone": "",
        "column_7": "",
        "column_8": "http://www.linkedin.com/in/jade-de-thorpe-58b5932b",
        "column_11": "http://www.linkedin.com/company/plateup",
        "column_12": "",
        "column_13": "",
        "column_27": "",
        "column_28": ""
      },
      {
        "company_name": "44 161 447 5050",
        "website_url": "https://plumlife.co.uk",
        "column_5": "suzy@plumlife.co.uk",
        "phone": "",
        "column_7": "",
        "column_8": "http://www.linkedin.com/in/suzy-hollins-072500103",
        "column_11": "http://www.linkedin.com/company/plumlifehomes",
        "column_12": "https://www.facebook.com/PlumlifeHomes/",
        "column_13": "https://twitter.com/PlumlifeHomes",
        "column_27": "",
        "column_28": ""
      },
      {
        "company_name": "England",
        "website_url": "https://plyable.com",
        "column_5": "k.mcmillan@plyable.com",
        "phone": "2000000",
        "column_7": "",
        "column_8": "http://www.linkedin.com/in/kristymyrie",
        "column_11": "http://www.linkedin.com/company/plyable",
        "column_12": "",
        "column_13": "https://twitter.com/useplyable",
        "column_27": "",
        "column_28": ""
      },
      {
        "company_name": "England",
        "website_url": "https://polypal.co.uk",
        "column_5": "",
        "phone": "",
        "column_7": "",
        "column_8": "http://www.linkedin.com/in/john-youle-aa4b5367",
        "column_11": "http://www.linkedin.com/company/polypal-uk",
        "column_12": "",
        "column_13": "",
        "column_27": "",
        "column_28": ""
      },
      {
        "company_name": "England",
        "website_url": "https://polypal.co.uk",
        "column_5": "mark.johnstone@polypal.co.uk",
        "phone": "",
        "column_7": "",
        "column_8": "http://www.linkedin.com/in/mark-johnstone-a8183524",
        "column_11": "http://www.linkedin.com/company/polypal-uk",
        "column_12": "",
        "column_13": "",
        "column_27": "",
        "column_28": ""
      },
      {
        "company_name": "England",
        "website_url": "https://potterspace.co.uk",
        "column_5": "richard.dearden@potterspace.co.uk",
        "phone": "",
        "column_7": "",
        "column_8": "http://www.linkedin.com/in/richarddearden",
        "column_11": "http://www.linkedin.com/company/potter-space",
        "column_12": "",
        "column_13": "https://twitter.com/PotterSpace_",
        "column_27": "",
        "column_28": ""
      },
      {
        "company_name": "Powdr",
        "website_url": "https://powdr.co.uk",
        "column_5": "",
        "phone": "",
        "column_7": "",
        "column_8": "http://www.linkedin.com/in/soni-zaman-9a9490225",
        "column_11": "http://www.linkedin.com/company/powdr",
        "column_12": "https://www.facebook.com/groups/1810763073199402/%20",
        "column_13": "",
        "column_27": "",
        "column_28": ""
      },
      {
        "company_name": "P365",
        "website_url": "https://p365.co.uk",
        "column_5": "tess.brook@p365.co.uk",
        "phone": "",
        "column_7": "",
        "column_8": "http://www.linkedin.com/in/tess-brook-883033197",
        "column_11": "http://www.linkedin.com/company/power365solutions",
        "column_12": "",
        "column_13": "",
        "column_27": "",
        "column_28": ""
      },
      {
        "company_name": "England",
        "website_url": "https://pragmatic-consulting.co.uk",
        "column_5": "vicky.tayler@pragmatic-consulting.co.uk",
        "phone": "",
        "column_7": "",
        "column_8": "http://www.linkedin.com/in/vicky-tayler",
        "column_11": "http://www.linkedin.com/company/pragmatic-consulting-ltd",
        "column_12": "",
        "column_13": "",
        "column_27": "",
        "column_28": ""
      },
      {
        "company_name": "United Kingdom",
        "website_url": "https://pragmaticdigital.co.uk",
        "column_5": "mark@pragmaticdigital.co.uk",
        "phone": "",
        "column_7": "",
        "column_8": "http://www.linkedin.com/in/markmildren",
        "column_11": "http://www.linkedin.com/company/pragmatic-digital-ltd",
        "column_12": "https://www.facebook.com/PragmaticDigitalLeeds",
        "column_13": "",
        "column_27": "",
        "column_28": ""
      },
      {
        "company_name": "44 190 803 8110",
        "website_url": "https://pragmatiq.co.uk",
        "column_5": "jessica.sheridan@pragmatiq.co.uk",
        "phone": "",
        "column_7": "",
        "column_8": "http://www.linkedin.com/in/jessicasheridan1",
        "column_11": "http://www.linkedin.com/company/pragmatiq-solutions-ltd",
        "column_12": "https://www.facebook.com/PragmatiqSolutionsLtd/",
        "column_13": "https://twitter.com/Pragmatiq__",
        "column_27": "",
        "column_28": ""
      },
      {
        "company_name": "England",
        "website_url": "https://praxis.co.uk",
        "column_5": "shaun.rhodes@praxis.co.uk",
        "phone": "",
        "column_7": "",
        "column_8": "http://www.linkedin.com/in/shaun-rhodes-84b74a127",
        "column_11": "http://www.linkedin.com/company/praxis-facilities-management-ltd",
        "column_12": "",
        "column_13": "",
        "column_27": "",
        "column_28": ""
      },
      {
        "company_name": "Scotland",
        "website_url": "https://preciseinstalls.co.uk",
        "column_5": "emma@preciseinstalls.co.uk",
        "phone": "",
        "column_7": "",
        "column_8": "http://www.linkedin.com/in/emma-mcvitie",
        "column_11": "http://www.linkedin.com/company/precise-installs-strathclyde-ltd",
        "column_12": "https://www.facebook.com/preciseinstalls/",
        "column_13": "",
        "column_27": "",
        "column_28": ""
      },
      {
        "company_name": "England",
        "website_url": "https://predatar.com",
        "column_5": "ben.hodge@predatar.com",
        "phone": "",
        "column_7": "",
        "column_8": "http://www.linkedin.com/in/ben-hodge-78a57640",
        "column_11": "http://www.linkedin.com/company/predatar",
        "column_12": "https://facebook.com/predatar",
        "column_13": "https://twitter.com/predataruk",
        "column_27": "",
        "column_28": ""
      },
      {
        "company_name": "England",
        "website_url": "https://premiermist.com",
        "column_5": "gjones@premiermist.com",
        "phone": "",
        "column_7": "",
        "column_8": "http://www.linkedin.com/in/gareth-jones-41a07654",
        "column_11": "http://www.linkedin.com/company/premier-mist",
        "column_12": "",
        "column_13": "https://twitter.com/premiermist",
        "column_27": "",
        "column_28": ""
      },
      {
        "company_name": "England",
        "website_url": "https://prestigebeds.co.uk",
        "column_5": "oliver@prestigebeds.co.uk",
        "phone": "",
        "column_7": "",
        "column_8": "http://www.linkedin.com/in/oliver-yates-49864518b",
        "column_11": "http://www.linkedin.com/company/prestige-beds",
        "column_12": "https://www.facebook.com/prestigebeds",
        "column_13": "https://twitter.com/prestigebeds",
        "column_27": "",
        "column_28": ""
      },
      {
        "company_name": "Primestudentliving",
        "website_url": "https://primestudentliving.org",
        "column_5": "charlie.pogson@crosslanegroup.com",
        "phone": "",
        "column_7": "",
        "column_8": "http://www.linkedin.com/in/charlie-pogson-a47a6419",
        "column_11": "http://www.linkedin.com/company/prime-student-living-limited",
        "column_12": "",
        "column_13": "",
        "column_27": "",
        "column_28": ""
      },
      {
        "company_name": "England",
        "website_url": "https://principle-networks.com",
        "column_5": "sarah.wilson@principle-networks.com",
        "phone": "",
        "column_7": "",
        "column_8": "http://www.linkedin.com/in/sarahwilsonprinciple",
        "column_11": "http://www.linkedin.com/company/principle-networks",
        "column_12": "",
        "column_13": "https://twitter.com/PrincipleNetwks",
        "column_27": "",
        "column_28": ""
      },
      {
        "company_name": "Proev",
        "website_url": "https://proev.co.uk",
        "column_5": "gemma.samuel@proev.co.uk",
        "phone": "",
        "column_7": "",
        "column_8": "http://www.linkedin.com/in/gemma-samuel-b02045316",
        "column_11": "http://www.linkedin.com/company/pro-ev",
        "column_12": "https://www.facebook.com/proevGB/",
        "column_13": "",
        "column_27": "",
        "column_28": ""
      },
      {
        "company_name": "Scotland",
        "website_url": "https://proitcity.co.uk",
        "column_5": "hadi@proitcity.co.uk",
        "phone": "",
        "column_7": "",
        "column_8": "http://www.linkedin.com/in/hadi-sheikh",
        "column_11": "http://www.linkedin.com/company/pro-it-city",
        "column_12": "https://www.facebook.com/proitcity/",
        "column_13": "",
        "column_27": "",
        "column_28": ""
      },
      {
        "company_name": "England",
        "website_url": "https://proact.co.uk",
        "column_5": "dhind@proact.co.uk",
        "phone": "",
        "column_7": "",
        "column_8": "http://www.linkedin.com/in/dave-hind-77762821",
        "column_11": "http://www.linkedin.com/company/cetus-solutions-limited",
        "column_12": "",
        "column_13": "",
        "column_27": "",
        "column_28": ""
      },
      {
        "company_name": "England",
        "website_url": "https://proactivegroupuk.com",
        "column_5": "",
        "phone": "",
        "column_7": "",
        "column_8": "http://www.linkedin.com/in/craigmander",
        "column_11": "http://www.linkedin.com/company/proactivegroup",
        "column_12": "",
        "column_13": "",
        "column_27": "",
        "column_28": ""
      },
      {
        "company_name": "44 190 462 8838",
        "website_url": "https://pro-development.co.uk",
        "column_5": "nicola.ibison@pro-development.co.uk",
        "phone": "",
        "column_7": "",
        "column_8": "http://www.linkedin.com/in/nicolaibison",
        "column_11": "http://www.linkedin.com/company/pro-development-uk-limited",
        "column_12": "https://www.facebook.com/GrowingYourPeople",
        "column_13": "https://twitter.com/GrowingPeople",
        "column_27": "",
        "column_28": ""
      },
      {
        "company_name": "Scotland",
        "website_url": "https://productguru.co",
        "column_5": "libe@productguru.co",
        "phone": "1000000",
        "column_7": "",
        "column_8": "http://www.linkedin.com/in/libe-nunez-martinez",
        "column_11": "http://www.linkedin.com/company/productguruco",
        "column_12": "https://facebook.com/ProductGuruUK/",
        "column_13": "https://twitter.com/ProductGuruUK",
        "column_27": "",
        "column_28": ""
      },
      {
        "company_name": "United Kingdom",
        "website_url": "https://theprsb.org",
        "column_5": "alison.orr@theprsb.org",
        "phone": "",
        "column_7": "",
        "column_8": "http://www.linkedin.com/in/alison-errington-orr-636a3840",
        "column_11": "http://www.linkedin.com/company/prsb",
        "column_12": "https://facebook.com/theprsb",
        "column_13": "https://twitter.com/profrecordsb",
        "column_27": "",
        "column_28": ""
      },
      {
        "company_name": "England",
        "website_url": "https://proforecast.com",
        "column_5": "",
        "phone": "870000",
        "column_7": "",
        "column_8": "http://www.linkedin.com/in/aisha-rahman-sales-marketinglead",
        "column_11": "http://www.linkedin.com/company/proforecast-ltd",
        "column_12": "https://facebook.com/proforecast",
        "column_13": "https://twitter.com/proforecast",
        "column_27": "",
        "column_28": ""
      },
      {
        "company_name": "England",
        "website_url": "https://progressive-tsl.com",
        "column_5": "alison.richards@progressive-tsl.com",
        "phone": "",
        "column_7": "",
        "column_8": "http://www.linkedin.com/in/alisonrichards",
        "column_11": "http://www.linkedin.com/company/progressive-technology-solutions-ltd",
        "column_12": "",
        "column_13": "https://twitter.com/chriswalcot",
        "column_27": "",
        "column_28": ""
      },
      {
        "company_name": "England",
        "website_url": "https://project-group.co.uk",
        "column_5": "james.kundi@project-group.co.uk",
        "phone": "",
        "column_7": "",
        "column_8": "http://www.linkedin.com/in/james-kundi-45142a12",
        "column_11": "http://www.linkedin.com/company/project-group-uk",
        "column_12": "",
        "column_13": "",
        "column_27": "",
        "column_28": ""
      },
      {
        "company_name": "England",
        "website_url": "https://property-sense.co.uk",
        "column_5": "annabel@property-sense.co.uk",
        "phone": "",
        "column_7": "",
        "column_8": "http://www.linkedin.com/in/annabel-yates-9232559b",
        "column_11": "http://www.linkedin.com/company/property-sense-group",
        "column_12": "",
        "column_13": "",
        "column_27": "",
        "column_28": ""
      },
      {
        "company_name": "Scotland",
        "website_url": "https://pro-sapien.com",
        "column_5": "hannah.waugh@pro-sapien.com",
        "phone": "10000000",
        "column_7": "",
        "column_8": "http://www.linkedin.com/in/hannah-waugh",
        "column_11": "http://www.linkedin.com/company/pro-sapien-software",
        "column_12": "https://facebook.com/prosapiensoftware",
        "column_13": "https://twitter.com/pro_sapien",
        "column_27": "",
        "column_28": ""
      },
      {
        "company_name": "Prospersocialfinance",
        "website_url": "https://prospersocialfinance.co.uk",
        "column_5": "",
        "phone": "",
        "column_7": "",
        "column_8": "http://www.linkedin.com/in/mae-campbell-481a42276",
        "column_11": "http://www.linkedin.com/company/prospersocialfinance",
        "column_12": "https://facebook.com/prospersocialfinance/",
        "column_13": "https://twitter.com/prospersocfin",
        "column_27": "",
        "column_28": ""
      },
      {
        "company_name": "England",
        "website_url": "https://prosperawealth.co.uk",
        "column_5": "",
        "phone": "",
        "column_7": "",
        "column_8": "http://www.linkedin.com/in/lydia-thompson-a42b48147",
        "column_11": "http://www.linkedin.com/company/prospera-wealth-management-llp",
        "column_12": "",
        "column_13": "",
        "column_27": "",
        "column_28": ""
      },
      {
        "company_name": "England",
        "website_url": "https://prosperohub.com",
        "column_5": "",
        "phone": "",
        "column_7": "",
        "column_8": "http://www.linkedin.com/in/chris-b-a18a89190",
        "column_11": "http://www.linkedin.com/company/prosperohub",
        "column_12": "https://www.facebook.com/ProsperoHubDigital",
        "column_13": "https://twitter.com/ProsperoHubCRM",
        "column_27": "",
        "column_28": ""
      },
      {
        "company_name": "United Kingdom",
        "website_url": "https://protestesltd.co.uk",
        "column_5": "nathan@protestesltd.co.uk",
        "phone": "",
        "column_7": "",
        "column_8": "http://www.linkedin.com/in/nathan-bennett-6a764698",
        "column_11": "http://www.linkedin.com/company/protest-es-ltd",
        "column_12": "https://www.facebook.com/ProtestESLtd",
        "column_13": "https://twitter.com/ProtestESLtd",
        "column_27": "",
        "column_28": ""
      },
      {
        "company_name": "United Kingdom",
        "website_url": "https://pughsgardencentre.co.uk",
        "column_5": "asinclair@pughsgardencentre.co.uk",
        "phone": "",
        "column_7": "",
        "column_8": "http://www.linkedin.com/in/amy-sinclair-cmgr-35325b110",
        "column_11": "http://www.linkedin.com/company/pughs",
        "column_12": "https://facebook.com/pages/Pughs-Garden-Village/152257534836726",
        "column_13": "https://twitter.com/pughsgarden",
        "column_27": "",
        "column_28": ""
      },
      {
        "company_name": "United Kingdom",
        "website_url": "https://pughsgardencentre.co.uk",
        "column_5": "npugh@pughsgardencentre.co.uk",
        "phone": "",
        "column_7": "",
        "column_8": "http://www.linkedin.com/in/nicolapugh",
        "column_11": "http://www.linkedin.com/company/pughs",
        "column_12": "https://facebook.com/pages/Pughs-Garden-Village/152257534836726",
        "column_13": "https://twitter.com/pughsgarden",
        "column_27": "",
        "column_28": ""
      },
      {
        "company_name": "England",
        "website_url": "https://purewashrooms.co.uk",
        "column_5": "",
        "phone": "3684000",
        "column_7": "",
        "column_8": "http://www.linkedin.com/in/simon-maitland-8551219",
        "column_11": "http://www.linkedin.com/company/pure-washrooms-ltd",
        "column_12": "",
        "column_13": "https://twitter.com/PureWashrooms",
        "column_27": "",
        "column_28": ""
      },
      {
        "company_name": "United Kingdom",
        "website_url": "https://puregymstudent.com",
        "column_5": "zachary.yeo@puregymstudent.com",
        "phone": "",
        "column_7": "",
        "column_8": "http://www.linkedin.com/in/zac-yeo-051262159",
        "column_11": "http://www.linkedin.com/company/puregym-academy",
        "column_12": "",
        "column_13": "",
        "column_27": "",
        "column_28": ""
      },
      {
        "company_name": "United Kingdom",
        "website_url": "https://purpletransform.com",
        "column_5": "ccole@purpletransform.com",
        "phone": "",
        "column_7": "",
        "column_8": "http://www.linkedin.com/in/-caroline-cole-",
        "column_11": "http://www.linkedin.com/company/purple-transform",
        "column_12": "",
        "column_13": "",
        "column_27": "",
        "column_28": ""
      },
      {
        "company_name": "Ptb",
        "website_url": "https://ptb.co.uk",
        "column_5": "bgn@ptb.co.uk",
        "phone": "",
        "column_7": "",
        "column_8": "http://www.linkedin.com/in/ben-noble-28417731",
        "column_11": "http://www.linkedin.com/company/push-the-button-ltd",
        "column_12": "",
        "column_13": "",
        "column_27": "",
        "column_28": ""
      },
      {
        "company_name": "England",
        "website_url": "https://qassociates.co.uk",
        "column_5": "",
        "phone": "41088000",
        "column_7": "",
        "column_8": "http://www.linkedin.com/in/richard-moon-77746327",
        "column_11": "http://www.linkedin.com/company/qassociates",
        "column_12": "https://facebook.com/qassociates/",
        "column_13": "https://twitter.com/qassociates",
        "column_27": "",
        "column_28": ""
      },
      {
        "company_name": "England",
        "website_url": "https://qes-online.co.uk",
        "column_5": "samstrickland@qes-online.com",
        "phone": "",
        "column_7": "",
        "column_8": "http://www.linkedin.com/in/sstrickland1",
        "column_11": "http://www.linkedin.com/company/qesltd",
        "column_12": "",
        "column_13": "http://www.twitter.com/qestweets",
        "column_27": "",
        "column_28": ""
      },
      {
        "company_name": "44 117 428 5780",
        "website_url": "https://qroutes.co.uk",
        "column_5": "liz.davidson@qroutes.co.uk",
        "phone": "",
        "column_7": "",
        "column_8": "http://www.linkedin.com/in/liz-davidson123",
        "column_11": "http://www.linkedin.com/company/qroutes-ltd",
        "column_12": "",
        "column_13": "https://twitter.com/qroutes",
        "column_27": "",
        "column_28": ""
      },
      {
        "company_name": "England",
        "website_url": "https://therackgroup.com",
        "column_5": "michael@therackgroup.com",
        "phone": "",
        "column_7": "",
        "column_8": "http://www.linkedin.com/in/michaelclark88",
        "column_11": "http://www.linkedin.com/company/rack-group",
        "column_12": "https://www.facebook.com/rackgroup",
        "column_13": "https://twitter.com/therackgroup",
        "column_27": "",
        "column_28": ""
      },
      {
        "company_name": "England",
        "website_url": "https://rakata.technology",
        "column_5": "nataliia@rakata.technology",
        "phone": "",
        "column_7": "",
        "column_8": "http://www.linkedin.com/in/nataliiabritten",
        "column_11": "http://www.linkedin.com/company/rakata-technology",
        "column_12": "https://facebook.com/rakata-technology-216184468399765",
        "column_13": "https://twitter.com/rakatatech",
        "column_27": "",
        "column_28": ""
      },
      {
        "company_name": "England",
        "website_url": "https://raventrack.com",
        "column_5": "olivia@raventrack.com",
        "phone": "",
        "column_7": "",
        "column_8": "http://www.linkedin.com/in/olivia-jacobs-4471841a3",
        "column_11": "http://www.linkedin.com/company/raventrack",
        "column_12": "https://www.facebook.com/RavenTrackUK",
        "column_13": "https://twitter.com/RavenTrackUK",
        "column_27": "",
        "column_28": ""
      },
      {
        "company_name": "United Kingdom",
        "website_url": "https://rdtax.ltd",
        "column_5": "",
        "phone": "",
        "column_7": "",
        "column_8": "http://www.linkedin.com/in/edward-coulson-8395a7191",
        "column_11": "http://www.linkedin.com/company/r-d-tax-group",
        "column_12": "",
        "column_13": "",
        "column_27": "",
        "column_28": ""
      },
      {
        "company_name": "England",
        "website_url": "https://retoday.org.uk",
        "column_5": "mubina@retoday.org.uk",
        "phone": "",
        "column_7": "",
        "column_8": "http://www.linkedin.com/in/mubinakhandaniels",
        "column_11": "http://www.linkedin.com/company/re-today-services",
        "column_12": "https://www.facebook.com/RETodayServices/",
        "column_13": "https://twitter.com/RE_Today",
        "column_27": "",
        "column_28": ""
      },
      {
        "company_name": "Scotland",
        "website_url": "https://remax-scotland.net",
        "column_5": "ngranite@remax-scotland.homes",
        "phone": "",
        "column_7": "",
        "column_8": "http://www.linkedin.com/in/niv-granite-678816145",
        "column_11": "http://www.linkedin.com/company/re-max-scotland",
        "column_12": "https://facebook.com/remaxscotland",
        "column_13": "https://twitter.com/remaxscotland",
        "column_27": "Not intrested",
        "column_28": ""
      },
      {
        "company_name": "Scotland",
        "website_url": "https://realpropertyscotland.com",
        "column_5": "leigh.morrison@realpropertyscotland.co.uk",
        "phone": "",
        "column_7": "",
        "column_8": "http://www.linkedin.com/in/leighmorrisonofficial",
        "column_11": "http://www.linkedin.com/company/realpropertyscotland",
        "column_12": "",
        "column_13": "",
        "column_27": "",
        "column_28": ""
      },
      {
        "company_name": "England",
        "website_url": "https://realnet.co.uk",
        "column_5": "kim.burnham@realnet.co.uk",
        "phone": "271000",
        "column_7": "+91 98166 79927",
        "column_8": "http://www.linkedin.com/in/kimburnham101",
        "column_11": "http://www.linkedin.com/company/realnet-ltd",
        "column_12": "https://www.facebook.com/realnetuk",
        "column_13": "https://twitter.com/realnetuk",
        "column_27": "",
        "column_28": ""
      },
      {
        "company_name": "England",
        "website_url": "https://reasondigital.com",
        "column_5": "fanni.breczku@reasondigital.com",
        "phone": "2287000",
        "column_7": "",
        "column_8": "http://www.linkedin.com/in/fanni-breczku-0a1567164",
        "column_11": "http://www.linkedin.com/company/reason-digital",
        "column_12": "https://facebook.com/ReasonDigital",
        "column_13": "https://twitter.com/reasondigital",
        "column_27": "Is nolong an emloyee",
        "column_28": ""
      },
      {
        "company_name": "Reclaimfund",
        "website_url": "https://reclaimfund.co.uk",
        "column_5": "amy.cowap@reclaimfund.co.uk",
        "phone": "",
        "column_7": "",
        "column_8": "http://www.linkedin.com/in/amy-cowap-ab9bb91a2",
        "column_11": "http://www.linkedin.com/company/reclaim-fund-ltd",
        "column_12": "",
        "column_13": "https://twitter.com/ReclaimFund",
        "column_27": "",
        "column_28": ""
      },
      {
        "company_name": "England",
        "website_url": "https://recordsure.com",
        "column_5": "diane.turner@recordsure.com",
        "phone": "7000000",
        "column_7": "",
        "column_8": "http://www.linkedin.com/in/diane-turner-325485bb",
        "column_11": "http://www.linkedin.com/company/recordsure",
        "column_12": "https://facebook.com/RecordSure",
        "column_13": "https://twitter.com/recordsure",
        "column_27": "",
        "column_28": ""
      },
      {
        "company_name": "England",
        "website_url": "https://recyclingmanagement.com",
        "column_5": "",
        "phone": "",
        "column_7": "",
        "column_8": "http://www.linkedin.com/in/ellen-hawkeswood-1701b5152",
        "column_11": "http://www.linkedin.com/company/recycling-management-limited",
        "column_12": "https://facebook.com/rmlwaste",
        "column_13": "https://twitter.com/rmlwaste",
        "column_27": "",
        "column_28": ""
      },
      {
        "company_name": "United Kingdom",
        "website_url": "https://redcowmedia.co.uk",
        "column_5": "chloe@redcowmedia.co.uk",
        "phone": "",
        "column_7": "",
        "column_8": "http://www.linkedin.com/in/chloe-humphreys-690abb158",
        "column_11": "http://www.linkedin.com/company/red-cow-media",
        "column_12": "https://www.facebook.com/RedCowMedia/",
        "column_13": "",
        "column_27": "",
        "column_28": ""
      },
      {
        "company_name": "United Kingdom",
        "website_url": "https://redtechnology.com",
        "column_5": "jackson.congdon@redtechnology.com",
        "phone": "",
        "column_7": "",
        "column_8": "http://www.linkedin.com/in/jackson-congdon-9a614118b",
        "column_11": "http://www.linkedin.com/company/redtechnology-com",
        "column_12": "https://facebook.com/pages/category/Advertising-Marketing/Red-Technology-191698694205359/",
        "column_13": "https://twitter.com/redtechnologyuk",
        "column_27": "",
        "column_28": ""
      },
      {
        "company_name": "England",
        "website_url": "https://redbrik.co.uk",
        "column_5": "",
        "phone": "",
        "column_7": "",
        "column_8": "http://www.linkedin.com/in/judith-sewell-mcim",
        "column_11": "http://www.linkedin.com/company/redbrik-estate-agents-llp",
        "column_12": "https://www.facebook.com/redbrikestateagents",
        "column_13": "https://twitter.com/REDBRIKproperty",
        "column_27": "",
        "column_28": ""
      },
      {
        "company_name": "England",
        "website_url": "https://redcliffehomes.co.uk",
        "column_5": "mparker@redcliffehomes.co.uk",
        "phone": "19978000",
        "column_7": "",
        "column_8": "http://www.linkedin.com/in/mandy-parker-843986a1",
        "column_11": "http://www.linkedin.com/company/redcliffe-homes-ltd",
        "column_12": "https://www.facebook.com/RedcliffeHomesUK",
        "column_13": "https://twitter.com/Redcliffe_Homes",
        "column_27": "",
        "column_28": ""
      },
      {
        "company_name": "England",
        "website_url": "https://redcliffehomes.co.uk",
        "column_5": "lvincent@redcliffehomes.co.uk",
        "phone": "19978000",
        "column_7": "",
        "column_8": "http://www.linkedin.com/in/lauralvincentprofile",
        "column_11": "http://www.linkedin.com/company/redcliffe-homes-ltd",
        "column_12": "https://www.facebook.com/RedcliffeHomesUK",
        "column_13": "https://twitter.com/Redcliffe_Homes",
        "column_27": "",
        "column_28": ""
      },
      {
        "company_name": "England",
        "website_url": "https://reflectionshair.co.uk",
        "column_5": "",
        "phone": "113000",
        "column_7": "",
        "column_8": "http://www.linkedin.com/in/reflections-hair-salons-871660143",
        "column_11": "http://www.linkedin.com/company/reflections-hair-salons",
        "column_12": "http://www.facebook.com/pages/Reflections/91461020957",
        "column_13": "https://twitter.com/ReflectionsGB",
        "column_27": "",
        "column_28": ""
      },
      {
        "company_name": "B3 3BY",
        "website_url": "https://reliablemedicare.co.uk",
        "column_5": "IT",
        "phone": "United Kingdom",
        "column_7": "hoi@reliablemedicare.com",
        "column_8": "+44 778 238 6674",
        "column_11": "14",
        "column_12": "wholesale",
        "column_13": "http://www.linkedin.com/company/reliablemedicare",
        "column_27": "44 121 622 2212",
        "column_28": "5100000"
      },
      {
        "company_name": "England",
        "website_url": "https://rca-uk.com",
        "column_5": "bobby.t@rca-uk.com",
        "phone": "",
        "column_7": "",
        "column_8": "http://www.linkedin.com/in/head-of-marketing-digital-uk-customer-loyalty-acquisition-chris-t",
        "column_11": "http://www.linkedin.com/company/renaissance-curtain-accessories",
        "column_12": "",
        "column_13": "",
        "column_27": "",
        "column_28": ""
      },
      {
        "company_name": "United Kingdom",
        "website_url": "https://rentplus-uk.com",
        "column_5": "spattison-dick@rentplus-uk.com",
        "phone": "",
        "column_7": "",
        "column_8": "http://www.linkedin.com/in/stevie-pattison-dick-37116919",
        "column_11": "http://www.linkedin.com/company/rentplus",
        "column_12": "https://www.facebook.com/RentplusUK",
        "column_13": "https://www.twitter.com/Rentplus_UK",
        "column_27": "",
        "column_28": ""
      },
      {
        "company_name": "England",
        "website_url": "https://resapol.com",
        "column_5": "hkirby@resapol.com",
        "phone": "27806000",
        "column_7": "+44 7747 895500",
        "column_8": "http://www.linkedin.com/in/helen-kirby-b4021241",
        "column_11": "http://www.linkedin.com/company/resapol",
        "column_12": "https://www.facebook.com/resapolltd/",
        "column_13": "https://twitter.com/resapol",
        "column_27": "",
        "column_28": ""
      },
      {
        "company_name": "United Kingdom",
        "website_url": "https://resinmill.co.uk",
        "column_5": "lee@resinmill.co.uk",
        "phone": "VM",
        "column_7": "",
        "column_8": "http://www.linkedin.com/in/lee-pearson2020",
        "column_11": "http://www.linkedin.com/company/the-resin-mill-ltd",
        "column_12": "https://www.facebook.com/theresinmill",
        "column_13": "https://twitter.com/TheResinMill",
        "column_27": "",
        "column_28": ""
      },
      {
        "company_name": "England",
        "website_url": "https://rezatec.com",
        "column_5": "",
        "phone": "22000000",
        "column_7": "",
        "column_8": "http://www.linkedin.com/in/emily-haile-96249a44",
        "column_11": "http://www.linkedin.com/company/rezatec",
        "column_12": "https://facebook.com/Rezatec/",
        "column_13": "https://twitter.com/rezatec",
        "column_27": "",
        "column_28": ""
      },
      {
        "company_name": "England",
        "website_url": "https://rezcontrol.com",
        "column_5": "jenni.oconnor@rezcontrol.com",
        "phone": "7000000",
        "column_7": "",
        "column_8": "http://www.linkedin.com/in/jenni-o-connor-355261b",
        "column_11": "http://www.linkedin.com/company/avon-data-systems-limited",
        "column_12": "",
        "column_13": "",
        "column_27": "",
        "column_28": ""
      },
      {
        "company_name": "United Kingdom",
        "website_url": "https://rgbcomms.co.uk",
        "column_5": "",
        "phone": "",
        "column_7": "",
        "column_8": "http://www.linkedin.com/in/rgb-communications-76a233171",
        "column_11": "http://www.linkedin.com/company/rgbcomms",
        "column_12": "https://www.facebook.com/RGB-Communications-187445804695750/",
        "column_13": "https://twitter.com/rgbcomms",
        "column_27": "",
        "column_28": ""
      },
      {
        "company_name": "Wales",
        "website_url": "https://rheglobal.com",
        "column_5": "bmotherwell@rheglobal.com",
        "phone": "",
        "column_7": "",
        "column_8": "http://www.linkedin.com/in/beth-motherwell-452a8b64",
        "column_11": "http://www.linkedin.com/company/rheglobal",
        "column_12": "",
        "column_13": "",
        "column_27": "",
        "column_28": ""
      },
      {
        "company_name": "United Kingdom",
        "website_url": "https://riasasoccer.org",
        "column_5": "martin@richmond.ac.uk",
        "phone": "",
        "column_7": "",
        "column_8": "http://www.linkedin.com/in/oliver-martin-3394a62b1",
        "column_11": "http://www.linkedin.com/company/riasa-soccer",
        "column_12": "",
        "column_13": "",
        "column_27": "",
        "column_28": ""
      },
      {
        "company_name": "United Kingdom",
        "website_url": "https://ridgefieldconsulting.co.uk",
        "column_5": "lauren@ridgefieldconsulting.co.uk",
        "phone": "",
        "column_7": "",
        "column_8": "http://www.linkedin.com/in/lauren-wright-21b07a168",
        "column_11": "http://www.linkedin.com/company/rclaccountingoxford",
        "column_12": "https://www.facebook.com/RCLaccounting/",
        "column_13": "https://twitter.com/RCLaccounting",
        "column_27": "",
        "column_28": ""
      },
      {
        "company_name": "United Kingdom",
        "website_url": "https://risehomes.co.uk",
        "column_5": "ellie@risehomes.co.uk",
        "phone": "",
        "column_7": "",
        "column_8": "http://www.linkedin.com/in/ellie-cutler-shepherd",
        "column_11": "http://www.linkedin.com/company/rise-homes-uk",
        "column_12": "",
        "column_13": "",
        "column_27": "",
        "column_28": ""
      },
      {
        "company_name": "England",
        "website_url": "https://riskex.com",
        "column_5": "",
        "phone": "1836000",
        "column_7": "",
        "column_8": "http://www.linkedin.com/in/harry-p-ab361117",
        "column_11": "http://www.linkedin.com/company/riskex-ltd-assessnet",
        "column_12": "https://www.facebook.com/AssessNET",
        "column_13": "https://twitter.com/assessnet",
        "column_27": "",
        "column_28": ""
      },
      {
        "company_name": "Rizistal",
        "website_url": "https://rizistal.co.uk",
        "column_5": "clairejewsbury@john-lord.co.uk",
        "phone": "",
        "column_7": "",
        "column_8": "http://www.linkedin.com/in/clairejewsbury",
        "column_11": "http://www.linkedin.com/company/rizistal",
        "column_12": "",
        "column_13": "https://twitter.com/Rizistal",
        "column_27": "",
        "column_28": ""
      },
      {
        "company_name": "England",
        "website_url": "https://rocconsulting.com",
        "column_5": "norina.kanaan@rocconsulting.com",
        "phone": "",
        "column_7": "",
        "column_8": "http://www.linkedin.com/in/norina-kanaan-7b9a5723",
        "column_11": "http://www.linkedin.com/company/roc-consulting-ltd",
        "column_12": "",
        "column_13": "https://twitter.com/rocconsulting1",
        "column_27": "",
        "column_28": ""
      },
      {
        "company_name": "United Kingdom",
        "website_url": "https://rococlothing.co.uk",
        "column_5": "",
        "phone": "",
        "column_7": "",
        "column_8": "http://www.linkedin.com/in/sian-louisa-7ab88785",
        "column_11": "http://www.linkedin.com/company/roco-clothing",
        "column_12": "http://facebook.com/roco-clothing",
        "column_13": "http://twitter.com/rococlothing",
        "column_27": "",
        "column_28": ""
      },
      {
        "company_name": "England",
        "website_url": "https://rompa.com",
        "column_5": "khuramh@rompa.com",
        "phone": "5930000",
        "column_7": "",
        "column_8": "http://www.linkedin.com/in/khuramhabib",
        "column_11": "http://www.linkedin.com/company/rompa",
        "column_12": "https://facebook.com/rompaltd",
        "column_13": "https://twitter.com/rompaltd",
        "column_27": "",
        "column_28": ""
      },
      {
        "company_name": "44 129 336 4117",
        "website_url": "https://rosenfieldhealth.com",
        "column_5": "fariha.rahman@rosenfieldhealth.com",
        "phone": "",
        "column_7": "",
        "column_8": "http://www.linkedin.com/in/fariha7",
        "column_11": "http://www.linkedin.com/company/rosenfieldhealth",
        "column_12": "https://www.facebook.com/rosenfieldhealth/",
        "column_13": "",
        "column_27": "",
        "column_28": ""
      },
      {
        "company_name": "44 800 014 6214",
        "website_url": "https://royalcraft.co.uk",
        "column_5": "amy.harrison@royalcraft.co.uk",
        "phone": "",
        "column_7": "",
        "column_8": "http://www.linkedin.com/in/amy-harrison-12a452296",
        "column_11": "http://www.linkedin.com/company/houseofroyalcraft",
        "column_12": "https://facebook.com/amirandcoltd",
        "column_13": "",
        "column_27": "",
        "column_28": ""
      },
      {
        "company_name": "England",
        "website_url": "https://rsmr.co.uk",
        "column_5": "james.senior@rsmr.co.uk",
        "phone": "3200000",
        "column_7": "",
        "column_8": "http://www.linkedin.com/in/jamesesenior",
        "column_11": "http://www.linkedin.com/company/rayner-spencer-mills",
        "column_12": "",
        "column_13": "https://twitter.com/RSMRposts",
        "column_27": "",
        "column_28": ""
      },
      {
        "company_name": "England",
        "website_url": "https://rtrservices.co.uk",
        "column_5": "p.watson@rtrservices.co.uk",
        "phone": "8000000",
        "column_7": "",
        "column_8": "http://www.linkedin.com/in/paul-watson-39498b43",
        "column_11": "http://www.linkedin.com/company/rtr-services-ltd",
        "column_12": "",
        "column_13": "https://twitter.com/rtrservicesltd",
        "column_27": "",
        "column_28": ""
      },
      {
        "company_name": "Rubiktech",
        "website_url": "https://rubiktech.co",
        "column_5": "",
        "phone": "",
        "column_7": "",
        "column_8": "http://www.linkedin.com/in/chris-bell-2a82265",
        "column_11": "http://www.linkedin.com/company/rubiktechco",
        "column_12": "https://www.facebook.com/rubiktechco/",
        "column_13": "https://twitter.com/rubiktechco",
        "column_27": "",
        "column_28": ""
      },
      {
        "company_name": "44 800 464 0452",
        "website_url": "https://ruleranalytics.com",
        "column_5": "katie@ruleranalytics.com",
        "phone": "",
        "column_7": "",
        "column_8": "http://www.linkedin.com/in/katie-holmes",
        "column_11": "http://www.linkedin.com/company/ruleranalytics",
        "column_12": "https://www.facebook.com/ruleranalytics",
        "column_13": "https://www.twitter.com/ruleranalytics",
        "column_27": "",
        "column_28": ""
      },
      {
        "company_name": "England",
        "website_url": "https://runnorthwest.co.uk",
        "column_5": "sarah@runnorthwest.co.uk",
        "phone": "",
        "column_7": "",
        "column_8": "http://www.linkedin.com/in/sarah-doherty-54b3a516",
        "column_11": "http://www.linkedin.com/company/run-north-west-limited",
        "column_12": "",
        "column_13": "",
        "column_27": "",
        "column_28": ""
      },
      {
        "company_name": "England",
        "website_url": "https://rundles.org.uk",
        "column_5": "nferriera@rundles.org.uk",
        "phone": "",
        "column_7": "",
        "column_8": "http://www.linkedin.com/in/nuno-ferreira-373b24105",
        "column_11": "http://www.linkedin.com/company/rundle-&-co--ltd-",
        "column_12": "",
        "column_13": "https://twitter.com/rundlesltd",
        "column_27": "",
        "column_28": ""
      },
      {
        "company_name": "England",
        "website_url": "https://rundles.org.uk",
        "column_5": "ewatson@rundles.org.uk",
        "phone": "",
        "column_7": "",
        "column_8": "http://www.linkedin.com/in/emma-watson-8264957",
        "column_11": "http://www.linkedin.com/company/rundle-&-co--ltd-",
        "column_12": "",
        "column_13": "https://twitter.com/rundlesltd",
        "column_27": "",
        "column_28": ""
      },
      {
        "company_name": "Oxford",
        "website_url": "https://Oxford",
        "column_5": "Marketing and Communications Manager",
        "phone": "44 18 6576 2802",
        "column_7": "+44 121 245 3505",
        "column_8": "",
        "column_11": "education management",
        "column_12": "http://www.linkedin.com/company/rye-st-antony-school-limited",
        "column_13": "",
        "column_27": "",
        "column_28": ""
      },
      {
        "company_name": "United Kingdom",
        "website_url": "https://sandcslatter.com",
        "column_5": "jlee@sandcslatter.com",
        "phone": "Not intrested",
        "column_7": "",
        "column_8": "http://www.linkedin.com/in/jimleeuk",
        "column_11": "http://www.linkedin.com/company/s&c-slatter-limited",
        "column_12": "https://www.facebook.com/sandcslatter",
        "column_13": "https://twitter.com/SCSlatter",
        "column_27": "",
        "column_28": ""
      },
      {
        "company_name": "England",
        "website_url": "https://unitedstorage.co.uk",
        "column_5": "simone.smith@unitedstorage.co.uk",
        "phone": "30548000",
        "column_7": "",
        "column_8": "http://www.linkedin.com/in/simone-smith-909090175",
        "column_11": "http://www.linkedin.com/company/s-l-united-storage-systems-ltd",
        "column_12": "https://www.facebook.com/unitedstorage.co.uk/",
        "column_13": "",
        "column_27": "",
        "column_28": ""
      },
      {
        "company_name": "Scotland",
        "website_url": "https://safedepositsscotland.com",
        "column_5": "alan.partridge@safedepositsscotland.com",
        "phone": "",
        "column_7": "",
        "column_8": "http://www.linkedin.com/in/alan-partridge-2a565996",
        "column_11": "http://www.linkedin.com/company/safedeposits-scotland-limited",
        "column_12": "https://facebook.com/safedeposits",
        "column_13": "https://twitter.com/SafeDeposits",
        "column_27": "",
        "column_28": ""
      },
      {
        "company_name": "England",
        "website_url": "https://safespaces.co.uk",
        "column_5": "catherine.c@safespaces.co.uk",
        "phone": "36710000",
        "column_7": "",
        "column_8": "http://www.linkedin.com/in/catherine-carter-831a39216",
        "column_11": "http://www.linkedin.com/company/safespaces",
        "column_12": "https://facebook.com/safespacesltd",
        "column_13": "",
        "column_27": "",
        "column_28": ""
      },
      {
        "company_name": "United Kingdom",
        "website_url": "https://safetyshieldglobal.com",
        "column_5": "rachael.burt@safetyshieldglobal.com",
        "phone": "",
        "column_7": "",
        "column_8": "http://www.linkedin.com/in/rachael-burt-b652512a",
        "column_11": "http://www.linkedin.com/company/safety-shield-global",
        "column_12": "",
        "column_13": "",
        "column_27": "",
        "column_28": ""
      },
      {
        "company_name": "England",
        "website_url": "https://sagossgroup.com",
        "column_5": "alexander.sherlock@sagossgroup.com",
        "phone": "",
        "column_7": "",
        "column_8": "http://www.linkedin.com/in/alexander-sherlock-a088655a",
        "column_11": "http://www.linkedin.com/company/sagossgroup",
        "column_12": "",
        "column_13": "",
        "column_27": "",
        "column_28": ""
      },
      {
        "company_name": "England",
        "website_url": "https://salocin-group.com",
        "column_5": "elizabeth.brooks@salocin-group.com",
        "phone": "9000000",
        "column_7": "",
        "column_8": "http://www.linkedin.com/in/elizabeth-brooks-69715530",
        "column_11": "http://www.linkedin.com/company/salocin-group",
        "column_12": "",
        "column_13": "",
        "column_27": "",
        "column_28": ""
      },
      {
        "company_name": "England",
        "website_url": "https://salocin-group.com",
        "column_5": "gwyn.rodway@edit.co.uk",
        "phone": "9000000",
        "column_7": "",
        "column_8": "http://www.linkedin.com/in/gwynrodway",
        "column_11": "http://www.linkedin.com/company/salocin-group",
        "column_12": "",
        "column_13": "",
        "column_27": "",
        "column_28": ""
      },
      {
        "company_name": "United Kingdom",
        "website_url": "https://saslimited.com",
        "column_5": "",
        "phone": "",
        "column_7": "",
        "column_8": "http://www.linkedin.com/in/katie-jones-3b98a3144",
        "column_11": "http://www.linkedin.com/company/sapphire-accounting-systems",
        "column_12": "https://facebook.com/saslimited",
        "column_13": "https://twitter.com/sapphireaccount",
        "column_27": "",
        "column_28": ""
      },
      {
        "company_name": "England",
        "website_url": "https://sava.co.uk",
        "column_5": "helen.orme@sava.co.uk",
        "phone": "",
        "column_7": "",
        "column_8": "http://www.linkedin.com/in/helen-orme",
        "column_11": "http://www.linkedin.com/company/sava-ltd",
        "column_12": "https://www.facebook.com/SavaLtd",
        "column_13": "https://twitter.com/savahq",
        "column_27": "",
        "column_28": ""
      },
      {
        "company_name": "England",
        "website_url": "https://sava.co.uk",
        "column_5": "ellie.parker@sava.co.uk",
        "phone": "",
        "column_7": "",
        "column_8": "http://www.linkedin.com/in/eleanor-parker-1989",
        "column_11": "http://www.linkedin.com/company/sava-ltd",
        "column_12": "https://www.facebook.com/SavaLtd",
        "column_13": "https://twitter.com/savahq",
        "column_27": "",
        "column_28": ""
      },
      {
        "company_name": "England",
        "website_url": "https://scarboroughgroup.com",
        "column_5": "london@scarboroughgroup.com",
        "phone": "6420000",
        "column_7": "",
        "column_8": "http://www.linkedin.com/in/nicola-wallis-5054014b",
        "column_11": "http://www.linkedin.com/company/scarborough-group-international",
        "column_12": "",
        "column_13": "https://twitter.com/scargroup",
        "column_27": "",
        "column_28": ""
      },
      {
        "company_name": "England",
        "website_url": "https://scarboroughgroup.com",
        "column_5": "",
        "phone": "6420000",
        "column_7": "",
        "column_8": "http://www.linkedin.com/in/nicola-bulley",
        "column_11": "http://www.linkedin.com/company/scarborough-group-international",
        "column_12": "",
        "column_13": "https://twitter.com/scargroup",
        "column_27": "",
        "column_28": ""
      },
      {
        "company_name": "Scotland",
        "website_url": "https://schoolgrid.co.uk",
        "column_5": "",
        "phone": "",
        "column_7": "",
        "column_8": "http://www.linkedin.com/in/jordon-graham",
        "column_11": "http://www.linkedin.com/company/schoolgrid",
        "column_12": "",
        "column_13": "",
        "column_27": "Deadline",
        "column_28": ""
      },
      {
        "company_name": "England",
        "website_url": "https://s-cool.com",
        "column_5": "",
        "phone": "",
        "column_7": "",
        "column_8": "http://www.linkedin.com/in/jeremy-comley-3043a8a",
        "column_11": "http://www.linkedin.com/company/s-cool",
        "column_12": "",
        "column_13": "",
        "column_27": "",
        "column_28": ""
      },
      {
        "company_name": "Scotland",
        "website_url": "https://scqf.org.uk",
        "column_5": "l.short@scqf.org.uk",
        "phone": "424000",
        "column_7": "+44 7730 595494",
        "column_8": "http://www.linkedin.com/in/lynda-short-5517b136",
        "column_11": "http://www.linkedin.com/company/scqf-partnership",
        "column_12": "https://www.facebook.com/scqfp",
        "column_13": "https://twitter.com/SCQFPartnership",
        "column_27": "",
        "column_28": ""
      },
      {
        "company_name": "Scotland",
        "website_url": "https://aegonse.co.uk",
        "column_5": "",
        "phone": "",
        "column_7": "",
        "column_8": "http://www.linkedin.com/in/sarah-mckernan-75253b153",
        "column_11": "http://www.linkedin.com/company/scottish-equitable",
        "column_12": "",
        "column_13": "",
        "column_27": "",
        "column_28": ""
      },
      {
        "company_name": "Scotland",
        "website_url": "https://scotwood.com",
        "column_5": "anne@scotwood.com",
        "phone": "923000",
        "column_7": "",
        "column_8": "http://www.linkedin.com/in/anne-warren-507a0530",
        "column_11": "http://www.linkedin.com/company/scotwood",
        "column_12": "https://facebook.com/ScotwoodInteriors",
        "column_13": "https://twitter.com/ScotwoodGlasgow",
        "column_27": "",
        "column_28": ""
      },
      {
        "company_name": "England",
        "website_url": "https://scriptrunnerhq.com",
        "column_5": "gustaf.stenlund@scriptrunnerhq.com",
        "phone": "",
        "column_7": "",
        "column_8": "http://www.linkedin.com/in/gustaf-stenlund-460b9b62",
        "column_11": "http://www.linkedin.com/company/scriptrunnerhq",
        "column_12": "",
        "column_13": "",
        "column_27": "",
        "column_28": ""
      },
      {
        "company_name": "England",
        "website_url": "https://sdlauctions.co.uk",
        "column_5": "chrissie.watterson@sdlauctions.co.uk",
        "phone": "",
        "column_7": "",
        "column_8": "http://www.linkedin.com/in/chrissiewatterson",
        "column_11": "http://www.linkedin.com/company/sdl-property-auctions",
        "column_12": "",
        "column_13": "",
        "column_27": "",
        "column_28": ""
      },
      {
        "company_name": "England",
        "website_url": "https://sdsdrives.com",
        "column_5": "ameena@sdsdrives.com",
        "phone": "163000",
        "column_7": "",
        "column_8": "http://www.linkedin.com/in/ameena-naweed-b90411144",
        "column_11": "http://www.linkedin.com/company/sdsdrives",
        "column_12": "https://facebook.com/pages/SDS-LTD/254867317888326",
        "column_13": "https://twitter.com/SDS_LTD_UK",
        "column_27": "",
        "column_28": ""
      },
      {
        "company_name": "44 161 928 8810",
        "website_url": "https://searecruitment.co.uk",
        "column_5": "",
        "phone": "",
        "column_7": "",
        "column_8": "http://www.linkedin.com/in/ashlynn-heaney-453a6b2b7",
        "column_11": "http://www.linkedin.com/company/sea-support-services",
        "column_12": "https://www.facebook.com/signingenablingaccess/",
        "column_13": "",
        "column_27": "",
        "column_28": ""
      },
      {
        "company_name": "44 330 088 3642",
        "website_url": "https://seer365.com",
        "column_5": "kblair@seer365.com",
        "phone": "",
        "column_7": "",
        "column_8": "http://www.linkedin.com/in/katherine-h-blair",
        "column_11": "http://www.linkedin.com/company/seer-365",
        "column_12": "",
        "column_13": "",
        "column_27": "",
        "column_28": ""
      },
      {
        "company_name": "England",
        "website_url": "https://selectenglish.co.uk",
        "column_5": "dan.jones@selectenglish.co.uk",
        "phone": "",
        "column_7": "",
        "column_8": "http://www.linkedin.com/in/daniel-hancock-jones-5665b0148",
        "column_11": "http://www.linkedin.com/company/select-english",
        "column_12": "https://www.facebook.com/Selectenglish/",
        "column_13": "",
        "column_27": "",
        "column_28": ""
      },
      {
        "company_name": "Sellar",
        "website_url": "https://sellar.io",
        "column_5": "sarah@sellar.io",
        "phone": "",
        "column_7": "",
        "column_8": "http://www.linkedin.com/in/sarah-sinclair-b09348104",
        "column_11": "http://www.linkedin.com/company/sellar-io",
        "column_12": "",
        "column_13": "https://twitter.com/sellarapp",
        "column_27": "",
        "column_28": ""
      },
      {
        "company_name": "England",
        "website_url": "https://senategroup.co.uk",
        "column_5": "lynne.vogel@senategroup.co.uk",
        "phone": "",
        "column_7": "",
        "column_8": "http://www.linkedin.com/in/lynne-vogel-b10214210",
        "column_11": "http://www.linkedin.com/company/senate-group-uk",
        "column_12": "",
        "column_13": "https://twitter.com/SenateGroup",
        "column_27": "",
        "column_28": ""
      },
      {
        "company_name": "England",
        "website_url": "https://serversys.com",
        "column_5": "",
        "phone": "",
        "column_7": "",
        "column_8": "http://www.linkedin.com/in/caroline-arnold-abb63468",
        "column_11": "http://www.linkedin.com/company/serversys-limited",
        "column_12": "",
        "column_13": "",
        "column_27": "",
        "column_28": ""
      },
      {
        "company_name": "England",
        "website_url": "https://servicemasterbydeeland.co.uk",
        "column_5": "a.jackson@servicemasternewbury.co.uk",
        "phone": "",
        "column_7": "",
        "column_8": "http://www.linkedin.com/in/alexei-jackson-3a314652",
        "column_11": "http://www.linkedin.com/company/servicemaster-clean-deeland-ltd",
        "column_12": "",
        "column_13": "",
        "column_27": "",
        "column_28": ""
      },
      {
        "company_name": "England",
        "website_url": "https://servicemasterclean.co.uk",
        "column_5": "",
        "phone": "",
        "column_7": "",
        "column_8": "http://www.linkedin.com/in/hayley-broadhead-702775122",
        "column_11": "http://www.linkedin.com/company/servicemaster-clean-uk",
        "column_12": "",
        "column_13": "",
        "column_27": "",
        "column_28": ""
      },
      {
        "company_name": "England",
        "website_url": "https://ses-escrow.co.uk",
        "column_5": "writtickmazumder@ses-escrow.co.uk",
        "phone": "",
        "column_7": "",
        "column_8": "http://www.linkedin.com/in/writtick-mazumder-72a893118",
        "column_11": "http://www.linkedin.com/company/ses-secure",
        "column_12": "https://www.facebook.com/sesescrow",
        "column_13": "https://twitter.com/SoftwareEscrow_",
        "column_27": "",
        "column_28": ""
      },
      {
        "company_name": "United Kingdom",
        "website_url": "https://settio.co.uk",
        "column_5": "kristen@settio.co.uk",
        "phone": "",
        "column_7": "",
        "column_8": "http://www.linkedin.com/in/kristenleemottershead",
        "column_11": "http://www.linkedin.com/company/settioproperty",
        "column_12": "",
        "column_13": "",
        "column_27": "",
        "column_28": ""
      },
      {
        "company_name": "England",
        "website_url": "https://sevenhill-group.com",
        "column_5": "",
        "phone": "",
        "column_7": "",
        "column_8": "http://www.linkedin.com/in/alexei-jackson-91338752",
        "column_11": "http://www.linkedin.com/company/sevenhill-group",
        "column_12": "",
        "column_13": "https://twitter.com/7hillconsulting",
        "column_27": "",
        "column_28": ""
      },
      {
        "company_name": "England",
        "website_url": "https://sevenstore.com",
        "column_5": "",
        "phone": "",
        "column_7": "",
        "column_8": "http://www.linkedin.com/in/ella-j-mcconville-83b24a200",
        "column_11": "http://www.linkedin.com/company/sevenstore",
        "column_12": "",
        "column_13": "",
        "column_27": "",
        "column_28": ""
      },
      {
        "company_name": "England",
        "website_url": "https://sevenstore.com",
        "column_5": "sophie.boden@sevenstore.com",
        "phone": "",
        "column_7": "",
        "column_8": "http://www.linkedin.com/in/sophie-cecilia-boden-25803463",
        "column_11": "http://www.linkedin.com/company/sevenstore",
        "column_12": "",
        "column_13": "",
        "column_27": "",
        "column_28": ""
      },
      {
        "company_name": "Wales",
        "website_url": "https://severninsulation.co.uk",
        "column_5": "carl@severninsulation.co.uk",
        "phone": "",
        "column_7": "",
        "column_8": "http://www.linkedin.com/in/carl-waters-88303723",
        "column_11": "http://www.linkedin.com/company/severn-insulation-co.-ltd",
        "column_12": "",
        "column_13": "",
        "column_27": "",
        "column_28": ""
      },
      {
        "company_name": "44 344 848 7878",
        "website_url": "https://shadestation.co.uk",
        "column_5": "",
        "phone": "",
        "column_7": "",
        "column_8": "http://www.linkedin.com/in/joseph-steventon",
        "column_11": "http://www.linkedin.com/company/shade-station",
        "column_12": "https://facebook.com/shadestation",
        "column_13": "https://twitter.com/shadestation",
        "column_27": "",
        "column_28": ""
      },
      {
        "company_name": "44 20 4531 9236",
        "website_url": "https://shamaazi.com",
        "column_5": "k.hunt@shamaazi.com",
        "phone": "",
        "column_7": "",
        "column_8": "http://www.linkedin.com/in/kristianhunt",
        "column_11": "http://www.linkedin.com/company/shamaazi",
        "column_12": "",
        "column_13": "",
        "column_27": "",
        "column_28": ""
      },
      {
        "company_name": "England",
        "website_url": "https://sharplesgroup.com",
        "column_5": "",
        "phone": "1083000",
        "column_7": "",
        "column_8": "http://www.linkedin.com/in/georgi-feld-8a281458",
        "column_11": "http://www.linkedin.com/company/sharples-group-ltd",
        "column_12": "https://facebook.com/SharplesGroup",
        "column_13": "https://twitter.com/SharplesGroupUK",
        "column_27": "",
        "column_28": ""
      },
      {
        "company_name": "England",
        "website_url": "https://shawcorporatefinance.com",
        "column_5": "karl.blockwell@shawcorporatefinance.com",
        "phone": "",
        "column_7": "",
        "column_8": "http://www.linkedin.com/in/karl-blockwell",
        "column_11": "http://www.linkedin.com/company/shawcorpfin",
        "column_12": "",
        "column_13": "https://twitter.com/shawcorpfin",
        "column_27": "",
        "column_28": ""
      },
      {
        "company_name": "England",
        "website_url": "https://sheffieldmutual.com",
        "column_5": "abigail.jones@sheffieldmutual.com",
        "phone": "",
        "column_7": "",
        "column_8": "http://www.linkedin.com/in/abigail-jones-mcim-66776514",
        "column_11": "http://www.linkedin.com/company/sheffield-mutual-friendly-society",
        "column_12": "https://facebook.com/pages/Sheffield-Mutual-Friendly-Society/204730136206132",
        "column_13": "https://twitter.com/sheffieldmutual",
        "column_27": "",
        "column_28": ""
      },
      {
        "company_name": "England",
        "website_url": "https://shengtaiinternational.co.uk",
        "column_5": "kristie.ko@shengtaiinternational.co.uk",
        "phone": "",
        "column_7": "",
        "column_8": "http://www.linkedin.com/in/hiu-ching-ko",
        "column_11": "http://www.linkedin.com/company/shengtaiinternationaluk",
        "column_12": "",
        "column_13": "",
        "column_27": "",
        "column_28": ""
      },
      {
        "company_name": "England",
        "website_url": "https://sheridangroup.com",
        "column_5": "ashleigh@sheridangroup.com",
        "phone": "",
        "column_7": "",
        "column_8": "http://www.linkedin.com/in/ashleigh-harvey-9916a624b",
        "column_11": "http://www.linkedin.com/company/sheridan-group-ltd",
        "column_12": "https://www.facebook.com/sheridangroupltd/",
        "column_13": "",
        "column_27": "",
        "column_28": ""
      },
      {
        "company_name": "England",
        "website_url": "https://shoppertainmentmanagement.co.uk",
        "column_5": "laura.matthews@shoppertainmentmanagement.co.uk",
        "phone": "",
        "column_7": "",
        "column_8": "http://www.linkedin.com/in/laura-matthews-5134a256",
        "column_11": "http://www.linkedin.com/company/shoppertainment-management",
        "column_12": "https://facebook.com/pages/Shoppertainment-Management/135797306458839",
        "column_13": "https://twitter.com/shoppertainmgmt",
        "column_27": "",
        "column_28": ""
      },
      {
        "company_name": "England",
        "website_url": "https://shoppertainmentmanagement.co.uk",
        "column_5": "jessicaw@shoppertainmentmanagement.co.uk",
        "phone": "",
        "column_7": "",
        "column_8": "http://www.linkedin.com/in/jessica-watters-443602107",
        "column_11": "http://www.linkedin.com/company/shoppertainment-management",
        "column_12": "https://facebook.com/pages/Shoppertainment-Management/135797306458839",
        "column_13": "https://twitter.com/shoppertainmgmt",
        "column_27": "",
        "column_28": ""
      },
      {
        "company_name": "England",
        "website_url": "https://signsolutions.uk.com",
        "column_5": "sophie.kang@signsolutions.uk.com",
        "phone": "",
        "column_7": "",
        "column_8": "http://www.linkedin.com/in/sophie-kang-554771a6",
        "column_11": "http://www.linkedin.com/company/signsolutionsslialtd",
        "column_12": "",
        "column_13": "",
        "column_27": "",
        "column_28": ""
      },
      {
        "company_name": "Scotland",
        "website_url": "https://shopsilverburn.com",
        "column_5": "clare.livingston@shopsilverburn.com",
        "phone": "8236000",
        "column_7": "",
        "column_8": "http://www.linkedin.com/in/clarelivingston",
        "column_11": "http://www.linkedin.com/company/silverburn",
        "column_12": "https://facebook.com/shopsilverburn",
        "column_13": "https://twitter.com/shopsilverburn",
        "column_27": "",
        "column_28": ""
      },
      {
        "company_name": "England",
        "website_url": "https://sixandflow.com",
        "column_5": "gha@sixandflow.com",
        "phone": "5000000",
        "column_7": "",
        "column_8": "http://www.linkedin.com/in/lauren-davidsesaf-b79247265",
        "column_11": "http://www.linkedin.com/company/sixandflow",
        "column_12": "https://www.facebook.com/SixAndFlow/",
        "column_13": "https://twitter.com/sixandflow",
        "column_27": "",
        "column_28": ""
      },
      {
        "company_name": "Scotland",
        "website_url": "https://skchase.com",
        "column_5": "heather.rae@skchase.com",
        "phone": "671000",
        "column_7": "",
        "column_8": "http://www.linkedin.com/in/heather-rae-30094230",
        "column_11": "http://www.linkedin.com/company/sk-chase",
        "column_12": "https://facebook.com/skchase",
        "column_13": "https://twitter.com/skchase",
        "column_27": "",
        "column_28": ""
      },
      {
        "company_name": "England",
        "website_url": "https://slade-legal.co.uk",
        "column_5": "emma.warwick@slade-legal.co.uk",
        "phone": "",
        "column_7": "",
        "column_8": "http://www.linkedin.com/in/emma-warwick-85a23853",
        "column_11": "http://www.linkedin.com/company/slade-legal",
        "column_12": "https://www.facebook.com/SladeLegal/",
        "column_13": "",
        "column_27": "",
        "column_28": ""
      },
      {
        "company_name": "Scotland",
        "website_url": "https://smartdatafoundry.com",
        "column_5": "magdalena.getler@smartdatafoundry.com",
        "phone": "",
        "column_7": "",
        "column_8": "http://www.linkedin.com/in/magdalenagetler",
        "column_11": "http://www.linkedin.com/company/smartdatafoundry",
        "column_12": "",
        "column_13": "https://twitter.com/SmartDataFdry",
        "column_27": "no answer",
        "column_28": ""
      },
      {
        "company_name": "England",
        "website_url": "https://smartworks.org.uk",
        "column_5": "rachel.bradley@smartworks.org.uk",
        "phone": "3595000",
        "column_7": "",
        "column_8": "http://www.linkedin.com/in/rachelbradley1",
        "column_11": "http://www.linkedin.com/company/smartworksreading",
        "column_12": "https://www.facebook.com/smartworkscharity/",
        "column_13": "https://twitter.com/smartworkshq",
        "column_27": "",
        "column_28": ""
      },
      {
        "company_name": "England",
        "website_url": "https://capita-at.co.uk",
        "column_5": "zoe.colbourn@capita-at.co.uk",
        "phone": "",
        "column_7": "",
        "column_8": "http://www.linkedin.com/in/zoe-colbourn-56271012",
        "column_11": "http://www.linkedin.com/company/smiths-consulting",
        "column_12": "",
        "column_13": "",
        "column_27": "",
        "column_28": ""
      },
      {
        "company_name": "Thornbury",
        "website_url": "https://snapsurveys.com",
        "column_5": "Sales & Marketing",
        "phone": "44 1454 280800",
        "column_7": "+44 777 190 1344",
        "column_8": "",
        "column_11": "information technology & services",
        "column_12": "http://www.linkedin.com/company/snapsurveys",
        "column_13": "https://www.facebook.com/snapsurveys",
        "column_27": "3720000",
        "column_28": ""
      },
      {
        "company_name": "Scotland",
        "website_url": "https://snipef.org",
        "column_5": "richard.campbell@snipef.org",
        "phone": "407000",
        "column_7": "",
        "column_8": "http://www.linkedin.com/in/richardstuartcampbell",
        "column_11": "http://www.linkedin.com/company/snipef",
        "column_12": "https://en-gb.facebook.com/SNIPEFNews/",
        "column_13": "https://twitter.com/SNIPEFnews",
        "column_27": "",
        "column_28": ""
      },
      {
        "company_name": "United Kingdom",
        "website_url": "https://solarframe.co.uk",
        "column_5": "ablythe@solarframe.co.uk",
        "phone": "",
        "column_7": "",
        "column_8": "http://www.linkedin.com/in/amy-blythe-37074595",
        "column_11": "http://www.linkedin.com/company/solarframe-direct-limited",
        "column_12": "https://www.facebook.com/SolarFrameDirect/",
        "column_13": "https://twitter.com/Solarframe",
        "column_27": "",
        "column_28": ""
      },
      {
        "company_name": "England",
        "website_url": "https://thissolidground.com",
        "column_5": "taylor@thissolidground.com",
        "phone": "",
        "column_7": "",
        "column_8": "http://www.linkedin.com/in/taylor-m-hill",
        "column_11": "http://www.linkedin.com/company/this-solid-ground",
        "column_12": "",
        "column_13": "",
        "column_27": "",
        "column_28": ""
      },
      {
        "company_name": "England",
        "website_url": "https://thissolidground.com",
        "column_5": "lizzy@thissolidground.com",
        "phone": "",
        "column_7": "",
        "column_8": "http://www.linkedin.com/in/lizzy-tingle-251a292a8",
        "column_11": "http://www.linkedin.com/company/this-solid-ground",
        "column_12": "",
        "column_13": "",
        "column_27": "",
        "column_28": ""
      },
      {
        "company_name": "England",
        "website_url": "https://solidcamuk.com",
        "column_5": "alanna@solidcamuk.com",
        "phone": "148000",
        "column_7": "",
        "column_8": "http://www.linkedin.com/in/alanna-mcgarva-338b0931",
        "column_11": "http://www.linkedin.com/company/solidcam-uk-ltd",
        "column_12": "https://facebook.com/SolidCAM",
        "column_13": "https://twitter.com/SolidCAMUK",
        "column_27": "",
        "column_28": ""
      },
      {
        "company_name": "England",
        "website_url": "https://solutionjunkies.co.uk",
        "column_5": "",
        "phone": "",
        "column_7": "",
        "column_8": "http://www.linkedin.com/in/joshua-hunter-kelly-9652722a",
        "column_11": "http://www.linkedin.com/company/solutionjunkies",
        "column_12": "",
        "column_13": "",
        "column_27": "",
        "column_28": ""
      },
      {
        "company_name": "England",
        "website_url": "https://sonnox.com",
        "column_5": "giles.farley@sonnox.com",
        "phone": "3151000",
        "column_7": "",
        "column_8": "http://www.linkedin.com/in/giles-farley-6a05067",
        "column_11": "http://www.linkedin.com/company/sonnox-ltd",
        "column_12": "https://facebook.com/sonnoxplugins/",
        "column_13": "https://twitter.com/sonnoxplugins",
        "column_27": "",
        "column_28": ""
      },
      {
        "company_name": "England",
        "website_url": "https://soschildrensvillages.org.uk",
        "column_5": "",
        "phone": "10735000",
        "column_7": "",
        "column_8": "http://www.linkedin.com/in/peter-law-86375036",
        "column_11": "http://www.linkedin.com/company/soschildrensvillagesuk",
        "column_12": "https://facebook.com/soschildrensvillagesuk",
        "column_13": "https://twitter.com/soschildrenuk",
        "column_27": "",
        "column_28": ""
      },
      {
        "company_name": "England",
        "website_url": "https://smcreditunion.co.uk",
        "column_5": "ryan@smcreditunion.co.uk",
        "phone": "465000",
        "column_7": "",
        "column_8": "http://www.linkedin.com/in/ryan-quinn-51a789195",
        "column_11": "http://www.linkedin.com/company/south-manchester-credit-union",
        "column_12": "https://facebook.com/SmCreditUnion",
        "column_13": "https://twitter.com/SMCREDITUNION",
        "column_27": "",
        "column_28": ""
      },
      {
        "company_name": "England",
        "website_url": "https://sparemytime.com",
        "column_5": "alex.brown@sparemytime.com",
        "phone": "",
        "column_7": "",
        "column_8": "http://www.linkedin.com/in/alex-brown-copywriter",
        "column_11": "http://www.linkedin.com/company/sparemytime",
        "column_12": "",
        "column_13": "",
        "column_27": "",
        "column_28": ""
      },
      {
        "company_name": "England",
        "website_url": "https://sparklayer.io",
        "column_5": "lucy@sparklayer.io",
        "phone": "",
        "column_7": "",
        "column_8": "http://www.linkedin.com/in/lucy-vinestock-144694195",
        "column_11": "http://www.linkedin.com/company/sparklayer",
        "column_12": "https://www.facebook.com/sparklayer.b2b/",
        "column_13": "https://twitter.com/sparklayer_b2b",
        "column_27": "",
        "column_28": ""
      },
      {
        "company_name": "England",
        "website_url": "https://sparklayer.io",
        "column_5": "liam@sparklayer.io",
        "phone": "",
        "column_7": "",
        "column_8": "http://www.linkedin.com/in/liammclear",
        "column_11": "http://www.linkedin.com/company/sparklayer",
        "column_12": "https://www.facebook.com/sparklayer.b2b/",
        "column_13": "https://twitter.com/sparklayer_b2b",
        "column_27": "",
        "column_28": ""
      },
      {
        "company_name": "England",
        "website_url": "https://sparkol.com",
        "column_5": "louise.greaves@sparkol.com",
        "phone": "10000000",
        "column_7": "",
        "column_8": "http://www.linkedin.com/in/louise-greaves-85669221",
        "column_11": "http://www.linkedin.com/company/sparkol",
        "column_12": "https://facebook.com/SparkolHQ",
        "column_13": "https://twitter.com/sparkolhq",
        "column_27": "",
        "column_28": ""
      },
      {
        "company_name": "Scotland",
        "website_url": "https://spartansolutions.com",
        "column_5": "wendy.burns@spartansolutions.com",
        "phone": "",
        "column_7": "",
        "column_8": "http://www.linkedin.com/in/wendy-burns-a77427b9",
        "column_11": "http://www.linkedin.com/company/spartan-solutions-ltd",
        "column_12": "",
        "column_13": "https://twitter.com/spartanmobility",
        "column_27": "",
        "column_28": ""
      },
      {
        "company_name": "Wales",
        "website_url": "https://spectrumgroupe.fr",
        "column_5": "niamh.parry@spectrumgroupe.fr",
        "phone": "",
        "column_7": "",
        "column_8": "http://www.linkedin.com/in/niamh-parry",
        "column_11": "http://www.linkedin.com/company/spectrum-groupe-uk",
        "column_12": "",
        "column_13": "",
        "column_27": "",
        "column_28": ""
      },
      {
        "company_name": "England",
        "website_url": "https://spicatech.co.uk",
        "column_5": "",
        "phone": "",
        "column_7": "",
        "column_8": "http://www.linkedin.com/in/gemma-worgan-uk",
        "column_11": "http://www.linkedin.com/company/spica-technologies-ltd",
        "column_12": "",
        "column_13": "https://twitter.com/spicatech",
        "column_27": "",
        "column_28": ""
      },
      {
        "company_name": "England",
        "website_url": "https://sprattonhall.com",
        "column_5": "jib@sprattonhall.com",
        "phone": "928000",
        "column_7": "",
        "column_8": "http://www.linkedin.com/in/janinabushell",
        "column_11": "http://www.linkedin.com/company/spratton-hall-school",
        "column_12": "https://facebook.com/pages/Spratton-Hall/594215624034004",
        "column_13": "https://twitter.com/sprattonhall",
        "column_27": "",
        "column_28": ""
      },
      {
        "company_name": "England",
        "website_url": "https://protectapeel.com",
        "column_5": "nikki@spraylat.co.uk",
        "phone": "62374000",
        "column_7": "",
        "column_8": "http://www.linkedin.com/in/nikki-barnard-68076797",
        "column_11": "http://www.linkedin.com/company/spraylat-international-ltd",
        "column_12": "https://www.facebook.com/spraylatinternational/",
        "column_13": "",
        "column_27": "",
        "column_28": ""
      },
      {
        "company_name": "England",
        "website_url": "https://sprift.com",
        "column_5": "leanne.kelly@sprift.com",
        "phone": "",
        "column_7": "",
        "column_8": "http://www.linkedin.com/in/leanne-kelly",
        "column_11": "http://www.linkedin.com/company/sprift",
        "column_12": "https://www.facebook.com/SpriftProperty/",
        "column_13": "https://twitter.com/SpriftProperty/",
        "column_27": "",
        "column_28": ""
      },
      {
        "company_name": "England",
        "website_url": "https://sqdigital.co.uk",
        "column_5": "",
        "phone": "20758000",
        "column_7": "",
        "column_8": "http://www.linkedin.com/in/patrick-joyce-zeethz1eeth",
        "column_11": "http://www.linkedin.com/company/sqdigitaluk",
        "column_12": "https://www.facebook.com/SQDigitalUK/",
        "column_13": "https://twitter.com/sqeurope",
        "column_27": "",
        "column_28": ""
      },
      {
        "company_name": "England",
        "website_url": "https://sqeptech.com",
        "column_5": "sam.livingstone@sqeptech.com",
        "phone": "",
        "column_7": "",
        "column_8": "http://www.linkedin.com/in/samantha-livingstone",
        "column_11": "http://www.linkedin.com/company/sqeptech-ltd",
        "column_12": "https://www.facebook.com/sqeptech/",
        "column_13": "",
        "column_27": "",
        "column_28": ""
      },
      {
        "company_name": "England",
        "website_url": "https://sjcs.co.uk",
        "column_5": "pdely@sjcs.co.uk",
        "phone": "",
        "column_7": "",
        "column_8": "http://www.linkedin.com/in/polly-dely-6821232b4",
        "column_11": "http://www.linkedin.com/company/st-johns-college-school",
        "column_12": "",
        "column_13": "https://twitter.com/sjcs_cambridge",
        "column_27": "",
        "column_28": ""
      },
      {
        "company_name": "Standrewstimber",
        "website_url": "https://standrewstimber.co.uk",
        "column_5": "louis@standrewstimber.co.uk",
        "phone": "",
        "column_7": "",
        "column_8": "http://www.linkedin.com/in/louis-robinson-48679a217",
        "column_11": "http://www.linkedin.com/company/st.-andrews-timber-&-building-supplies-limited",
        "column_12": "",
        "column_13": "",
        "column_27": "",
        "column_28": ""
      },
      {
        "company_name": "England",
        "website_url": "https://stabilisedpavements.co.uk",
        "column_5": "",
        "phone": "299000",
        "column_7": "",
        "column_8": "http://www.linkedin.com/in/emily-howe-dillon-4873468a",
        "column_11": "http://www.linkedin.com/company/stabilised-pavements-ltd",
        "column_12": "https://facebook.com/stabilisedpavements",
        "column_13": "https://twitter.com/spl_uk",
        "column_27": "",
        "column_28": ""
      },
      {
        "company_name": "Scotland",
        "website_url": "https://stampede.ai",
        "column_5": "chris@stampede.ai",
        "phone": "",
        "column_7": "",
        "column_8": "http://www.linkedin.com/in/chris-wilkie-22698956",
        "column_11": "http://www.linkedin.com/company/stampede-ai",
        "column_12": "https://facebook.com/stampedeinsight",
        "column_13": "https://twitter.com/stampede_speaks",
        "column_27": "",
        "column_28": ""
      },
      {
        "company_name": "Scotland",
        "website_url": "https://stampede.ai",
        "column_5": "lewis.macsporran@stampede.ai",
        "phone": "",
        "column_7": "",
        "column_8": "http://www.linkedin.com/in/lewismacsporran",
        "column_11": "http://www.linkedin.com/company/stampede-ai",
        "column_12": "https://facebook.com/stampedeinsight",
        "column_13": "https://twitter.com/stampede_speaks",
        "column_27": "",
        "column_28": ""
      },
      {
        "company_name": "Scotland",
        "website_url": "https://stampfree.ai",
        "column_5": "ryan.hervey@stampfree.ai",
        "phone": "3100000",
        "column_7": "",
        "column_8": "http://www.linkedin.com/in/ryanghervey",
        "column_11": "http://www.linkedin.com/company/stamp-free-ai",
        "column_12": "https://www.facebook.com/StampFree",
        "column_13": "https://twitter.com/StampFreeLtd",
        "column_27": "Not intrested",
        "column_28": ""
      },
      {
        "company_name": "Scotland",
        "website_url": "https://stampfree.ai",
        "column_5": "vicki.whetton@stampfree.ai",
        "phone": "3100000",
        "column_7": "",
        "column_8": "http://www.linkedin.com/in/vicki-whetton-a284aa44",
        "column_11": "http://www.linkedin.com/company/stamp-free-ai",
        "column_12": "https://www.facebook.com/StampFree",
        "column_13": "https://twitter.com/StampFreeLtd",
        "column_27": "",
        "column_28": ""
      },
      {
        "company_name": "England",
        "website_url": "https://stancold.co.uk",
        "column_5": "shorseman@stancold.co.uk",
        "phone": "21012000",
        "column_7": "",
        "column_8": "http://www.linkedin.com/in/stacy-horseman",
        "column_11": "http://www.linkedin.com/company/stancold",
        "column_12": "",
        "column_13": "https://twitter.com/stancold_uk",
        "column_27": "",
        "column_28": ""
      },
      {
        "company_name": "United Kingdom",
        "website_url": "https://stockopedia.com",
        "column_5": "sam@stockopedia.com",
        "phone": "",
        "column_7": "",
        "column_8": "http://www.linkedin.com/in/samlipscombe",
        "column_11": "http://www.linkedin.com/company/stockopedia",
        "column_12": "https://www.facebook.com/Stockopedia/",
        "column_13": "https://twitter.com/stockopedia",
        "column_27": "",
        "column_28": ""
      },
      {
        "company_name": "England",
        "website_url": "https://sbpay.co.uk",
        "column_5": "andrew.trodden@sbpay.co.uk",
        "phone": "",
        "column_7": "",
        "column_8": "http://www.linkedin.com/in/andrewtrodden",
        "column_11": "http://www.linkedin.com/company/stonebridge-pay",
        "column_12": "",
        "column_13": "",
        "column_27": "",
        "column_28": ""
      },
      {
        "company_name": "Scotland",
        "website_url": "https://stopgonetworks.co.uk",
        "column_5": "zsofia@stopgonetworks.co.uk",
        "phone": "",
        "column_7": "",
        "column_8": "http://www.linkedin.com/in/zs%c3%b3fia-dob%c3%a1k-73b775b0",
        "column_11": "http://www.linkedin.com/company/stop-go-networks",
        "column_12": "https://facebook.com/pages/Stop-Go-Networks/398913543529956",
        "column_13": "https://twitter.com/stopgonetworks",
        "column_27": "",
        "column_28": ""
      },
      {
        "company_name": "Northern Ireland",
        "website_url": "https://stora.co",
        "column_5": "icrook@stora.co",
        "phone": "",
        "column_7": "",
        "column_8": "http://www.linkedin.com/in/izaakcrook",
        "column_11": "http://www.linkedin.com/company/storasoftware",
        "column_12": "https://facebook.com/storasoftware",
        "column_13": "https://twitter.com/storasoftware",
        "column_27": "",
        "column_28": ""
      },
      {
        "company_name": "NP19 4",
        "website_url": "https://storagegiant.co.uk",
        "column_5": "Customer Services",
        "phone": "United Kingdom",
        "column_7": "daniel@storagegiant.co.uk",
        "column_8": "+44 7775 758599",
        "column_11": "28",
        "column_12": "real estate",
        "column_13": "http://www.linkedin.com/company/storage-giant",
        "column_27": "44 80 0756 6585",
        "column_28": ""
      },
      {
        "company_name": "England",
        "website_url": "https://storelab.app",
        "column_5": "charlie@storelab.app",
        "phone": "",
        "column_7": "",
        "column_8": "http://www.linkedin.com/in/charliebertram96",
        "column_11": "http://www.linkedin.com/company/storelab-app",
        "column_12": "https://www.facebook.com/StoreLabApp",
        "column_13": "https://twitter.com/StoreLabApp",
        "column_27": "no answer",
        "column_28": ""
      },
      {
        "company_name": "Storessupply",
        "website_url": "https://storessupply.co.uk",
        "column_5": "dom@storessupply.co.uk",
        "phone": "",
        "column_7": "",
        "column_8": "http://www.linkedin.com/in/dominic-claytor-1b9525124",
        "column_11": "http://www.linkedin.com/company/stores-supply",
        "column_12": "",
        "column_13": "",
        "column_27": "",
        "column_28": ""
      },
      {
        "company_name": "United Kingdom",
        "website_url": "https://stowag.com",
        "column_5": "rose.drake@stowag.com",
        "phone": "No long works there",
        "column_7": "",
        "column_8": "http://www.linkedin.com/in/rose-drake",
        "column_11": "http://www.linkedin.com/company/stow-agricultural-limited",
        "column_12": "https://www.facebook.com/StowAg/",
        "column_13": "https://twitter.com/Stow_Ag",
        "column_27": "",
        "column_28": ""
      },
      {
        "company_name": "England",
        "website_url": "https://stridesimtech.com",
        "column_5": "c.vay@stridesimtech.com",
        "phone": "",
        "column_7": "",
        "column_8": "http://www.linkedin.com/in/carenvay",
        "column_11": "http://www.linkedin.com/company/stridesimtech",
        "column_12": "",
        "column_13": "",
        "column_27": "",
        "column_28": ""
      },
      {
        "company_name": "United Kingdom",
        "website_url": "https://stridingout.co.uk",
        "column_5": "",
        "phone": "",
        "column_7": "",
        "column_8": "http://www.linkedin.com/in/mike-fleming-bb829128",
        "column_11": "http://www.linkedin.com/company/striding-out",
        "column_12": "https://facebook.com/StridingOut",
        "column_13": "https://twitter.com/stridingout",
        "column_27": "",
        "column_28": ""
      },
      {
        "company_name": "United Kingdom",
        "website_url": "https://stronglifecare.co.uk",
        "column_5": "",
        "phone": "",
        "column_7": "",
        "column_8": "http://www.linkedin.com/in/jackie-brook-%f0%9f%92%9a-8770768",
        "column_11": "http://www.linkedin.com/company/strong-life-care",
        "column_12": "",
        "column_13": "",
        "column_27": "",
        "column_28": ""
      },
      {
        "company_name": "United Kingdom",
        "website_url": "https://studiocambridge.co.uk",
        "column_5": "cheryl.rumsey@studiocambridge.co.uk",
        "phone": "",
        "column_7": "",
        "column_8": "http://www.linkedin.com/in/cheryl-rumsey-51850048",
        "column_11": "http://www.linkedin.com/company/studio-language-courses-cambridge-limited",
        "column_12": "",
        "column_13": "",
        "column_27": "",
        "column_28": ""
      },
      {
        "company_name": "Studystash",
        "website_url": "https://studystash.com",
        "column_5": "alan.teece@studystash.com",
        "phone": "",
        "column_7": "",
        "column_8": "http://www.linkedin.com/in/alanteece",
        "column_11": "http://www.linkedin.com/company/studystash",
        "column_12": "",
        "column_13": "",
        "column_27": "",
        "column_28": ""
      },
      {
        "company_name": "England",
        "website_url": "https://sturents.com",
        "column_5": "daniella.frawley@sturents.com",
        "phone": "458000",
        "column_7": "",
        "column_8": "http://www.linkedin.com/in/daniella-frawley-marketing",
        "column_11": "http://www.linkedin.com/company/sturentsbusiness",
        "column_12": "https://facebook.com/StuRents",
        "column_13": "https://twitter.com/StuRents",
        "column_27": "",
        "column_28": ""
      },
      {
        "company_name": "England",
        "website_url": "https://superbiagroup.co.uk",
        "column_5": "jay.naylor@superbiagroup.co.uk",
        "phone": "",
        "column_7": "",
        "column_8": "http://www.linkedin.com/in/jaynaylor",
        "column_11": "http://www.linkedin.com/company/superbia-group",
        "column_12": "",
        "column_13": "",
        "column_27": "",
        "column_28": ""
      },
      {
        "company_name": "England",
        "website_url": "https://symphonycommerce.io",
        "column_5": "dave@symphonycommerce.io",
        "phone": "1759000",
        "column_7": "",
        "column_8": "http://www.linkedin.com/in/davelancaster1986",
        "column_11": "http://www.linkedin.com/company/commerce-without-compromise",
        "column_12": "",
        "column_13": "",
        "column_27": "",
        "column_28": ""
      },
      {
        "company_name": "England",
        "website_url": "https://syndicateroom.com",
        "column_5": "andrew.tomkinson@syndicateroom.com",
        "phone": "3000000",
        "column_7": "",
        "column_8": "http://www.linkedin.com/in/andrewtomkinson",
        "column_11": "http://www.linkedin.com/company/syndicate-room",
        "column_12": "http://www.facebook.com/Syndicateroom",
        "column_13": "https://twitter.com/SyndicateRoom",
        "column_27": "",
        "column_28": ""
      },
      {
        "company_name": "England",
        "website_url": "https://synergist.co.uk",
        "column_5": "emmeline@synergist.co.uk",
        "phone": "4500000",
        "column_7": "",
        "column_8": "http://www.linkedin.com/in/emmelinewoodward",
        "column_11": "http://www.linkedin.com/company/synergist",
        "column_12": "https://facebook.com/pages/category/Software-Company/Synergist-Express-363817971131074/",
        "column_13": "https://twitter.com/synerg1st?lang=en",
        "column_27": "",
        "column_28": ""
      },
      {
        "company_name": "Scotland",
        "website_url": "https://dynamicfacades.co.uk",
        "column_5": "jordan@tilesint.co.uk",
        "phone": "",
        "column_7": "",
        "column_8": "http://www.linkedin.com/in/jordan-harwood-982156281",
        "column_11": "http://www.linkedin.com/company/ti-dynamicfacades",
        "column_12": "",
        "column_13": "",
        "column_27": "",
        "column_28": ""
      },
      {
        "company_name": "Scotland",
        "website_url": "https://tacholdingltd.co.uk",
        "column_5": "craig.watson@tacholdingltd.co.uk",
        "phone": "",
        "column_7": "",
        "column_8": "http://www.linkedin.com/in/craigandrewwatson",
        "column_11": "http://www.linkedin.com/company/tac-holding-ltd",
        "column_12": "",
        "column_13": "",
        "column_27": "",
        "column_28": ""
      },
      {
        "company_name": "England",
        "website_url": "https://tarantosystems.com",
        "column_5": "fraida.silver@tarantosystems.com",
        "phone": "",
        "column_7": "",
        "column_8": "http://www.linkedin.com/in/fraida-silver-6271a41",
        "column_11": "http://www.linkedin.com/company/taranto-systems",
        "column_12": "",
        "column_13": "",
        "column_27": "",
        "column_28": ""
      },
      {
        "company_name": "44 151 521 5191",
        "website_url": "https://taskers-sports.co.uk",
        "column_5": "erin.hillier@taskers-sports.co.uk",
        "phone": "",
        "column_7": "",
        "column_8": "http://www.linkedin.com/in/erin-hillier-252456121",
        "column_11": "http://www.linkedin.com/company/taskers-sports",
        "column_12": "https://facebook.com/pages/Taskers-Sports/391771640861592",
        "column_13": "https://twitter.com/TaskersSports",
        "column_27": "",
        "column_28": ""
      },
      {
        "company_name": "United Kingdom",
        "website_url": "https://taylorsofhull.co.uk",
        "column_5": "",
        "phone": "",
        "column_7": "",
        "column_8": "http://www.linkedin.com/in/warren-brandon-a245b3132",
        "column_11": "http://www.linkedin.com/company/taylorsestateagents",
        "column_12": "",
        "column_13": "https://twitter.com/TaylorsofHull",
        "column_27": "",
        "column_28": ""
      },
      {
        "company_name": "England",
        "website_url": "https://tcwin.co.uk",
        "column_5": "matthew.stephenson@tcwin.co.uk",
        "phone": "",
        "column_7": "",
        "column_8": "http://www.linkedin.com/in/matthew-stephenson-392882178",
        "column_11": "http://www.linkedin.com/company/tcwin",
        "column_12": "",
        "column_13": "https://twitter.com/TCW_01",
        "column_27": "",
        "column_28": ""
      },
      {
        "company_name": "England",
        "website_url": "https://tcwin.co.uk",
        "column_5": "gemma@tcwin.co.uk",
        "phone": "",
        "column_7": "",
        "column_8": "http://www.linkedin.com/in/gemma-sutcliffe-tcw",
        "column_11": "http://www.linkedin.com/company/tcwin",
        "column_12": "",
        "column_13": "https://twitter.com/TCW_01",
        "column_27": "",
        "column_28": ""
      },
      {
        "company_name": "England",
        "website_url": "https://teamnetsol.com",
        "column_5": "",
        "phone": "",
        "column_7": "",
        "column_8": "http://www.linkedin.com/in/team-netsol-446613194",
        "column_11": "http://www.linkedin.com/company/team-netsol-ltd",
        "column_12": "",
        "column_13": "https://twitter.com/teamnetsol",
        "column_27": "",
        "column_28": ""
      },
      {
        "company_name": "United Kingdom",
        "website_url": "https://teamer.net",
        "column_5": "",
        "phone": "",
        "column_7": "",
        "column_8": "http://www.linkedin.com/in/richard-ruth-80a67626",
        "column_11": "http://www.linkedin.com/company/teamer.net",
        "column_12": "https://facebook.com/teamer.net/",
        "column_13": "https://twitter.com/teamer",
        "column_27": "",
        "column_28": ""
      },
      {
        "company_name": "United Kingdom",
        "website_url": "https://technicaldrive.co.uk",
        "column_5": "adam.flynn@technicaldrive.co.uk",
        "phone": "",
        "column_7": "",
        "column_8": "http://www.linkedin.com/in/adamflynn2",
        "column_11": "http://www.linkedin.com/company/technical-drive-limited",
        "column_12": "https://www.facebook.com/TechnicalDriveLtd/",
        "column_13": "",
        "column_27": "",
        "column_28": ""
      },
      {
        "company_name": "England",
        "website_url": "https://techspark.co",
        "column_5": "will@techspark.co",
        "phone": "5017000",
        "column_7": "",
        "column_8": "http://www.linkedin.com/in/will-humphrey-26327a13a",
        "column_11": "http://www.linkedin.com/company/techspark-uk",
        "column_12": "https://facebook.com/pages/TechSpark/249677258553004",
        "column_13": "https://twitter.com/TechSPARKuk",
        "column_27": "",
        "column_28": ""
      },
      {
        "company_name": "England",
        "website_url": "https://techwm.com",
        "column_5": "",
        "phone": "",
        "column_7": "",
        "column_8": "http://www.linkedin.com/in/anushka-malhotra",
        "column_11": "http://www.linkedin.com/company/techwm",
        "column_12": "",
        "column_13": "",
        "column_27": "",
        "column_28": ""
      },
      {
        "company_name": "United Kingdom",
        "website_url": "https://tedbree.com",
        "column_5": "",
        "phone": "",
        "column_7": "",
        "column_8": "http://www.linkedin.com/in/edoh-dare-matthew",
        "column_11": "http://www.linkedin.com/company/tedbree",
        "column_12": "https://facebook.com/tedbreehq",
        "column_13": "https://twitter.com/tedbree",
        "column_27": "",
        "column_28": ""
      },
      {
        "company_name": "England",
        "website_url": "https://templechurch.com",
        "column_5": "",
        "phone": "",
        "column_7": "",
        "column_8": "http://www.linkedin.com/in/hayley-smith-413565123",
        "column_11": "http://www.linkedin.com/company/templebygroover",
        "column_12": "",
        "column_13": "",
        "column_27": "",
        "column_28": ""
      },
      {
        "company_name": "England",
        "website_url": "https://tensense.ai",
        "column_5": "jackie@tensense.ai",
        "phone": "",
        "column_7": "",
        "column_8": "http://www.linkedin.com/in/jackiehutchings",
        "column_11": "http://www.linkedin.com/company/tensense",
        "column_12": "",
        "column_13": "https://twitter.com/footdown",
        "column_27": "VM",
        "column_28": ""
      },
      {
        "company_name": "44 114 257 1414",
        "website_url": "https://tflre.co.uk",
        "column_5": "",
        "phone": "",
        "column_7": "",
        "column_8": "http://www.linkedin.com/in/alex-globe-899583211",
        "column_11": "http://www.linkedin.com/company/tfl-responsive-engineering-limited",
        "column_12": "",
        "column_13": "",
        "column_27": "",
        "column_28": ""
      },
      {
        "company_name": "England",
        "website_url": "https://thatworks.agency",
        "column_5": "",
        "phone": "",
        "column_7": "",
        "column_8": "http://www.linkedin.com/in/that-works-8ab0071b1",
        "column_11": "http://www.linkedin.com/company/that-works-agency",
        "column_12": "",
        "column_13": "",
        "column_27": "",
        "column_28": ""
      },
      {
        "company_name": "United Kingdom",
        "website_url": "https://afpp.org.uk",
        "column_5": "susan.preston@afpp.org.uk",
        "phone": "",
        "column_7": "",
        "column_8": "http://www.linkedin.com/in/susan-preston-55800159",
        "column_11": "http://www.linkedin.com/company/safersurgeryuk",
        "column_12": "https://facebook.com/SaferSurgeryUK",
        "column_13": "https://twitter.com/SaferSurgeryUK",
        "column_27": "",
        "column_28": ""
      },
      {
        "company_name": "Afmup",
        "website_url": "https://afmup.co.uk",
        "column_5": "",
        "phone": "",
        "column_7": "",
        "column_8": "http://www.linkedin.com/in/aaron-burns-967955b0",
        "column_11": "http://www.linkedin.com/company/the-association-of-former-manchester-united-players",
        "column_12": "",
        "column_13": "",
        "column_27": "",
        "column_28": ""
      },
      {
        "company_name": "United Kingdom",
        "website_url": "https://thebluefingroup.com",
        "column_5": "jenny@bluefintrading.co.uk",
        "phone": "",
        "column_7": "+44 7825 080575",
        "column_8": "http://www.linkedin.com/in/jennybuckleyb56725195",
        "column_11": "http://www.linkedin.com/company/the-bluefin-group",
        "column_12": "",
        "column_13": "",
        "column_27": "",
        "column_28": ""
      },
      {
        "company_name": "United Kingdom",
        "website_url": "https://boa-group.co.uk",
        "column_5": "zoe.james@boa-group.co.uk",
        "phone": "",
        "column_7": "",
        "column_8": "http://www.linkedin.com/in/zoe-james-3871b015",
        "column_11": "http://www.linkedin.com/company/the-boa-group",
        "column_12": "",
        "column_13": "",
        "column_27": "",
        "column_28": ""
      },
      {
        "company_name": "England",
        "website_url": "https://collaborationcompany.com",
        "column_5": "jayne@collaborationcompany.com",
        "phone": "365000",
        "column_7": "+44 121 230 2504",
        "column_8": "http://www.linkedin.com/in/jaynemariesmith",
        "column_11": "http://www.linkedin.com/company/the-collaboration-company",
        "column_12": "https://facebook.com/pages/The-Collaboration-Company/129282557095859",
        "column_13": "https://twitter.com/collabcompany",
        "column_27": "",
        "column_28": ""
      },
      {
        "company_name": "England",
        "website_url": "https://concretecentre.com",
        "column_5": "",
        "phone": "24259000",
        "column_7": "+44 1276 606806",
        "column_8": "http://www.linkedin.com/in/vicki-evans-1219349",
        "column_11": "http://www.linkedin.com/company/concretecentre",
        "column_12": "",
        "column_13": "https://twitter.com/concretecentre",
        "column_27": "",
        "column_28": ""
      },
      {
        "company_name": "Scotland",
        "website_url": "https://thecraftpottery.com",
        "column_5": "",
        "phone": "",
        "column_7": "",
        "column_8": "http://www.linkedin.com/in/robyn-owen-72411b214",
        "column_11": "http://www.linkedin.com/company/the-craft-pottery-ltd",
        "column_12": "",
        "column_13": "",
        "column_27": "",
        "column_28": ""
      },
      {
        "company_name": "England",
        "website_url": "https://thedatacity.com",
        "column_5": "andy.crowder@thedatacity.com",
        "phone": "",
        "column_7": "",
        "column_8": "http://www.linkedin.com/in/andy-crowder",
        "column_11": "http://www.linkedin.com/company/the-data-city",
        "column_12": "",
        "column_13": "https://twitter.com/TheDataCity",
        "column_27": "",
        "column_28": ""
      },
      {
        "company_name": "Scotland",
        "website_url": "https://thedatalab.com",
        "column_5": "florence.millar@thedatalab.com",
        "phone": "",
        "column_7": "",
        "column_8": "http://www.linkedin.com/in/florence-m-a42338196",
        "column_11": "http://www.linkedin.com/company/thedatalab",
        "column_12": "",
        "column_13": "https://twitter.com/datalabscotland",
        "column_27": "",
        "column_28": ""
      },
      {
        "company_name": "England",
        "website_url": "https://theday.co.uk",
        "column_5": "coralie@theday.co.uk",
        "phone": "",
        "column_7": "",
        "column_8": "http://www.linkedin.com/in/coralie-thomson-8a4306b",
        "column_11": "http://www.linkedin.com/company/the-day-news",
        "column_12": "https://www.facebook.com/thedayuk/",
        "column_13": "https://twitter.com/thedaytweets",
        "column_27": "",
        "column_28": ""
      },
      {
        "company_name": "England",
        "website_url": "https://theelectricbikeshop.co.uk",
        "column_5": "helen@theelectricbikeshop.co.uk",
        "phone": "",
        "column_7": "",
        "column_8": "http://www.linkedin.com/in/helen-gadbury-432807171",
        "column_11": "http://www.linkedin.com/company/theelectricbikeshop",
        "column_12": "",
        "column_13": "",
        "column_27": "",
        "column_28": ""
      },
      {
        "company_name": "United Kingdom",
        "website_url": "https://electrospinning.co.uk",
        "column_5": "mehri.behbehani@electrospinning.co.uk",
        "phone": "VM",
        "column_7": "",
        "column_8": "http://www.linkedin.com/in/mehri-behbehani-99aa50112",
        "column_11": "http://www.linkedin.com/company/the-electrospinning-company-ltd.",
        "column_12": "",
        "column_13": "https://twitter.com/Electrospinner",
        "column_27": "",
        "column_28": ""
      },
      {
        "company_name": "England",
        "website_url": "https://theengineeringcollege.co.uk",
        "column_5": "a.thompson@theengineeringcollege.co.uk",
        "phone": "",
        "column_7": "",
        "column_8": "http://www.linkedin.com/in/adam-thompson-15732b151",
        "column_11": "http://www.linkedin.com/company/the-engineering-college",
        "column_12": "",
        "column_13": "https://twitter.com/TheEngColl",
        "column_27": "",
        "column_28": ""
      },
      {
        "company_name": "England",
        "website_url": "https://fiduciamga.co.uk",
        "column_5": "chrish@fiduciamga.co.uk",
        "phone": "",
        "column_7": "",
        "column_8": "http://www.linkedin.com/in/chris-h-1300b416b",
        "column_11": "http://www.linkedin.com/company/the-fiducia-mga-co-limited",
        "column_12": "",
        "column_13": "",
        "column_27": "",
        "column_28": ""
      },
      {
        "company_name": "England",
        "website_url": "https://finebedding.co.uk",
        "column_5": "nicole.mcculloch@trendsetter.co.uk",
        "phone": "1136000",
        "column_7": "",
        "column_8": "http://www.linkedin.com/in/nicole-mcculloch-a95578117",
        "column_11": "http://www.linkedin.com/company/the-fine-bedding-company",
        "column_12": "https://facebook.com/FineBeddingCo/",
        "column_13": "https://twitter.com/FineBeddingCo",
        "column_27": "",
        "column_28": ""
      },
      {
        "company_name": "England",
        "website_url": "https://guildproperty.co.uk",
        "column_5": "rachel.kittow@guildproperty.co.uk",
        "phone": "4973000",
        "column_7": "",
        "column_8": "http://www.linkedin.com/in/rachelkittow",
        "column_11": "http://www.linkedin.com/company/the-guild-of-professional-estate-agents",
        "column_12": "https://www.facebook.com/GuildProperty/",
        "column_13": "https://twitter.com/GuildProperty",
        "column_27": "",
        "column_28": ""
      },
      {
        "company_name": "Wales",
        "website_url": "https://thehairmovement.com",
        "column_5": "jparnell@thehairmovement.com",
        "phone": "",
        "column_7": "",
        "column_8": "http://www.linkedin.com/in/jack-parnell-4404a52a6",
        "column_11": "http://www.linkedin.com/company/the-hair-movement-ltd",
        "column_12": "http://Facebook.com/thehairmovementbrand",
        "column_13": "",
        "column_27": "",
        "column_28": ""
      },
      {
        "company_name": "England",
        "website_url": "https://heatongroup.co.uk",
        "column_5": "jenny@heatongroup.co.uk",
        "phone": "",
        "column_7": "",
        "column_8": "http://www.linkedin.com/in/jenny-edmonstone-8ab62197",
        "column_11": "http://www.linkedin.com/company/heaton-group",
        "column_12": "https://facebook.com/theheatongroup",
        "column_13": "https://twitter.com/theheatongroup",
        "column_27": "",
        "column_28": ""
      },
      {
        "company_name": "England",
        "website_url": "https://hscgroupuk.co.uk",
        "column_5": "john@hscgroupuk.co.uk",
        "phone": "",
        "column_7": "",
        "column_8": "http://www.linkedin.com/in/john-mcghee-99589341",
        "column_11": "http://www.linkedin.com/company/the-hire-supply-company-uk-ltd",
        "column_12": "",
        "column_13": "https://twitter.com/hsc_uk",
        "column_27": "",
        "column_28": ""
      },
      {
        "company_name": "England",
        "website_url": "https://theiaa.co.uk",
        "column_5": "iainsurman@theiaa.co.uk",
        "phone": "",
        "column_7": "",
        "column_8": "http://www.linkedin.com/in/iainsurman1978",
        "column_11": "http://www.linkedin.com/company/installation-assurance-authority",
        "column_12": "",
        "column_13": "https://twitter.com/the_iaa_uk",
        "column_27": "Not intrested",
        "column_28": ""
      },
      {
        "company_name": "Isaacsglass",
        "website_url": "https://isaacsglass.uk",
        "column_5": "",
        "phone": "",
        "column_7": "",
        "column_8": "http://www.linkedin.com/in/michelle-marriott-b9505825",
        "column_11": "http://www.linkedin.com/company/the-isaacs-glass-company-limited",
        "column_12": "",
        "column_13": "",
        "column_27": "",
        "column_28": ""
      },
      {
        "company_name": "United Kingdom",
        "website_url": "https://theislandquarter.com",
        "column_5": "",
        "phone": "",
        "column_7": "",
        "column_8": "http://www.linkedin.com/in/joseph-wood-630053188",
        "column_11": "http://www.linkedin.com/company/the-island-quarter",
        "column_12": "https://www.facebook.com/TheIslandQuarterNottingham",
        "column_13": "https://twitter.com/IslandQuarter",
        "column_27": "",
        "column_28": ""
      },
      {
        "company_name": "Scotland",
        "website_url": "https://keilcentre.co.uk",
        "column_5": "sandra@keilcentre.co.uk",
        "phone": "8601000",
        "column_7": "",
        "column_8": "http://www.linkedin.com/in/sandrajakimoviciute",
        "column_11": "http://www.linkedin.com/company/the-keil-centre",
        "column_12": "",
        "column_13": "https://twitter.com/TheKeilCentre",
        "column_27": "",
        "column_28": ""
      },
      {
        "company_name": "England",
        "website_url": "https://thelettinggame.co.uk",
        "column_5": "bradley@thelettinggame.co.uk",
        "phone": "",
        "column_7": "",
        "column_8": "http://www.linkedin.com/in/bradley-rennie",
        "column_11": "http://www.linkedin.com/company/the-letting-game-limited",
        "column_12": "https://facebook.com/thelettinggame",
        "column_13": "https://twitter.com/thelettinggame",
        "column_27": "",
        "column_28": ""
      },
      {
        "company_name": "England",
        "website_url": "https://thelkgroup.com",
        "column_5": "s.neden@thelkgroup.com",
        "phone": "",
        "column_7": "",
        "column_8": "http://www.linkedin.com/in/samantha-neden-3136b577",
        "column_11": "http://www.linkedin.com/company/the-lk-group",
        "column_12": "https://www.facebook.com/thelkgroup/",
        "column_13": "https://twitter.com/the_lkgroup",
        "column_27": "",
        "column_28": ""
      },
      {
        "company_name": "England",
        "website_url": "https://masonfoundation.co.uk",
        "column_5": "lorna.picton@masonfoundation.co.uk",
        "phone": "",
        "column_7": "",
        "column_8": "http://www.linkedin.com/in/lorna-picton-53529b44",
        "column_11": "http://www.linkedin.com/company/the-mason-foundation",
        "column_12": "",
        "column_13": "",
        "column_27": "",
        "column_28": ""
      },
      {
        "company_name": "England",
        "website_url": "https://ncc.co.uk",
        "column_5": "",
        "phone": "",
        "column_7": "",
        "column_8": "http://www.linkedin.com/in/andrew-thompson-9b18613",
        "column_11": "http://www.linkedin.com/company/the-national-computing-centre",
        "column_12": "https://facebook.com/ncc.co.uk",
        "column_13": "https://twitter.com/ncc_co_uk",
        "column_27": "",
        "column_28": ""
      },
      {
        "company_name": "United Kingdom",
        "website_url": "https://nazarethtrust.org",
        "column_5": "barbora@nazarethtrust.org",
        "phone": "",
        "column_7": "",
        "column_8": "http://www.linkedin.com/in/barbora-brezakova-aa533766",
        "column_11": "http://www.linkedin.com/company/the-nazareth-trust",
        "column_12": "",
        "column_13": "",
        "column_27": "",
        "column_28": ""
      },
      {
        "company_name": "United Kingdom",
        "website_url": "https://nazarethtrust.org",
        "column_5": "corrie@nazarethtrust.org",
        "phone": "",
        "column_7": "",
        "column_8": "http://www.linkedin.com/in/corrie-douglas-young-a2731a1b0",
        "column_11": "http://www.linkedin.com/company/the-nazareth-trust",
        "column_12": "",
        "column_13": "",
        "column_27": "",
        "column_28": ""
      },
      {
        "company_name": "England",
        "website_url": "https://thenurserystore.com",
        "column_5": "rachael.tansey.brown@thenurserystore.com",
        "phone": "25000000",
        "column_7": "",
        "column_8": "http://www.linkedin.com/in/rachael-tansey-brown-b5445a9",
        "column_11": "http://www.linkedin.com/company/thenurserystore",
        "column_12": "http://www.facebook.com/TheNurseryStoreUK",
        "column_13": "https://twitter.com/online4baby",
        "column_27": "",
        "column_28": ""
      },
      {
        "company_name": "Sdglab",
        "website_url": "https://sdglab.uk",
        "column_5": "",
        "phone": "",
        "column_7": "",
        "column_8": "http://www.linkedin.com/in/kerrilouisehowardslaughter",
        "column_11": "http://www.linkedin.com/company/the-oxford-sdg-impact-lab",
        "column_12": "https://www.facebook.com/OxfordSDGLab",
        "column_13": "https://twitter.com/OxfordSDGLab",
        "column_27": "",
        "column_28": ""
      },
      {
        "company_name": "44 333 320 2369",
        "website_url": "https://thepaintshed.com",
        "column_5": "jdevlin@thepaintshed.com",
        "phone": "",
        "column_7": "",
        "column_8": "http://www.linkedin.com/in/julie-devlin-00a95661",
        "column_11": "http://www.linkedin.com/company/the-paint-shed",
        "column_12": "https://facebook.com/TPSPAINTSHED/",
        "column_13": "https://twitter.com/thepaintshed?lang=en",
        "column_27": "",
        "column_28": ""
      },
      {
        "company_name": "England",
        "website_url": "https://theprestburyadvisory.com",
        "column_5": "",
        "phone": "",
        "column_7": "",
        "column_8": "http://www.linkedin.com/in/oliverlukejones",
        "column_11": "http://www.linkedin.com/company/the-prestbury-advisory",
        "column_12": "https://www.facebook.com/theprestburyadvisory",
        "column_13": "",
        "column_27": "",
        "column_28": ""
      },
      {
        "company_name": "England",
        "website_url": "https://thepropertybuyingcompany.co.uk",
        "column_5": "john@thepropertybuyingcompany.co.uk",
        "phone": "",
        "column_7": "",
        "column_8": "http://www.linkedin.com/in/john-iliopoulos",
        "column_11": "http://www.linkedin.com/company/the-property-buying-company",
        "column_12": "https://www.facebook.com/thepropertybuyingcompany",
        "column_13": "https://twitter.com/tpbuyingco",
        "column_27": "",
        "column_28": ""
      },
      {
        "company_name": "England",
        "website_url": "https://thepropertybuyingcompany.co.uk",
        "column_5": "mathew@thepropertybuyingcompany.co.uk",
        "phone": "",
        "column_7": "",
        "column_8": "http://www.linkedin.com/in/mathew-mccorry-45231666",
        "column_11": "http://www.linkedin.com/company/the-property-buying-company",
        "column_12": "https://www.facebook.com/thepropertybuyingcompany",
        "column_13": "https://twitter.com/tpbuyingco",
        "column_27": "",
        "column_28": ""
      },
      {
        "company_name": "England",
        "website_url": "https://sashwindow.com",
        "column_5": "robinsone@sashwindow.com",
        "phone": "5237000",
        "column_7": "",
        "column_8": "http://www.linkedin.com/in/elysia-robinson-96005a21",
        "column_11": "http://www.linkedin.com/company/the-sash-window-workshop-ltd",
        "column_12": "https://www.facebook.com/SashWindowsUK",
        "column_13": "https://twitter.com/sashwindowuk",
        "column_27": "",
        "column_28": ""
      },
      {
        "company_name": "England",
        "website_url": "https://theyardstickagency.co.uk",
        "column_5": "rebecca@theyardstickagency.co.uk",
        "phone": "",
        "column_7": "+44 7722 486356",
        "column_8": "http://www.linkedin.com/in/rebecca-burke-7918a94",
        "column_11": "http://www.linkedin.com/company/the-yardstick-agency",
        "column_12": "",
        "column_13": "",
        "column_27": "",
        "column_28": ""
      },
      {
        "company_name": "44 345 241 1196",
        "website_url": "https://thehilloxford.org",
        "column_5": "",
        "phone": "",
        "column_7": "",
        "column_8": "http://www.linkedin.com/in/ianpinnell",
        "column_11": "http://www.linkedin.com/company/thehill",
        "column_12": "",
        "column_13": "",
        "column_27": "",
        "column_28": ""
      },
      {
        "company_name": "England",
        "website_url": "https://theloyaltyco.app",
        "column_5": "",
        "phone": "",
        "column_7": "",
        "column_8": "http://www.linkedin.com/in/lauren-rooney",
        "column_11": "http://www.linkedin.com/company/the-loyalty-co",
        "column_12": "",
        "column_13": "",
        "column_27": "",
        "column_28": ""
      },
      {
        "company_name": "England",
        "website_url": "https://theorem.com",
        "column_5": "",
        "phone": "35000000",
        "column_7": "",
        "column_8": "http://www.linkedin.com/in/john-wedrychowski-98aba73",
        "column_11": "http://www.linkedin.com/company/theorem-solutions",
        "column_12": "",
        "column_13": "https://twitter.com/TheoremSolution",
        "column_27": "",
        "column_28": ""
      },
      {
        "company_name": "United Kingdom",
        "website_url": "https://thetfordgardencentre.co.uk",
        "column_5": "emily@thetfordgardencentre.co.uk",
        "phone": "",
        "column_7": "",
        "column_8": "http://www.linkedin.com/in/emily-moss-2b029418",
        "column_11": "http://www.linkedin.com/company/thetford-garden-centre",
        "column_12": "",
        "column_13": "https://twitter.com/ThetfordGC",
        "column_27": "",
        "column_28": ""
      },
      {
        "company_name": "England",
        "website_url": "https://thomasjacks.co.uk",
        "column_5": "lee@thomasjacks.co.uk",
        "phone": "332000",
        "column_7": "",
        "column_8": "http://www.linkedin.com/in/lee-adams-aa92a5b2",
        "column_11": "http://www.linkedin.com/company/thomas-jacks-limited",
        "column_12": "https://facebook.com/ThomasJacksLimited",
        "column_13": "https://twitter.com/ThomasJacksLtd",
        "column_27": "",
        "column_28": ""
      },
      {
        "company_name": "England",
        "website_url": "https://tmemploymentlaw.co.uk",
        "column_5": "james.carmyllie@thomasmansfield.com",
        "phone": "",
        "column_7": "",
        "column_8": "http://www.linkedin.com/in/james-carmyllie-011680174",
        "column_11": "http://www.linkedin.com/company/thomasmansfield-llp",
        "column_12": "",
        "column_13": "",
        "column_27": "",
        "column_28": ""
      },
      {
        "company_name": "England",
        "website_url": "https://thomasstoner.co.uk",
        "column_5": "muazzam@thomasstoner.co.uk",
        "phone": "238000",
        "column_7": "",
        "column_8": "http://www.linkedin.com/in/muazzam-bashir-6a3ba3228",
        "column_11": "http://www.linkedin.com/company/thomas-stoner-supplies-limited",
        "column_12": "https://www.facebook.com/ThomasStonerSupplies/",
        "column_13": "https://twitter.com/TssSocial",
        "column_27": "",
        "column_28": ""
      },
      {
        "company_name": "England",
        "website_url": "https://thornsett.co.uk",
        "column_5": "",
        "phone": "61000",
        "column_7": "",
        "column_8": "http://www.linkedin.com/in/john-prendergast-100a5523",
        "column_11": "http://www.linkedin.com/company/thornsett",
        "column_12": "https://www.facebook.com/thornsett1",
        "column_13": "https://twitter.com/thornsettlondon",
        "column_27": "",
        "column_28": ""
      },
      {
        "company_name": "England",
        "website_url": "https://3dtraining.uk.com",
        "column_5": "abbie.yates@3dtraining.uk.com",
        "phone": "",
        "column_7": "",
        "column_8": "http://www.linkedin.com/in/abbie-yates-47a599109",
        "column_11": "http://www.linkedin.com/company/three-dimensional-training-limited",
        "column_12": "",
        "column_13": "",
        "column_27": "",
        "column_28": ""
      },
      {
        "company_name": "England",
        "website_url": "https://ticketlinesolutions.com",
        "column_5": "jimmy@ticketline.co.uk",
        "phone": "528000",
        "column_7": "",
        "column_8": "http://www.linkedin.com/in/jimmy-coultas-726b693b",
        "column_11": "http://www.linkedin.com/company/ticketline",
        "column_12": "https://www.facebook.com/Ticketline/",
        "column_13": "https://twitter.com/ticketline",
        "column_27": "",
        "column_28": ""
      },
      {
        "company_name": "England",
        "website_url": "https://timberplay.com",
        "column_5": "hannah@timberplay.com",
        "phone": "330000",
        "column_7": "",
        "column_8": "http://www.linkedin.com/in/hannah-deane-mcim-11bbb2174",
        "column_11": "http://www.linkedin.com/company/timberplay-ltd",
        "column_12": "https://www.facebook.com/TimberplayLimited",
        "column_13": "https://twitter.com/TimberplayLtd",
        "column_27": "",
        "column_28": ""
      },
      {
        "company_name": "England",
        "website_url": "https://timotayplayscapes.co.uk",
        "column_5": "",
        "phone": "457000",
        "column_7": "",
        "column_8": "http://www.linkedin.com/in/rebecca-white-806b9b158",
        "column_11": "http://www.linkedin.com/company/timotay-playscapes",
        "column_12": "https://facebook.com/TimotayPlayscapes",
        "column_13": "https://twitter.com/timotay_play",
        "column_27": "",
        "column_28": ""
      },
      {
        "company_name": "England",
        "website_url": "https://tiptontraining.co.uk",
        "column_5": "betht@tiptontraining.co.uk",
        "phone": "",
        "column_7": "",
        "column_8": "http://www.linkedin.com/in/beth-tipton-aa1295a6",
        "column_11": "http://www.linkedin.com/company/tipton-training-limited",
        "column_12": "https://www.facebook.com/tipton-training/",
        "column_13": "https://twitter.com/tiptontraining/",
        "column_27": "",
        "column_28": ""
      },
      {
        "company_name": "England",
        "website_url": "https://titan.org.uk",
        "column_5": "sean.bates@titan.org.uk",
        "phone": "4465000",
        "column_7": "",
        "column_8": "http://www.linkedin.com/in/sean-bates-b2766a136",
        "column_11": "http://www.linkedin.com/company/titanbirmingham",
        "column_12": "https://www.facebook.com/TitanBirmingham",
        "column_13": "https://twitter.com/titanbirmingham",
        "column_27": "",
        "column_28": ""
      },
      {
        "company_name": "England",
        "website_url": "https://tkpg.co.uk",
        "column_5": "katie@tkpg.co.uk",
        "phone": "",
        "column_7": "",
        "column_8": "http://www.linkedin.com/in/katieclare7",
        "column_11": "http://www.linkedin.com/company/tk-property-group",
        "column_12": "https://www.facebook.com/tkpropertygroup/",
        "column_13": "",
        "column_27": "",
        "column_28": ""
      },
      {
        "company_name": "England",
        "website_url": "https://tlpi.co.uk",
        "column_5": "della.paviour@thelandlordspension.co.uk",
        "phone": "",
        "column_7": "",
        "column_8": "http://www.linkedin.com/in/dellapaviour",
        "column_11": "http://www.linkedin.com/company/tlpi",
        "column_12": "https://facebook.com/thelandlordspension",
        "column_13": "https://twitter.com/LandlordPension",
        "column_27": "",
        "column_28": ""
      },
      {
        "company_name": "Scotland",
        "website_url": "https://tms-scotland.com",
        "column_5": "callum.penman@tmscadcentre.com",
        "phone": "13654000",
        "column_7": "",
        "column_8": "http://www.linkedin.com/in/callum-penman-9328b81ab",
        "column_11": "http://www.linkedin.com/company/thom-micro",
        "column_12": "https://facebook.com/thommicro",
        "column_13": "https://twitter.com/thom_micro",
        "column_27": "",
        "column_28": ""
      },
      {
        "company_name": "England",
        "website_url": "https://toca.io",
        "column_5": "keith.sutton@toca.io",
        "phone": "",
        "column_7": "",
        "column_8": "http://www.linkedin.com/in/deliveringlowcodetransformations",
        "column_11": "http://www.linkedin.com/company/tocaio",
        "column_12": "",
        "column_13": "",
        "column_27": "",
        "column_28": ""
      },
      {
        "company_name": "England",
        "website_url": "https://toffeln.com",
        "column_5": "",
        "phone": "",
        "column_7": "",
        "column_8": "http://www.linkedin.com/in/harveyleflaive",
        "column_11": "http://www.linkedin.com/company/toffeln",
        "column_12": "",
        "column_13": "https://twitter.com/toffelnfootwear",
        "column_27": "",
        "column_28": ""
      },
      {
        "company_name": "England",
        "website_url": "https://toffeln.com",
        "column_5": "james.rogers@toffeln.com",
        "phone": "",
        "column_7": "",
        "column_8": "http://www.linkedin.com/in/jrogers1981",
        "column_11": "http://www.linkedin.com/company/toffeln",
        "column_12": "",
        "column_13": "https://twitter.com/toffelnfootwear",
        "column_27": "",
        "column_28": ""
      },
      {
        "company_name": "England",
        "website_url": "https://top-offer.co",
        "column_5": "",
        "phone": "",
        "column_7": "",
        "column_8": "http://www.linkedin.com/in/chang-liu-078a09223",
        "column_11": "http://www.linkedin.com/company/top-offer-academy-limited",
        "column_12": "",
        "column_13": "",
        "column_27": "",
        "column_28": ""
      },
      {
        "company_name": "United Kingdom",
        "website_url": "https://top-quote.co.uk",
        "column_5": "jack.hanlon@topquote.uk.com",
        "phone": "",
        "column_7": "",
        "column_8": "http://www.linkedin.com/in/jack-hanlon-0ba275180",
        "column_11": "http://www.linkedin.com/company/topquoteuk",
        "column_12": "",
        "column_13": "https://twitter.com/topquoteinsure",
        "column_27": "",
        "column_28": ""
      },
      {
        "company_name": "1 706-553-7659",
        "website_url": "https://totterandtumble.com",
        "column_5": "claire@totterandtumble.co.uk",
        "phone": "",
        "column_7": "",
        "column_8": "http://www.linkedin.com/in/claire-mullan-55b77923",
        "column_11": "http://www.linkedin.com/company/totter-and-tumble",
        "column_12": "",
        "column_13": "",
        "column_27": "",
        "column_28": ""
      },
      {
        "company_name": "England",
        "website_url": "https://touchwoodplay.com",
        "column_5": "emma.jones@touchwoodplay.co.uk",
        "phone": "",
        "column_7": "",
        "column_8": "http://www.linkedin.com/in/emma-jones-45a6a8121",
        "column_11": "http://www.linkedin.com/company/touchwood-play",
        "column_12": "https://www.facebook.com/touchwoodplay/",
        "column_13": "",
        "column_27": "",
        "column_28": ""
      },
      {
        "company_name": "Cardiff",
        "website_url": "https://tramshedtech.co.uk",
        "column_5": "Marketing & Brand",
        "phone": "44 29 2010 3090",
        "column_7": "+44 7538 746214",
        "column_8": "",
        "column_11": "information technology & services",
        "column_12": "http://www.linkedin.com/company/tramshed-tech",
        "column_13": "https://facebook.com/tramshedtech",
        "column_27": "",
        "column_28": ""
      },
      {
        "company_name": "Wales",
        "website_url": "https://tramshedtech.co.uk",
        "column_5": "maria@tramshedtech.co.uk",
        "phone": "",
        "column_7": "",
        "column_8": "http://www.linkedin.com/in/maria-prendiville",
        "column_11": "http://www.linkedin.com/company/tramshed-tech",
        "column_12": "https://facebook.com/tramshedtech",
        "column_13": "https://twitter.com/tramshedtech",
        "column_27": "",
        "column_28": ""
      },
      {
        "company_name": "England",
        "website_url": "https://transvault.com",
        "column_5": "mimoza.hember@transvault.com",
        "phone": "5500000",
        "column_7": "",
        "column_8": "http://www.linkedin.com/in/mimozahember",
        "column_11": "http://www.linkedin.com/company/transvault",
        "column_12": "",
        "column_13": "https://twitter.com/TransVault",
        "column_27": "",
        "column_28": ""
      },
      {
        "company_name": "United Kingdom",
        "website_url": "https://treeaccountancy.co.uk",
        "column_5": "abigail.brooks@treeaccountancy.co.uk",
        "phone": "",
        "column_7": "",
        "column_8": "http://www.linkedin.com/in/abigail-brooks-514441169",
        "column_11": "http://www.linkedin.com/company/tree-accountancy",
        "column_12": "https://facebook.com/tree-financial-services-limited-1030670093686365",
        "column_13": "https://twitter.com/treeaccountancy",
        "column_27": "",
        "column_28": ""
      },
      {
        "company_name": "England",
        "website_url": "https://tribusdigital.com",
        "column_5": "oliver.blackburn@tribusdigital.com",
        "phone": "",
        "column_7": "",
        "column_8": "http://www.linkedin.com/in/oliver-blackburn-a49640a0",
        "column_11": "http://www.linkedin.com/company/tribus-digital",
        "column_12": "",
        "column_13": "https://twitter.com/tribus_digital",
        "column_27": "",
        "column_28": ""
      },
      {
        "company_name": "England",
        "website_url": "https://trilbytv.co.uk",
        "column_5": "suzanna@trilbytv.co.uk",
        "phone": "462000",
        "column_7": "",
        "column_8": "http://www.linkedin.com/in/suzanna-taylor",
        "column_11": "http://www.linkedin.com/company/trilbytv",
        "column_12": "https://facebook.com/trilbytv",
        "column_13": "https://twitter.com/trilbytv",
        "column_27": "",
        "column_28": ""
      },
      {
        "company_name": "England",
        "website_url": "https://grm-consulting.co.uk",
        "column_5": "sarah@grm-consulting.co.uk",
        "phone": "",
        "column_7": "",
        "column_8": "http://www.linkedin.com/in/sarah-gambling-0a402148",
        "column_11": "http://www.linkedin.com/company/trimech-simulation-solutions",
        "column_12": "https://facebook.com/grmconsulting",
        "column_13": "https://twitter.com/grmconsulting",
        "column_27": "",
        "column_28": ""
      },
      {
        "company_name": "England",
        "website_url": "https://trinitatum.com",
        "column_5": "helen.hurley@trinitatum.com",
        "phone": "",
        "column_7": "",
        "column_8": "http://www.linkedin.com/in/helen-hurley-76935920",
        "column_11": "http://www.linkedin.com/company/trinitatum",
        "column_12": "",
        "column_13": "",
        "column_27": "",
        "column_28": ""
      },
      {
        "company_name": "England",
        "website_url": "https://trstrainingltd.com",
        "column_5": "pavlina@trstrainingltd.com",
        "phone": "",
        "column_7": "",
        "column_8": "http://www.linkedin.com/in/pavlinakiakides",
        "column_11": "http://www.linkedin.com/company/trs-training-limited",
        "column_12": "",
        "column_13": "",
        "column_27": "",
        "column_28": ""
      },
      {
        "company_name": "United Kingdom",
        "website_url": "https://trufflesf.co.uk",
        "column_5": "",
        "phone": "",
        "column_7": "",
        "column_8": "http://www.linkedin.com/in/david-swattridge-67660933",
        "column_11": "http://www.linkedin.com/company/trufflesf",
        "column_12": "",
        "column_13": "https://twitter.com/pinkpigloans",
        "column_27": "",
        "column_28": ""
      },
      {
        "company_name": "United Kingdom",
        "website_url": "https://trufflesf.co.uk",
        "column_5": "shannon@trufflesf.co.uk",
        "phone": "",
        "column_7": "",
        "column_8": "http://www.linkedin.com/in/shannon-ryan-79269b108",
        "column_11": "http://www.linkedin.com/company/trufflesf",
        "column_12": "",
        "column_13": "https://twitter.com/pinkpigloans",
        "column_27": "",
        "column_28": ""
      },
      {
        "company_name": "England",
        "website_url": "https://truffleshuffle.co.uk",
        "column_5": "simon@truffleshuffle.co.uk",
        "phone": "5964000",
        "column_7": "",
        "column_8": "http://www.linkedin.com/in/simon-western-42a13034",
        "column_11": "http://www.linkedin.com/company/truffleshuffle.com",
        "column_12": "http://www.facebook.com/TruffleShuffleCom",
        "column_13": "https://twitter.com/truffleshuffle_",
        "column_27": "",
        "column_28": ""
      },
      {
        "company_name": "Trustkeith",
        "website_url": "https://trustkeith.co",
        "column_5": "annabelle@trustkeith.co",
        "phone": "",
        "column_7": "",
        "column_8": "http://www.linkedin.com/in/annabelle-ilsley",
        "column_11": "http://www.linkedin.com/company/trustkeith",
        "column_12": "",
        "column_13": "",
        "column_27": "",
        "column_28": ""
      },
      {
        "company_name": "Royal Leamington Spa",
        "website_url": "https://trustpet.co.uk",
        "column_5": "Marketing",
        "phone": "44 1926 495201",
        "column_7": "+44 7872 131280",
        "column_8": "",
        "column_11": "wholesale",
        "column_12": "http://www.linkedin.com/company/trust-pet-products-limited",
        "column_13": "",
        "column_27": "",
        "column_28": ""
      },
      {
        "company_name": "England",
        "website_url": "https://turneylandscapes.co.uk",
        "column_5": "ken@turneylandscapes.co.uk",
        "phone": "",
        "column_7": "",
        "column_8": "http://www.linkedin.com/in/ken-woolley-a64065b5",
        "column_11": "http://www.linkedin.com/company/turney-landscapes",
        "column_12": "https://www.facebook.com/TurneyLandscapes",
        "column_13": "https://twitter.com/turneys_ltd",
        "column_27": "",
        "column_28": ""
      },
      {
        "company_name": "England",
        "website_url": "https://turneylandscapes.co.uk",
        "column_5": "",
        "phone": "",
        "column_7": "",
        "column_8": "http://www.linkedin.com/in/clare-poole-0478436a",
        "column_11": "http://www.linkedin.com/company/turney-landscapes",
        "column_12": "https://www.facebook.com/TurneyLandscapes",
        "column_13": "https://twitter.com/turneys_ltd",
        "column_27": "",
        "column_28": ""
      },
      {
        "company_name": "United Kingdom",
        "website_url": "https://proppro.net",
        "column_5": "",
        "phone": "",
        "column_7": "",
        "column_8": "http://www.linkedin.com/in/uk-pp-06003936",
        "column_11": "http://www.linkedin.com/company/uk-property-professionals",
        "column_12": "",
        "column_13": "",
        "column_27": "",
        "column_28": ""
      },
      {
        "company_name": "England",
        "website_url": "https://underconstruction.co.uk",
        "column_5": "",
        "phone": "",
        "column_7": "",
        "column_8": "http://www.linkedin.com/in/victoria-walsh-289103226",
        "column_11": "http://www.linkedin.com/company/underconstructionapp",
        "column_12": "https://www.facebook.com/uConstructionApp/",
        "column_13": "https://twitter.com/_UConstruction_",
        "column_27": "",
        "column_28": ""
      },
      {
        "company_name": "44 122 330 0264",
        "website_url": "https://undo.io",
        "column_5": "llotfi@undo.io",
        "phone": "",
        "column_7": "",
        "column_8": "http://www.linkedin.com/in/laila-lotfi",
        "column_11": "http://www.linkedin.com/company/undo-io",
        "column_12": "https://facebook.com/Undo.Soft/?fref=ts",
        "column_13": "https://twitter.com/undo_io",
        "column_27": "",
        "column_28": ""
      },
      {
        "company_name": "44 122 330 0264",
        "website_url": "https://undo.io",
        "column_5": "skinglivesey@undo.io",
        "phone": "",
        "column_7": "",
        "column_8": "http://www.linkedin.com/in/sharonkinglivesey",
        "column_11": "http://www.linkedin.com/company/undo-io",
        "column_12": "https://facebook.com/Undo.Soft/?fref=ts",
        "column_13": "https://twitter.com/undo_io",
        "column_27": "",
        "column_28": ""
      },
      {
        "company_name": "England",
        "website_url": "https://unicourse.org",
        "column_5": "",
        "phone": "",
        "column_7": "",
        "column_8": "http://www.linkedin.com/in/bethany-cliff-138b47242",
        "column_11": "http://www.linkedin.com/company/unicourselimited",
        "column_12": "",
        "column_13": "",
        "column_27": "",
        "column_28": ""
      },
      {
        "company_name": "England",
        "website_url": "https://unified.co",
        "column_5": "alex@unified.co",
        "phone": "351000",
        "column_7": "",
        "column_8": "http://www.linkedin.com/in/alex1707",
        "column_11": "http://www.linkedin.com/company/unifiedco",
        "column_12": "https://facebook.com/logicspot",
        "column_13": "https://twitter.com/unified_ldn",
        "column_27": "",
        "column_28": ""
      },
      {
        "company_name": "England",
        "website_url": "https://unified.co",
        "column_5": "tim@unified.co",
        "phone": "351000",
        "column_7": "",
        "column_8": "http://www.linkedin.com/in/tim-hamstead-43460328",
        "column_11": "http://www.linkedin.com/company/unifiedco",
        "column_12": "https://facebook.com/logicspot",
        "column_13": "https://twitter.com/unified_ldn",
        "column_27": "",
        "column_28": ""
      },
      {
        "company_name": "England",
        "website_url": "https://yourlsp.com",
        "column_5": "",
        "phone": "",
        "column_7": "",
        "column_8": "http://www.linkedin.com/in/mikelarosa2",
        "column_11": "http://www.linkedin.com/company/uol-food",
        "column_12": "",
        "column_13": "",
        "column_27": "",
        "column_28": ""
      },
      {
        "company_name": "44 137 388 7289",
        "website_url": "https://untoldliving.com",
        "column_5": "lex.cumber@untoldliving.com",
        "phone": "",
        "column_7": "",
        "column_8": "http://www.linkedin.com/in/lex-cumber-72054721",
        "column_11": "http://www.linkedin.com/company/untold-living",
        "column_12": "",
        "column_13": "",
        "column_27": "",
        "column_28": ""
      },
      {
        "company_name": "44 20 3621 2447",
        "website_url": "https://urbanintelligence.co.uk",
        "column_5": "sarah@urbanintelligence.co.uk",
        "phone": "",
        "column_7": "",
        "column_8": "http://www.linkedin.com/in/sarahlmb",
        "column_11": "http://www.linkedin.com/company/urbanintelligenceuk",
        "column_12": "",
        "column_13": "http://twitter.com/@urbaninteluk",
        "column_27": "",
        "column_28": ""
      },
      {
        "company_name": "Scotland",
        "website_url": "https://urbanunionltd.co.uk",
        "column_5": "kirsty.robertson@urbanunionltd.co.uk",
        "phone": "",
        "column_7": "",
        "column_8": "http://www.linkedin.com/in/kirsty-parry-87216436",
        "column_11": "http://www.linkedin.com/company/urban-union",
        "column_12": "https://www.facebook.com/UrbanUnionScotland",
        "column_13": "https://twitter.com/urbanunionltd",
        "column_27": "",
        "column_28": ""
      },
      {
        "company_name": "England",
        "website_url": "https://ustwogames.co.uk",
        "column_5": "jamie@ustwo.com",
        "phone": "9000000",
        "column_7": "",
        "column_8": "http://www.linkedin.com/in/jamie-w-ba045359",
        "column_11": "http://www.linkedin.com/company/ustwo-games",
        "column_12": "https://facebook.com/monumentvalleygame",
        "column_13": "https://twitter.com/ustwogames",
        "column_27": "",
        "column_28": ""
      },
      {
        "company_name": "United Kingdom",
        "website_url": "https://utopi.co.uk",
        "column_5": "chanel.turner-ross@utopi.co.uk",
        "phone": "",
        "column_7": "",
        "column_8": "http://www.linkedin.com/in/chanelturner89",
        "column_11": "http://www.linkedin.com/company/utopi-ltd",
        "column_12": "",
        "column_13": "https://twitter.com/Utopi_ESG",
        "column_27": "",
        "column_28": ""
      },
      {
        "company_name": "United Kingdom",
        "website_url": "https://utranazz.com",
        "column_5": "suzy@utranazz.com",
        "phone": "",
        "column_7": "",
        "column_8": "http://www.linkedin.com/in/suzy-wiseman-b615672",
        "column_11": "http://www.linkedin.com/company/utranazz",
        "column_12": "https://en-gb.facebook.com/pages/Utranazz-Concrete-Equipment-Specialists/160581020635507",
        "column_13": "",
        "column_27": "",
        "column_28": ""
      },
      {
        "company_name": "Garforth",
        "website_url": "https://uwm.co.uk",
        "column_5": "Credit Controller & Marketing Assistant at UWM Accountants",
        "phone": "44 113 231 0202",
        "column_7": "",
        "column_8": "",
        "column_11": "accounting",
        "column_12": "http://www.linkedin.com/company/uwm-accountants",
        "column_13": "https://www.facebook.com/UWMAccountants/",
        "column_27": "",
        "column_28": ""
      },
      {
        "company_name": "Valentte",
        "website_url": "https://valentte.com",
        "column_5": "",
        "phone": "",
        "column_7": "",
        "column_8": "http://www.linkedin.com/in/olivia-skinner-a1857845",
        "column_11": "http://www.linkedin.com/company/valentte-london",
        "column_12": "",
        "column_13": "https://twitter.com/lukebream",
        "column_27": "",
        "column_28": ""
      },
      {
        "company_name": "United Kingdom",
        "website_url": "https://valloop.com",
        "column_5": "ewilliamson@valloop.com",
        "phone": "",
        "column_7": "",
        "column_8": "http://www.linkedin.com/in/emmawilliamson1",
        "column_11": "http://www.linkedin.com/company/valloopemployeeownership",
        "column_12": "",
        "column_13": "",
        "column_27": "",
        "column_28": ""
      },
      {
        "company_name": "United Kingdom",
        "website_url": "https://vaultdata.io",
        "column_5": "",
        "phone": "",
        "column_7": "",
        "column_8": "http://www.linkedin.com/in/holly-mcgeown",
        "column_11": "http://www.linkedin.com/company/vaultdata",
        "column_12": "",
        "column_13": "",
        "column_27": "",
        "column_28": ""
      },
      {
        "company_name": "England",
        "website_url": "https://vcreate.tv",
        "column_5": "francesca.hazel@vcreate.tv",
        "phone": "",
        "column_7": "",
        "column_8": "http://www.linkedin.com/in/francesca-hazel-b1176592",
        "column_11": "http://www.linkedin.com/company/vcreate",
        "column_12": "https://facebook.com/vcreate",
        "column_13": "https://twitter.com/vcreatevideo",
        "column_27": "",
        "column_28": ""
      },
      {
        "company_name": "England",
        "website_url": "https://venn.careers",
        "column_5": "connor.burgess@venndigital.co.uk",
        "phone": "7500000",
        "column_7": "",
        "column_8": "http://www.linkedin.com/in/connor-burgess-333521118",
        "column_11": "http://www.linkedin.com/company/venn-digital",
        "column_12": "https://www.facebook.com/people/Venncareers/61581832771391/",
        "column_13": "https://twitter.com/venndigital",
        "column_27": "",
        "column_28": ""
      },
      {
        "company_name": "United Kingdom",
        "website_url": "https://veproconsulting.com",
        "column_5": "janina.vonenckevort@vepro.info",
        "phone": "",
        "column_7": "",
        "column_8": "http://www.linkedin.com/in/janina-von-enckevort-ba330013b",
        "column_11": "http://www.linkedin.com/company/ve-pro-ltd-",
        "column_12": "",
        "column_13": "",
        "column_27": "",
        "column_28": ""
      },
      {
        "company_name": "Versori",
        "website_url": "https://versori.com",
        "column_5": "sophie@versori.com",
        "phone": "",
        "column_7": "",
        "column_8": "http://www.linkedin.com/in/sophie-burgess-331785196",
        "column_11": "http://www.linkedin.com/company/useversori",
        "column_12": "",
        "column_13": "",
        "column_27": "",
        "column_28": ""
      },
      {
        "company_name": "England",
        "website_url": "https://versuslaw.co.uk",
        "column_5": "sc@versuslaw.co.uk",
        "phone": "",
        "column_7": "",
        "column_8": "http://www.linkedin.com/in/saime-choudhry-106b242a5",
        "column_11": "http://www.linkedin.com/company/versus-law",
        "column_12": "https://www.facebook.com/versuslawsolicitors/",
        "column_13": "https://twitter.com/versus_law",
        "column_27": "",
        "column_28": ""
      },
      {
        "company_name": "England",
        "website_url": "https://vertexaccess.co.uk",
        "column_5": "",
        "phone": "72000",
        "column_7": "",
        "column_8": "http://www.linkedin.com/in/emmavertex",
        "column_11": "http://www.linkedin.com/company/vertex-access",
        "column_12": "https://www.facebook.com/vertexaccess/",
        "column_13": "https://twitter.com/VertexAccess",
        "column_27": "",
        "column_28": ""
      },
      {
        "company_name": "England",
        "website_url": "https://views.co.uk",
        "column_5": "tiffany.chevis@views.co.uk",
        "phone": "",
        "column_7": "",
        "column_8": "http://www.linkedin.com/in/tiffany-chevis",
        "column_11": "http://www.linkedin.com/company/viewsre",
        "column_12": "",
        "column_13": "",
        "column_27": "no answer",
        "column_28": ""
      },
      {
        "company_name": "England",
        "website_url": "https://vinci-energies.co.uk",
        "column_5": "fisher.david@vinci-energies.co.uk",
        "phone": "",
        "column_7": "",
        "column_8": "http://www.linkedin.com/in/david-fisher-7b489499",
        "column_11": "http://www.linkedin.com/company/vinci-energies-uk",
        "column_12": "",
        "column_13": "http://twitter.com/VINCIEnergiesUK",
        "column_27": "",
        "column_28": ""
      },
      {
        "company_name": "Askvinny",
        "website_url": "https://askvinny.com",
        "column_5": "",
        "phone": "",
        "column_7": "",
        "column_8": "http://www.linkedin.com/in/ian06",
        "column_11": "http://www.linkedin.com/company/askvinny",
        "column_12": "",
        "column_13": "",
        "column_27": "",
        "column_28": ""
      },
      {
        "company_name": "England",
        "website_url": "https://virtualrealityexp.co.uk",
        "column_5": "james@virtualrealityexp.co.uk",
        "phone": "",
        "column_7": "",
        "column_8": "http://www.linkedin.com/in/james-fraser-152887173",
        "column_11": "http://www.linkedin.com/company/virtual-reality-experiences-international",
        "column_12": "",
        "column_13": "",
        "column_27": "",
        "column_28": ""
      },
      {
        "company_name": "United Kingdom",
        "website_url": "https://virtually-there.net",
        "column_5": "paul@virtually-there.net",
        "phone": "",
        "column_7": "",
        "column_8": "http://www.linkedin.com/in/paulsandquest",
        "column_11": "http://www.linkedin.com/company/virtually-there-uk",
        "column_12": "",
        "column_13": "",
        "column_27": "",
        "column_28": ""
      },
      {
        "company_name": "44 143 894 0830",
        "website_url": "https://virtualspeech.com",
        "column_5": "",
        "phone": "",
        "column_7": "",
        "column_8": "http://www.linkedin.com/in/danielodowd00",
        "column_11": "http://www.linkedin.com/company/virtualspeech",
        "column_12": "https://www.facebook.com/virtualspeech/",
        "column_13": "https://twitter.com/vrspeech",
        "column_27": "",
        "column_28": ""
      },
      {
        "company_name": "44 118 979 7904",
        "website_url": "https://vision4ce.com",
        "column_5": "",
        "phone": "",
        "column_7": "",
        "column_8": "http://www.linkedin.com/in/karam-pentland-79763095",
        "column_11": "http://www.linkedin.com/company/vision4ce-ltd",
        "column_12": "",
        "column_13": "",
        "column_27": "",
        "column_28": ""
      },
      {
        "company_name": "44 114 433 3000",
        "website_url": "https://visitingangelsfranchise.co.uk",
        "column_5": "ssingh@visiting-angels.co.uk",
        "phone": "",
        "column_7": "",
        "column_8": "http://www.linkedin.com/in/sana-singh-bbb594128",
        "column_11": "http://www.linkedin.com/company/visitingangelsuk",
        "column_12": "",
        "column_13": "",
        "column_27": "",
        "column_28": ""
      },
      {
        "company_name": "44 114 433 3000",
        "website_url": "https://visitingangelsfranchise.co.uk",
        "column_5": "victoria.wood@uk.rlb.com",
        "phone": "",
        "column_7": "",
        "column_8": "http://www.linkedin.com/in/victoriaewood88",
        "column_11": "http://www.linkedin.com/company/visitingangelsuk",
        "column_12": "",
        "column_13": "",
        "column_27": "",
        "column_28": ""
      },
      {
        "company_name": "Scotland",
        "website_url": "https://visualmanagementsystems.net",
        "column_5": "janis.main@vmsuk.com",
        "phone": "",
        "column_7": "",
        "column_8": "http://www.linkedin.com/in/janis-main-7a1b5541",
        "column_11": "http://www.linkedin.com/company/visual-management-systems-limited",
        "column_12": "",
        "column_13": "",
        "column_27": "",
        "column_28": ""
      },
      {
        "company_name": "England",
        "website_url": "https://vivalda.co.uk",
        "column_5": "",
        "phone": "13700000",
        "column_7": "",
        "column_8": "http://www.linkedin.com/in/melissa-johnston-919a9a6b",
        "column_11": "http://www.linkedin.com/company/vivalda-group",
        "column_12": "https://facebook.com/pages/Vivalda/135055803175488",
        "column_13": "https://twitter.com/VivaldaLimited",
        "column_27": "",
        "column_28": ""
      },
      {
        "company_name": "England",
        "website_url": "https://voyageur.co.uk",
        "column_5": "",
        "phone": "21308000",
        "column_7": "",
        "column_8": "http://www.linkedin.com/in/marinalopezbracey",
        "column_11": "http://www.linkedin.com/company/voyageur-group",
        "column_12": "",
        "column_13": "",
        "column_27": "",
        "column_28": ""
      },
      {
        "company_name": "Scotland",
        "website_url": "https://vtecsolutions.co.uk",
        "column_5": "keri@vtecsolutions.co.uk",
        "phone": "2300000",
        "column_7": "",
        "column_8": "http://www.linkedin.com/in/keri-murphy-3337a2186",
        "column_11": "http://www.linkedin.com/company/vtecsolutions",
        "column_12": "https://www.facebook.com/vtecsolutionsUK/",
        "column_13": "https://twitter.com/VtecSolutions",
        "column_27": "",
        "column_28": ""
      },
      {
        "company_name": "England",
        "website_url": "https://vtime.net",
        "column_5": "vicky@vtime.net",
        "phone": "1000000",
        "column_7": "",
        "column_8": "http://www.linkedin.com/in/vickyroberts81",
        "column_11": "http://www.linkedin.com/company/vtime",
        "column_12": "https://www.facebook.com/vTimeNet",
        "column_13": "http://twitter.com/@vTimeNet",
        "column_27": "",
        "column_28": ""
      },
      {
        "company_name": "England",
        "website_url": "https://vytahealth.com",
        "column_5": "rachel.clark@vytahealth.com",
        "phone": "",
        "column_7": "",
        "column_8": "http://www.linkedin.com/in/rachelsweetingclark",
        "column_11": "http://www.linkedin.com/company/vytahealth",
        "column_12": "",
        "column_13": "",
        "column_27": "",
        "column_28": ""
      },
      {
        "company_name": "England",
        "website_url": "https://wac.rocks",
        "column_5": "eden@wac.rocks",
        "phone": "",
        "column_7": "",
        "column_8": "http://www.linkedin.com/in/edenheath",
        "column_11": "http://www.linkedin.com/company/downloadwac",
        "column_12": "",
        "column_13": "",
        "column_27": "",
        "column_28": ""
      },
      {
        "company_name": "England",
        "website_url": "https://waib.co.uk",
        "column_5": "lauren.rennie@waib.co.uk",
        "phone": "",
        "column_7": "",
        "column_8": "http://www.linkedin.com/in/lauren-rennie-ab1351186",
        "column_11": "http://www.linkedin.com/company/wentworth-alexander-ltd",
        "column_12": "",
        "column_13": "",
        "column_27": "",
        "column_28": ""
      },
      {
        "company_name": "England",
        "website_url": "https://watcho.co.uk",
        "column_5": "",
        "phone": "77000",
        "column_7": "",
        "column_8": "http://www.linkedin.com/in/pratik-parekh-53976069",
        "column_11": "http://www.linkedin.com/company/watcho",
        "column_12": "https://facebook.com/WatchO.Retail",
        "column_13": "https://twitter.com/WatchO_Retail",
        "column_27": "",
        "column_28": ""
      },
      {
        "company_name": "England",
        "website_url": "https://wealthclub.co.uk",
        "column_5": "marta.caricato@wealthclub.co.uk",
        "phone": "7500000",
        "column_7": "",
        "column_8": "http://www.linkedin.com/in/martacaricato",
        "column_11": "http://www.linkedin.com/company/wealth-club-ltd",
        "column_12": "",
        "column_13": "https://twitter.com/WealthClubUK",
        "column_27": "",
        "column_28": ""
      },
      {
        "company_name": "England",
        "website_url": "https://wealthclub.co.uk",
        "column_5": "alyssa.francisco@wealthclub.co.uk",
        "phone": "7500000",
        "column_7": "",
        "column_8": "http://www.linkedin.com/in/alyssa-mae-arianne-francisco-b7b0b41a6",
        "column_11": "http://www.linkedin.com/company/wealth-club-ltd",
        "column_12": "",
        "column_13": "https://twitter.com/WealthClubUK",
        "column_27": "",
        "column_28": ""
      },
      {
        "company_name": "England",
        "website_url": "https://webtrends-optimize.com",
        "column_5": "Marketing",
        "phone": "",
        "column_7": "+44 1784 415750",
        "column_8": "",
        "column_11": "information technology & services",
        "column_12": "http://www.linkedin.com/company/webtrends-optimize",
        "column_13": "https://www.facebook.com/WTOptimize",
        "column_27": "",
        "column_28": ""
      },
      {
        "company_name": "44 783 134 2108",
        "website_url": "https://weuno.com",
        "column_5": "",
        "phone": "",
        "column_7": "",
        "column_8": "http://www.linkedin.com/in/areeha-hussain-a056071b1",
        "column_11": "http://www.linkedin.com/company/weuno-agency",
        "column_12": "",
        "column_13": "",
        "column_27": "",
        "column_28": ""
      },
      {
        "company_name": "England",
        "website_url": "https://wharfstreetstrategies.com",
        "column_5": "",
        "phone": "",
        "column_7": "",
        "column_8": "http://www.linkedin.com/in/sarah-p-102018201",
        "column_11": "http://www.linkedin.com/company/wharfstreetstrategiesltd",
        "column_12": "",
        "column_13": "",
        "column_27": "",
        "column_28": ""
      },
      {
        "company_name": "England",
        "website_url": "https://white-knight.co.uk",
        "column_5": "nickyc@white-knight.co.uk",
        "phone": "3283000",
        "column_7": "",
        "column_8": "http://www.linkedin.com/in/nicky-clark-c-17b0b666",
        "column_11": "http://www.linkedin.com/company/white-knight-rental-services",
        "column_12": "https://facebook.com/pages/White-Knight-Laundry-Services-Ltd/226929444019726",
        "column_13": "https://twitter.com/whiteknightlaun",
        "column_27": "",
        "column_28": ""
      },
      {
        "company_name": "Scotland",
        "website_url": "https://whiteburn.co.uk",
        "column_5": "Marketing and Office Manager",
        "phone": "",
        "column_7": "+44 79 6676 3085",
        "column_8": "",
        "column_11": "real estate",
        "column_12": "http://www.linkedin.com/company/whiteburn",
        "column_13": "https://www.facebook.com/WhiteburnHQ/",
        "column_27": "",
        "column_28": ""
      },
      {
        "company_name": "England",
        "website_url": "https://wildspiritglobal.com",
        "column_5": "",
        "phone": "",
        "column_7": "",
        "column_8": "http://www.linkedin.com/in/megija-anna-cekule-meggie",
        "column_11": "http://www.linkedin.com/company/wild-spirit-global",
        "column_12": "",
        "column_13": "",
        "column_27": "",
        "column_28": ""
      },
      {
        "company_name": "United Kingdom",
        "website_url": "https://thesmithfoundation.org.uk",
        "column_5": "Marketing and Events Manager",
        "phone": "",
        "column_7": "+44 78 2455 7236",
        "column_8": "",
        "column_11": "education management",
        "column_12": "http://www.linkedin.com/company/william-henry-smith-foundation",
        "column_13": "",
        "column_27": "",
        "column_28": ""
      },
      {
        "company_name": "England",
        "website_url": "https://williamsswltd.co.uk",
        "column_5": "r.johnson@williamsswltd.co.uk",
        "phone": "",
        "column_7": "",
        "column_8": "http://www.linkedin.com/in/rhiannon-johnson-923498371",
        "column_11": "http://www.linkedin.com/company/williams-plumbing-heating-sw-ltd",
        "column_12": "https://www.facebook.com/williamssouthwestlimited/",
        "column_13": "",
        "column_27": "",
        "column_28": ""
      },
      {
        "company_name": "United Kingdom",
        "website_url": "https://wilsonfield.co.uk",
        "column_5": "",
        "phone": "VM",
        "column_7": "",
        "column_8": "http://www.linkedin.com/in/phil-meekin-022512a",
        "column_11": "http://www.linkedin.com/company/wilson-field",
        "column_12": "https://www.facebook.com/wilsonfieldltd",
        "column_13": "https://twitter.com/Wilson_Field",
        "column_27": "",
        "column_28": ""
      },
      {
        "company_name": "Birmingham",
        "website_url": "https://winman.com",
        "column_5": "ERP Software",
        "phone": "44 121 749 8050",
        "column_7": "+44 772 089 8447",
        "column_8": "",
        "column_11": "information technology & services",
        "column_12": "http://www.linkedin.com/company/winman-erp-software",
        "column_13": "https://www.facebook.com/winmanerp",
        "column_27": "3200000",
        "column_28": ""
      },
      {
        "company_name": "England",
        "website_url": "https://winpure.com",
        "column_5": "farah.kim@winpure.com",
        "phone": "",
        "column_7": "",
        "column_8": "http://www.linkedin.com/in/farahkim",
        "column_11": "http://www.linkedin.com/company/winpure",
        "column_12": "https://facebook.com/WinPure",
        "column_13": "https://twitter.com/winpure",
        "column_27": "",
        "column_28": ""
      },
      {
        "company_name": "England",
        "website_url": "https://winsoreducation.org.uk",
        "column_5": "",
        "phone": "",
        "column_7": "",
        "column_8": "http://www.linkedin.com/in/jack-hampson-child-9ab99522b",
        "column_11": "http://www.linkedin.com/company/winsor-education",
        "column_12": "https://www.facebook.com/WinsorEducation/",
        "column_13": "https://twitter.com/WinsorEducation",
        "column_27": "",
        "column_28": ""
      },
      {
        "company_name": "United Kingdom",
        "website_url": "https://wiselivinghomes.co.uk",
        "column_5": "georgia.davies@wiselivinghomes.co.uk",
        "phone": "",
        "column_7": "",
        "column_8": "http://www.linkedin.com/in/georgia-davies-15a826203",
        "column_11": "http://www.linkedin.com/company/wise-living",
        "column_12": "https://www.facebook.com/wiselivinghomes/",
        "column_13": "https://twitter.com/WiseLivingHomes",
        "column_27": "",
        "column_28": ""
      },
      {
        "company_name": "Wiseupnetworks",
        "website_url": "https://wiseupnetworks.com",
        "column_5": "maddie.mcardle@wiseupnetworks.com",
        "phone": "",
        "column_7": "",
        "column_8": "http://www.linkedin.com/in/maddie-mcardle-511242103",
        "column_11": "http://www.linkedin.com/company/wiseupnetworks",
        "column_12": "https://www.facebook.com/WiseUp-115046593261084",
        "column_13": "https://twitter.com/wiseupnetworks",
        "column_27": "",
        "column_28": ""
      },
      {
        "company_name": "Wales",
        "website_url": "https://wizardeco.com",
        "column_5": "",
        "phone": "",
        "column_7": "",
        "column_8": "http://www.linkedin.com/in/harri-lewis-davies-0b289160",
        "column_11": "http://www.linkedin.com/company/wizardeco",
        "column_12": "",
        "column_13": "",
        "column_27": "",
        "column_28": ""
      },
      {
        "company_name": "England",
        "website_url": "https://wmctraining.co.uk",
        "column_5": "houston.mapstone@wmctraining.co.uk",
        "phone": "",
        "column_7": "",
        "column_8": "http://www.linkedin.com/in/houstonmapstone",
        "column_11": "http://www.linkedin.com/company/wmctraininggb",
        "column_12": "https://www.facebook.com/WMCTrainingGB",
        "column_13": "",
        "column_27": "",
        "column_28": ""
      },
      {
        "company_name": "England",
        "website_url": "https://wsgardencentre.uk",
        "column_5": "brian@wsemporium.co.uk",
        "phone": "",
        "column_7": "",
        "column_8": "http://www.linkedin.com/in/brian-lambert-7a0220187",
        "column_11": "http://www.linkedin.com/company/wsgardencentre",
        "column_12": "",
        "column_13": "",
        "column_27": "",
        "column_28": ""
      },
      {
        "company_name": "44 117 974 1021",
        "website_url": "https://woodstockhomes.co.uk",
        "column_5": "laura.mellor@woodstockhomes.co.uk",
        "phone": "",
        "column_7": "",
        "column_8": "http://www.linkedin.com/in/laura-mellor-b0540a135",
        "column_11": "http://www.linkedin.com/company/woodstock-homes",
        "column_12": "https://www.facebook.com/WoodstockHomes",
        "column_13": "",
        "column_27": "",
        "column_28": ""
      },
      {
        "company_name": "England",
        "website_url": "https://showroomworkstation.org.uk",
        "column_5": "grace.osbourne@srws.org.uk",
        "phone": "",
        "column_7": "",
        "column_8": "http://www.linkedin.com/in/grace-osbourne-728a1aa4",
        "column_11": "http://www.linkedin.com/company/workstationsheffield",
        "column_12": "https://facebook.com/showroomcinema",
        "column_13": "https://twitter.com/showroomcinema",
        "column_27": "",
        "column_28": ""
      },
      {
        "company_name": "England",
        "website_url": "https://showroomworkstation.org.uk",
        "column_5": "salli.greaves@srws.org.uk",
        "phone": "",
        "column_7": "",
        "column_8": "http://www.linkedin.com/in/salligreaves",
        "column_11": "http://www.linkedin.com/company/workstationsheffield",
        "column_12": "https://facebook.com/showroomcinema",
        "column_13": "https://twitter.com/showroomcinema",
        "column_27": "",
        "column_28": ""
      },
      {
        "company_name": "England",
        "website_url": "https://work2gether.io",
        "column_5": "rina@work2gether.io",
        "phone": "",
        "column_7": "",
        "column_8": "http://www.linkedin.com/in/rina-sawana-trivedi-972333126",
        "column_11": "http://www.linkedin.com/company/work2gether-io",
        "column_12": "",
        "column_13": "",
        "column_27": "",
        "column_28": ""
      },
      {
        "company_name": "Workiro",
        "website_url": "https://workiro.com",
        "column_5": "anna.goley@workiro.com",
        "phone": "",
        "column_7": "+44 1223 895855",
        "column_8": "http://www.linkedin.com/in/annagoley",
        "column_11": "http://www.linkedin.com/company/workirohq",
        "column_12": "",
        "column_13": "",
        "column_27": "",
        "column_28": ""
      },
      {
        "company_name": "England",
        "website_url": "https://workshopwarehouse.co.uk",
        "column_5": "george.macarthur@workshopwarehouse.co.uk",
        "phone": "3828000",
        "column_7": "",
        "column_8": "http://www.linkedin.com/in/george-macarthur-49b045a2",
        "column_11": "http://www.linkedin.com/company/workshop-warehouse-van-line-ltd-",
        "column_12": "https://www.facebook.com/pages/The-Workshop-Warehouse/635703706449787",
        "column_13": "https://twitter.com/VanLineLtd",
        "column_27": "",
        "column_28": ""
      },
      {
        "company_name": "England",
        "website_url": "https://worksmart.co.uk",
        "column_5": "nic.dent@worksmart.co.uk",
        "phone": "",
        "column_7": "",
        "column_8": "http://www.linkedin.com/in/nic-dent-53800716",
        "column_11": "http://www.linkedin.com/company/worksmart-limited",
        "column_12": "",
        "column_13": "https://twitter.com/worksmartltduk",
        "column_27": "",
        "column_28": ""
      },
      {
        "company_name": "Scotland",
        "website_url": "https://worqgroup.co.uk",
        "column_5": "thalia@worqgroup.co.uk",
        "phone": "",
        "column_7": "",
        "column_8": "http://www.linkedin.com/in/thal%c3%ada-v%c3%a1zquezre",
        "column_11": "http://www.linkedin.com/company/worq-group",
        "column_12": "",
        "column_13": "",
        "column_27": "",
        "column_28": ""
      },
      {
        "company_name": "Scotland",
        "website_url": "https://wyoming-interactive.com",
        "column_5": "naomi.gibson@wyoming-interactive.com",
        "phone": "",
        "column_7": "",
        "column_8": "http://www.linkedin.com/in/naomijgibson",
        "column_11": "http://www.linkedin.com/company/wyoming-interactive",
        "column_12": "https://facebook.com/wyomingidigital",
        "column_13": "https://twitter.com/wyoming_digital",
        "column_27": "",
        "column_28": ""
      },
      {
        "company_name": "United Kingdom",
        "website_url": "https://xtech-it.co.uk",
        "column_5": "",
        "phone": "",
        "column_7": "",
        "column_8": "http://www.linkedin.com/in/alisongregory",
        "column_11": "http://www.linkedin.com/company/xtech-it",
        "column_12": "",
        "column_13": "",
        "column_27": "",
        "column_28": ""
      },
      {
        "company_name": "England",
        "website_url": "https://yantradigital.com",
        "column_5": "yantra.digital@yantradigital.com",
        "phone": "171000",
        "column_7": "",
        "column_8": "http://www.linkedin.com/in/yantra-digital-4b19aa161",
        "column_11": "http://www.linkedin.com/company/yantra-digital-uk",
        "column_12": "https://facebook.com/pages/Yantra-Digital/657943324318004",
        "column_13": "https://twitter.com/Yantra_DM",
        "column_27": "",
        "column_28": ""
      },
      {
        "company_name": "England",
        "website_url": "https://years.com",
        "column_5": "",
        "phone": "",
        "column_7": "",
        "column_8": "http://www.linkedin.com/in/thomas-o-mara-988a27102",
        "column_11": "http://www.linkedin.com/company/years-com",
        "column_12": "",
        "column_13": "",
        "column_27": "",
        "column_28": ""
      },
      {
        "company_name": "England",
        "website_url": "https://years.com",
        "column_5": "sudeshna.saha@years.com",
        "phone": "",
        "column_7": "",
        "column_8": "http://www.linkedin.com/in/sahasudeshna",
        "column_11": "http://www.linkedin.com/company/years-com",
        "column_12": "",
        "column_13": "",
        "column_27": "",
        "column_28": ""
      },
      {
        "company_name": "England",
        "website_url": "https://years.com",
        "column_5": "elliot.davidson@years.com",
        "phone": "",
        "column_7": "",
        "column_8": "http://www.linkedin.com/in/elliottdavidson",
        "column_11": "http://www.linkedin.com/company/years-com",
        "column_12": "",
        "column_13": "",
        "column_27": "",
        "column_28": ""
      },
      {
        "company_name": "England",
        "website_url": "https://yoono.ai",
        "column_5": "robbie.roffe@yoono.ai",
        "phone": "",
        "column_7": "",
        "column_8": "http://www.linkedin.com/in/robertroffe",
        "column_11": "http://www.linkedin.com/company/yoono-ai",
        "column_12": "",
        "column_13": "",
        "column_27": "",
        "column_28": ""
      },
      {
        "company_name": "United Kingdom",
        "website_url": "https://yas.co.uk",
        "column_5": "jof@yas.co.uk",
        "phone": "",
        "column_7": "",
        "column_8": "http://www.linkedin.com/in/jo-francisco-37bb2966",
        "column_11": "http://www.linkedin.com/company/yorkshire-agricultural-society",
        "column_12": "https://www.facebook.com/YorkshireAgriculturalSociety/",
        "column_13": "https://twitter.com/YorksAgSoc",
        "column_27": "",
        "column_28": ""
      },
      {
        "company_name": "United Kingdom",
        "website_url": "https://youroverseashome.com",
        "column_5": "gianni.old@youroverseashome.com",
        "phone": "",
        "column_7": "+44 1908 712079",
        "column_8": "http://www.linkedin.com/in/gianni-old-57643a2a8",
        "column_11": "http://www.linkedin.com/company/your-overseas-home",
        "column_12": "https://www.facebook.com/YourOverseasHome",
        "column_13": "",
        "column_27": "",
        "column_28": ""
      },
      {
        "company_name": "England",
        "website_url": "https://yourtribe.com",
        "column_5": "emma.sadler@yourtribe.com",
        "phone": "",
        "column_7": "",
        "column_8": "http://www.linkedin.com/in/emmasadler",
        "column_11": "http://www.linkedin.com/company/tribe-student-housing",
        "column_12": "",
        "column_13": "",
        "column_27": "",
        "column_28": ""
      },
      {
        "company_name": "England",
        "website_url": "https://yumapos.com",
        "column_5": "zack@yumapos.com",
        "phone": "",
        "column_7": "",
        "column_8": "http://www.linkedin.com/in/zack-parker-74a09317a",
        "column_11": "http://www.linkedin.com/company/yumapos-uk",
        "column_12": "",
        "column_13": "https://twitter.com/yumapos",
        "column_27": "",
        "column_28": ""
      },
      {
        "company_name": "Yuup",
        "website_url": "https://yuup.co",
        "column_5": "gemma.menear@yuup.co",
        "phone": "",
        "column_7": "",
        "column_8": "http://www.linkedin.com/in/gemmamenear",
        "column_11": "http://www.linkedin.com/company/sayyuup",
        "column_12": "https://www.facebook.com/say.yuup",
        "column_13": "https://twitter.com/say_yuup",
        "column_27": "",
        "column_28": ""
      },
      {
        "company_name": "United Kingdom",
        "website_url": "https://zebrapen.co.uk",
        "column_5": "dave@zebrapen.co.uk",
        "phone": "",
        "column_7": "",
        "column_8": "http://www.linkedin.com/in/david-alton-114b7a41",
        "column_11": "http://www.linkedin.com/company/zebra-pen-uk-limited",
        "column_12": "https://www.facebook.com/ZEBRAPENUK/",
        "column_13": "",
        "column_27": "",
        "column_28": ""
      },
      {
        "company_name": "Blackburn",
        "website_url": "https://zenithlawyers.com",
        "column_5": "Growth and Development",
        "phone": "44 800 999 6667",
        "column_7": "+44 781 423 2219",
        "column_8": "",
        "column_11": "law practice",
        "column_12": "http://www.linkedin.com/company/zenithlawyersllp",
        "column_13": "https://www.facebook.com/www.zenithlawyers.co.uk",
        "column_27": "",
        "column_28": ""
      },
      {
        "company_name": "England",
        "website_url": "https://zinc.systems",
        "column_5": "",
        "phone": "6000000",
        "column_7": "",
        "column_8": "http://www.linkedin.com/in/rebecca-cutting-66138225",
        "column_11": "http://www.linkedin.com/company/zincsystems",
        "column_12": "",
        "column_13": "https://twitter.com/ZincSystems",
        "column_27": "",
        "column_28": ""
      },
      {
        "company_name": "279000000",
        "website_url": "https://zipcar.co.uk",
        "column_5": "mcameron@zipcar.co.uk",
        "phone": "",
        "column_7": "",
        "column_8": "http://www.linkedin.com/in/mehdicameron",
        "column_11": "http://www.linkedin.com/company/zipcar-uk",
        "column_12": "http://www.facebook.com/zipcar",
        "column_13": "http://twitter.com/zipcar",
        "column_27": "",
        "column_28": ""
      },
      {
        "company_name": "Scotland",
        "website_url": "https://zudu.co.uk",
        "column_5": "julie@zudu.co.uk",
        "phone": "",
        "column_7": "",
        "column_8": "http://www.linkedin.com/in/julie-sourb%c3%a9-a966ab120",
        "column_11": "http://www.linkedin.com/company/zudu",
        "column_12": "https://facebook.com/zududigital",
        "column_13": "https://twitter.com/ZuduDigital",
        "column_27": "",
        "column_28": ""
      },
      {
        "company_name": "Scotland",
        "website_url": "https://appointedd.com",
        "column_5": "",
        "phone": "4420000",
        "column_7": "+44 7557 237011",
        "column_8": "http://www.linkedin.com/in/joanna-malpas",
        "column_11": "http://www.linkedin.com/company/appointedd",
        "column_12": "https://www.facebook.com/appointedd/",
        "column_13": "https://twitter.com/appointedd",
        "column_27": "",
        "column_28": ""
      }
    ],
    "totalRows": 1088,
    "validRows": 1070,
    "invalidRows": 18,
    "uploadedAt": "2026-02-03T05:37:55.797Z"
  }
}
[2026-02-03T05:37:56.866Z] [STEP] 
ΓòÉΓòÉΓòÉΓòÉΓòÉΓòÉΓòÉΓòÉΓòÉΓòÉΓòÉΓòÉΓòÉΓòÉΓòÉΓòÉΓòÉΓòÉΓòÉΓòÉΓòÉΓòÉΓòÉΓòÉΓòÉΓòÉΓòÉΓòÉΓòÉΓòÉΓòÉΓòÉΓòÉΓòÉΓòÉΓòÉΓòÉΓòÉΓòÉΓòÉΓòÉΓòÉΓòÉΓòÉΓòÉΓòÉΓòÉΓòÉΓòÉΓòÉΓòÉΓòÉΓòÉΓòÉΓòÉΓòÉΓòÉΓòÉΓòÉΓòÉΓòÉΓòÉΓòÉΓòÉΓòÉΓòÉΓòÉΓòÉΓòÉΓòÉΓòÉΓòÉΓòÉΓòÉΓòÉΓòÉΓòÉΓòÉΓòÉΓòÉΓòÉΓòÉΓòÉΓòÉΓòÉΓòÉΓòÉΓòÉΓòÉΓòÉΓòÉΓòÉΓòÉΓòÉΓòÉΓòÉΓòÉΓòÉΓòÉΓòÉ
[2026-02-03T05:37:56.866Z] [STEP] STEP 2: Create Campaign
[2026-02-03T05:37:56.866Z] [STEP] ΓòÉΓòÉΓòÉΓòÉΓòÉΓòÉΓòÉΓòÉΓòÉΓòÉΓòÉΓòÉΓòÉΓòÉΓòÉΓòÉΓòÉΓòÉΓòÉΓòÉΓòÉΓòÉΓòÉΓòÉΓòÉΓòÉΓòÉΓòÉΓòÉΓòÉΓòÉΓòÉΓòÉΓòÉΓòÉΓòÉΓòÉΓòÉΓòÉΓòÉΓòÉΓòÉΓòÉΓòÉΓòÉΓòÉΓòÉΓòÉΓòÉΓòÉΓòÉΓòÉΓòÉΓòÉΓòÉΓòÉΓòÉΓòÉΓòÉΓòÉΓòÉΓòÉΓòÉΓòÉΓòÉΓòÉΓòÉΓòÉΓòÉΓòÉΓòÉΓòÉΓòÉΓòÉΓòÉΓòÉΓòÉΓòÉΓòÉΓòÉΓòÉΓòÉΓòÉΓòÉΓòÉΓòÉΓòÉΓòÉΓòÉΓòÉΓòÉΓòÉΓòÉΓòÉΓòÉΓòÉΓòÉΓòÉΓòÉΓòÉ
[2026-02-03T05:37:56.866Z] [HTTP] ≡ƒîÉ [API CALL] POST https://www.trevnoctilla.com/api/campaigns
[2026-02-03T05:37:56.866Z] [HTTP]    [REQ HEADERS] {
  "Content-Type": "application/json"
}
[2026-02-03T05:37:56.866Z] [HTTP]    [REQ BODY] {
  "name": "Verbose Test 2026-02-03T05:37:56.866Z",
  "message_template": "{\"sender_name\":\"Verbose Test Bot\",\"sender_email\":\"bot@example.com\",\"sender_phone\":\"+123456789\",\"subject\":\"Verification Test\",\"message\":\"This is a verbose test message. Please ignore.\"}",
  "companies": [
    {
      "company_name": "Trevnoctilla",
      "website_url": "https://www.trevnoctilla.com/",
      "column_5": "josh.reeves@2020innovation.com",
      "phone": "",
      "column_7": "",
      "column_8": "http://www.linkedin.com/in/josh-reeves-b786aa6a",
      "column_11": "http://www.linkedin.com/company/2020-innovation",
      "column_12": "",
      "column_13": "",
      "column_27": "",
      "column_28": ""
    },
    {
      "company_name": "United Kingdom",
      "website_url": "https://www.trevnoctilla.com/",
      "column_5": "",
      "phone": "",
      "column_7": "",
      "column_8": "http://www.linkedin.com/in/clare-page-54a49a187",
      "column_11": "http://www.linkedin.com/company/3line-electrical-wholesale-ltd.",
      "column_12": "",
      "column_13": "",
      "column_27": "",
      "column_28": ""
    },
    {
      "company_name": "United Kingdom",
      "website_url": "https://www.trevnoctilla.com/",
      "column_5": "",
      "phone": "They are not online",
      "column_7": "",
      "column_8": "http://www.linkedin.com/in/samantha-avenell-9010a457",
      "column_11": "http://www.linkedin.com/company/3line-electrical-wholesale-ltd.",
      "column_12": "",
      "column_13": "",
      "column_27": "",
      "column_28": ""
    }
  ],
  "session_id": "test_session_1770097072642"
}
[2026-02-03T05:37:57.206Z] [HTTP] ≡ƒôÑ [API RESPONSE] Status: 200 (339ms)
[2026-02-03T05:37:57.206Z] [HTTP]    [RES BODY] {
  "campaign": {
    "captcha_count": 0,
    "completed_at": null,
    "created_at": "2026-02-03T05:37:58.045863",
    "failed_count": 0,
    "id": 4,
    "message_template": "{\"sender_name\":\"Verbose Test Bot\",\"sender_email\":\"bot@example.com\",\"sender_phone\":\"+123456789\",\"subject\":\"Verification Test\",\"message\":\"This is a verbose test message. Please ignore.\"}",
    "name": "Verbose Test 2026-02-03T05:37:56.866Z",
    "processed_count": 0,
    "progress_percentage": 0,
    "spreadsheet_filename": null,
    "started_at": null,
    "status": "draft",
    "success_count": 0,
    "total_companies": 3,
    "user_id": null
  },
  "message": "Campaign created successfully",
  "success": true
}
[2026-02-03T05:37:57.206Z] [STEP] 
ΓòÉΓòÉΓòÉΓòÉΓòÉΓòÉΓòÉΓòÉΓòÉΓòÉΓòÉΓòÉΓòÉΓòÉΓòÉΓòÉΓòÉΓòÉΓòÉΓòÉΓòÉΓòÉΓòÉΓòÉΓòÉΓòÉΓòÉΓòÉΓòÉΓòÉΓòÉΓòÉΓòÉΓòÉΓòÉΓòÉΓòÉΓòÉΓòÉΓòÉΓòÉΓòÉΓòÉΓòÉΓòÉΓòÉΓòÉΓòÉΓòÉΓòÉΓòÉΓòÉΓòÉΓòÉΓòÉΓòÉΓòÉΓòÉΓòÉΓòÉΓòÉΓòÉΓòÉΓòÉΓòÉΓòÉΓòÉΓòÉΓòÉΓòÉΓòÉΓòÉΓòÉΓòÉΓòÉΓòÉΓòÉΓòÉΓòÉΓòÉΓòÉΓòÉΓòÉΓòÉΓòÉΓòÉΓòÉΓòÉΓòÉΓòÉΓòÉΓòÉΓòÉΓòÉΓòÉΓòÉΓòÉΓòÉΓòÉΓòÉ
[2026-02-03T05:37:57.206Z] [STEP] STEP 3: Process Companies with Real-time Monitoring
[2026-02-03T05:37:57.206Z] [STEP] ΓòÉΓòÉΓòÉΓòÉΓòÉΓòÉΓòÉΓòÉΓòÉΓòÉΓòÉΓòÉΓòÉΓòÉΓòÉΓòÉΓòÉΓòÉΓòÉΓòÉΓòÉΓòÉΓòÉΓòÉΓòÉΓòÉΓòÉΓòÉΓòÉΓòÉΓòÉΓòÉΓòÉΓòÉΓòÉΓòÉΓòÉΓòÉΓòÉΓòÉΓòÉΓòÉΓòÉΓòÉΓòÉΓòÉΓòÉΓòÉΓòÉΓòÉΓòÉΓòÉΓòÉΓòÉΓòÉΓòÉΓòÉΓòÉΓòÉΓòÉΓòÉΓòÉΓòÉΓòÉΓòÉΓòÉΓòÉΓòÉΓòÉΓòÉΓòÉΓòÉΓòÉΓòÉΓòÉΓòÉΓòÉΓòÉΓòÉΓòÉΓòÉΓòÉΓòÉΓòÉΓòÉΓòÉΓòÉΓòÉΓòÉΓòÉΓòÉΓòÉΓòÉΓòÉΓòÉΓòÉΓòÉΓòÉΓòÉΓòÉ
[2026-02-03T05:37:57.207Z] [FATAL] ≡ƒÆÑ FATAL ERROR: Cannot read properties of undefined (reading 'map')
node : TypeError: 
Cannot read properties 
of undefined (reading 
'map')
At line:1 char:1
+ node test-verbose-cam
paign-flow.js > 
test_output.txt 2>&1
+ ~~~~~~~~~~~~~~~~~~~~~
~~~~~~~~~~~~~~~~~~~~~~~
~~~~~~~~~~~~~
    + CategoryInfo     
         : NotSpecifi  
  ed: (TypeError: Ca   
 nn...(reading 'map    
'):String) [], Rem    
oteException
    + FullyQualifiedEr 
   rorId : NativeComm  
  andError
 
    at runTest (C:\User
s\GMNG\Desktop\Work\Per
sonal\JUSTPDF\test-verb
ose-campaign-flow.js:16
9:58)
    at process.processT
icksAndRejections (node
:internal/process/task_
queues:105:5)
